Component: ARM Compiler 6.12 Tool: armlink [5d624300]

==============================================================================

Section Cross References

    main.o(.text.main) refers to smartstraightener.o(.text.readRecord) for readRecord
    main.o(.text.main) refers to fflti.o(.text) for __aeabi_i2f
    main.o(.text.main) refers to faddsub.o(x$fpl$fadd) for __aeabi_fadd
    main.o(.text.main) refers to fcmp.o(i._fgr) for __aeabi_fcmpgt
    main.o(.text.main) refers to fcmp.o(i._fgeq) for __aeabi_fcmpge
    main.o(.text.main) refers to smartstraightener.o(.data.startTemp) for startTemp
    main.o(.text.main) refers to smartstraightener.o(.bss.tempError) for tempError
    main.o(.ARM.exidx.text.main) refers to main.o(.text.main) for [Anonymous Symbol]
    smartstraightener.o(.text.resetPass) refers to rt_memclr.o(.text) for __aeabi_memclr4
    smartstraightener.o(.text.resetPass) refers to smartstraightener.o(.bss..L_MergedGlobals) for [Anonymous Symbol]
    smartstraightener.o(.text.resetPass) refers to smartstraightener.o(.bss.currPass) for currPass
    smartstraightener.o(.text.resetPass) refers to smartstraightener.o(.data.numPass) for numPass
    smartstraightener.o(.ARM.exidx.text.resetPass) refers to smartstraightener.o(.text.resetPass) for [Anonymous Symbol]
    smartstraightener.o(.text.readRecord) refers to smartstraightener.o(.text.average) for average
    smartstraightener.o(.text.readRecord) refers to fcmp.o(i._feq) for __aeabi_fcmpeq
    smartstraightener.o(.text.readRecord) refers to fcmp.o(i._fgr) for __aeabi_fcmpgt
    smartstraightener.o(.text.readRecord) refers to faddsub.o(x$fpl$fsub) for __aeabi_fsub
    smartstraightener.o(.text.readRecord) refers to fcmp.o(i._fls) for __aeabi_fcmplt
    smartstraightener.o(.text.readRecord) refers to smartstraightener.o(.text.calculateTempError) for calculateTempError
    smartstraightener.o(.text.readRecord) refers to smartstraightener.o(.text.resetPass) for resetPass
    smartstraightener.o(.text.readRecord) refers to smartstraightener.o(.bss..L_MergedGlobals) for [Anonymous Symbol]
    smartstraightener.o(.text.readRecord) refers to smartstraightener.o(.bss.currPass) for currPass
    smartstraightener.o(.text.readRecord) refers to smartstraightener.o(.data.numPass) for numPass
    smartstraightener.o(.ARM.exidx.text.readRecord) refers to smartstraightener.o(.text.readRecord) for [Anonymous Symbol]
    smartstraightener.o(.text.average) refers to faddsub.o(x$fpl$fadd) for __aeabi_fadd
    smartstraightener.o(.text.average) refers to fcmp.o(i._fleq) for __aeabi_fcmple
    smartstraightener.o(.text.average) refers to fflti.o(.text) for __aeabi_i2f
    smartstraightener.o(.text.average) refers to fdiv.o(.text) for __aeabi_fdiv
    smartstraightener.o(.ARM.exidx.text.average) refers to smartstraightener.o(.text.average) for [Anonymous Symbol]
    smartstraightener.o(.text.isValidPass) refers to fcmp.o(i._feq) for __aeabi_fcmpeq
    smartstraightener.o(.text.isValidPass) refers to fcmp.o(i._fgr) for __aeabi_fcmpgt
    smartstraightener.o(.text.isValidPass) refers to faddsub.o(x$fpl$fsub) for __aeabi_fsub
    smartstraightener.o(.text.isValidPass) refers to fcmp.o(i._fgeq) for __aeabi_fcmpge
    smartstraightener.o(.ARM.exidx.text.isValidPass) refers to smartstraightener.o(.text.isValidPass) for [Anonymous Symbol]
    smartstraightener.o(.text.calculateTempError) refers to faddsub.o(x$fpl$fsub) for __aeabi_fsub
    smartstraightener.o(.text.calculateTempError) refers to ffixi.o(.text) for __aeabi_f2iz
    smartstraightener.o(.text.calculateTempError) refers to smartstraightener.o(.bss.tempError) for tempError
    smartstraightener.o(.ARM.exidx.text.calculateTempError) refers to smartstraightener.o(.text.calculateTempError) for [Anonymous Symbol]
    smartstraightener.o(.text.getTempError) refers to fflti.o(.text) for __aeabi_i2f
    smartstraightener.o(.text.getTempError) refers to smartstraightener.o(.bss.tempError) for tempError
    smartstraightener.o(.ARM.exidx.text.getTempError) refers to smartstraightener.o(.text.getTempError) for [Anonymous Symbol]
    startup_ht32f52342_52.o(STACK) refers (Special) to heapauxi.o(.text) for __use_two_region_memory
    startup_ht32f52342_52.o(HEAP) refers (Special) to heapauxi.o(.text) for __use_two_region_memory
    startup_ht32f52342_52.o(RESET) refers (Special) to heapauxi.o(.text) for __use_two_region_memory
    startup_ht32f52342_52.o(RESET) refers to startup_ht32f52342_52.o(STACK) for __initial_sp
    startup_ht32f52342_52.o(RESET) refers to system_ht32f5xxxx_01.o(.text.SystemInit) for SystemInit
    startup_ht32f52342_52.o(RESET) refers to __main.o(!!!main) for __main
    startup_ht32f52342_52.o(RESET) refers to startup_ht32f52342_52.o(HEAP) for Heap_Mem
    system_ht32f5xxxx_01.o(.ARM.exidx.text.SystemInit) refers to system_ht32f5xxxx_01.o(.text.SystemInit) for [Anonymous Symbol]
    system_ht32f5xxxx_01.o(.text.SystemCoreClockUpdate) refers to system_ht32f5xxxx_01.o(.data.SystemCoreClock) for SystemCoreClock
    system_ht32f5xxxx_01.o(.ARM.exidx.text.SystemCoreClockUpdate) refers to system_ht32f5xxxx_01.o(.text.SystemCoreClockUpdate) for [Anonymous Symbol]
    __main.o(!!!main) refers to __rtentry.o(.ARM.Collect$$rtentry$$00000000) for __rt_entry
    faddsub.o(x$fpl$fadd) refers (Special) to usenofp.o(x$fpl$usenofp) for __I$use$fp
    faddsub.o(x$fpl$fadd) refers to faddsub.o(x$fpl$fsub) for _fsub1
    faddsub.o(x$fpl$frsb) refers (Special) to usenofp.o(x$fpl$usenofp) for __I$use$fp
    faddsub.o(x$fpl$frsb) refers to faddsub.o(x$fpl$fsub) for _fsub1
    faddsub.o(x$fpl$frsb) refers to faddsub.o(x$fpl$fadd) for _fadd1
    faddsub.o(x$fpl$fsub) refers (Special) to usenofp.o(x$fpl$usenofp) for __I$use$fp
    faddsub.o(x$fpl$fsub) refers to faddsub.o(x$fpl$fadd) for _fadd1
    fcmp.o(i._feq) refers (Special) to usenofp.o(x$fpl$usenofp) for __I$use$fp
    fcmp.o(i._feq) refers to feqf.o(x$fpl$feqf) for _fcmpeq
    fcmp.o(i._fgeq) refers (Special) to usenofp.o(x$fpl$usenofp) for __I$use$fp
    fcmp.o(i._fgeq) refers to fgef.o(x$fpl$fgeqf) for _fcmpge
    fcmp.o(i._fgr) refers (Special) to usenofp.o(x$fpl$usenofp) for __I$use$fp
    fcmp.o(i._fgr) refers to fgef.o(x$fpl$fgeqf) for _fcmpge
    fcmp.o(i._fleq) refers (Special) to usenofp.o(x$fpl$usenofp) for __I$use$fp
    fcmp.o(i._fleq) refers to flef.o(x$fpl$fleqf) for _fcmple
    fcmp.o(i._fls) refers (Special) to usenofp.o(x$fpl$usenofp) for __I$use$fp
    fcmp.o(i._fls) refers to flef.o(x$fpl$fleqf) for _fcmple
    fcmp.o(i._fneq) refers (Special) to usenofp.o(x$fpl$usenofp) for __I$use$fp
    fcmp.o(i._fneq) refers to feqf.o(x$fpl$feqf) for _fcmpeq
    fdiv.o(.text) refers (Special) to usenofp.o(x$fpl$usenofp) for __I$use$fp
    fdiv.o(.text) refers to fdiv.o(.constdata) for .constdata
    fdiv.o(.constdata) refers (Special) to usenofp.o(x$fpl$usenofp) for __I$use$fp
    ffixi.o(.text) refers (Special) to usenofp.o(x$fpl$usenofp) for __I$use$fp
    fflti.o(.text) refers (Special) to usenofp.o(x$fpl$usenofp) for __I$use$fp
    __rtentry.o(.ARM.Collect$$rtentry$$00000000) refers (Special) to __rtentry2.o(.ARM.Collect$$rtentry$$0000000A) for __rt_entry_li
    __rtentry.o(.ARM.Collect$$rtentry$$00000000) refers (Special) to __rtentry2.o(.ARM.Collect$$rtentry$$0000000D) for __rt_entry_main
    __rtentry.o(.ARM.Collect$$rtentry$$00000000) refers (Special) to __rtentry2.o(.ARM.Collect$$rtentry$$0000000C) for __rt_entry_postli_1
    __rtentry.o(.ARM.Collect$$rtentry$$00000000) refers (Special) to __rtentry2.o(.ARM.Collect$$rtentry$$00000009) for __rt_entry_postsh_1
    __rtentry.o(.ARM.Collect$$rtentry$$00000000) refers (Special) to __rtentry2.o(.ARM.Collect$$rtentry$$00000002) for __rt_entry_presh_1
    __rtentry.o(.ARM.Collect$$rtentry$$00000000) refers (Special) to __rtentry4.o(.ARM.Collect$$rtentry$$00000004) for __rt_entry_sh
    feqf.o(x$fpl$feqf) refers (Special) to usenofp.o(x$fpl$usenofp) for __I$use$fp
    feqf.o(x$fpl$feqf) refers to fcmpin.o(.text) for __fpl_fcmp_InfNaN
    fgef.o(x$fpl$fgeqf) refers (Special) to usenofp.o(x$fpl$usenofp) for __I$use$fp
    fgef.o(x$fpl$fgeqf) refers to fcmpin.o(.text) for __fpl_fcmp_InfNaN
    flef.o(x$fpl$fleqf) refers (Special) to usenofp.o(x$fpl$usenofp) for __I$use$fp
    flef.o(x$fpl$fleqf) refers to fcmpin.o(.text) for __fpl_fcmp_InfNaN
    __rtentry2.o(.ARM.Collect$$rtentry$$00000008) refers to boardinit2.o(.text) for _platform_post_stackheap_init
    __rtentry2.o(.ARM.Collect$$rtentry$$0000000A) refers to libinit.o(.ARM.Collect$$libinit$$00000000) for __rt_lib_init
    __rtentry2.o(.ARM.Collect$$rtentry$$0000000B) refers to boardinit3.o(.text) for _platform_post_lib_init
    __rtentry2.o(.ARM.Collect$$rtentry$$0000000D) refers to main.o(.text.main) for main
    __rtentry2.o(.ARM.Collect$$rtentry$$0000000D) refers to exit.o(.text) for exit
    __rtentry2.o(.ARM.exidx) refers to __rtentry2.o(.ARM.Collect$$rtentry$$00000001) for .ARM.Collect$$rtentry$$00000001
    __rtentry2.o(.ARM.exidx) refers to __rtentry2.o(.ARM.Collect$$rtentry$$00000008) for .ARM.Collect$$rtentry$$00000008
    __rtentry2.o(.ARM.exidx) refers to __rtentry2.o(.ARM.Collect$$rtentry$$0000000A) for .ARM.Collect$$rtentry$$0000000A
    __rtentry2.o(.ARM.exidx) refers to __rtentry2.o(.ARM.Collect$$rtentry$$0000000B) for .ARM.Collect$$rtentry$$0000000B
    __rtentry2.o(.ARM.exidx) refers to __rtentry2.o(.ARM.Collect$$rtentry$$0000000D) for .ARM.Collect$$rtentry$$0000000D
    __rtentry4.o(.ARM.Collect$$rtentry$$00000004) refers to sys_stackheap_outer.o(.text) for __user_setup_stackheap
    __rtentry4.o(.ARM.exidx) refers to __rtentry4.o(.ARM.Collect$$rtentry$$00000004) for .ARM.Collect$$rtentry$$00000004
    fcmpin.o(.text) refers (Special) to usenofp.o(x$fpl$usenofp) for __I$use$fp
    fcmpin.o(.text) refers to cmpret.o(.text) for __fpl_cmpreturn
    fcmpin.o(.text) refers to fnan2.o(.text) for __fpl_fcheck_NaN2
    sys_stackheap_outer.o(.text) refers to libspace.o(.text) for __user_perproc_libspace
    sys_stackheap_outer.o(.text) refers to startup_ht32f52342_52.o(RESET) for __user_initial_stackheap
    sys_stackheap_outer.o(__vectab_stack_and_reset_area) refers to tempstk.o(.text) for __temporary_stack_top
    sys_stackheap_outer.o(__vectab_stack_and_reset_area) refers to __main.o(!!!main) for __main
    exit.o(.text) refers to rtexit.o(.ARM.Collect$$rtexit$$00000000) for __rt_exit
    libinit.o(.ARM.Collect$$libinit$$00000000) refers (Special) to libinit2.o(.ARM.Collect$$libinit$$0000002E) for __rt_lib_init_alloca_1
    libinit.o(.ARM.Collect$$libinit$$00000000) refers (Special) to libinit2.o(.ARM.Collect$$libinit$$0000002C) for __rt_lib_init_argv_1
    libinit.o(.ARM.Collect$$libinit$$00000000) refers (Special) to libinit2.o(.ARM.Collect$$libinit$$0000001B) for __rt_lib_init_atexit_1
    libinit.o(.ARM.Collect$$libinit$$00000000) refers (Special) to libinit2.o(.ARM.Collect$$libinit$$00000021) for __rt_lib_init_clock_1
    libinit.o(.ARM.Collect$$libinit$$00000000) refers (Special) to libinit2.o(.ARM.Collect$$libinit$$00000032) for __rt_lib_init_cpp_1
    libinit.o(.ARM.Collect$$libinit$$00000000) refers (Special) to libinit2.o(.ARM.Collect$$libinit$$00000030) for __rt_lib_init_exceptions_1
    libinit.o(.ARM.Collect$$libinit$$00000000) refers (Special) to libinit2.o(.ARM.Collect$$libinit$$00000002) for __rt_lib_init_fp_1
    libinit.o(.ARM.Collect$$libinit$$00000000) refers (Special) to libinit2.o(.ARM.Collect$$libinit$$0000001F) for __rt_lib_init_fp_trap_1
    libinit.o(.ARM.Collect$$libinit$$00000000) refers (Special) to libinit2.o(.ARM.Collect$$libinit$$00000023) for __rt_lib_init_getenv_1
    libinit.o(.ARM.Collect$$libinit$$00000000) refers (Special) to libinit2.o(.ARM.Collect$$libinit$$0000000A) for __rt_lib_init_heap_1
    libinit.o(.ARM.Collect$$libinit$$00000000) refers (Special) to libinit2.o(.ARM.Collect$$libinit$$00000011) for __rt_lib_init_lc_collate_1
    libinit.o(.ARM.Collect$$libinit$$00000000) refers (Special) to libinit2.o(.ARM.Collect$$libinit$$00000013) for __rt_lib_init_lc_ctype_1
    libinit.o(.ARM.Collect$$libinit$$00000000) refers (Special) to libinit2.o(.ARM.Collect$$libinit$$00000015) for __rt_lib_init_lc_monetary_1
    libinit.o(.ARM.Collect$$libinit$$00000000) refers (Special) to libinit2.o(.ARM.Collect$$libinit$$00000017) for __rt_lib_init_lc_numeric_1
    libinit.o(.ARM.Collect$$libinit$$00000000) refers (Special) to libinit2.o(.ARM.Collect$$libinit$$00000019) for __rt_lib_init_lc_time_1
    libinit.o(.ARM.Collect$$libinit$$00000000) refers (Special) to libinit2.o(.ARM.Collect$$libinit$$00000004) for __rt_lib_init_preinit_1
    libinit.o(.ARM.Collect$$libinit$$00000000) refers (Special) to libinit2.o(.ARM.Collect$$libinit$$0000000E) for __rt_lib_init_rand_1
    libinit.o(.ARM.Collect$$libinit$$00000000) refers (Special) to libinit2.o(.ARM.Collect$$libinit$$00000033) for __rt_lib_init_return
    libinit.o(.ARM.Collect$$libinit$$00000000) refers (Special) to libinit2.o(.ARM.Collect$$libinit$$0000001D) for __rt_lib_init_signal_1
    libinit.o(.ARM.Collect$$libinit$$00000000) refers (Special) to libinit2.o(.ARM.Collect$$libinit$$00000025) for __rt_lib_init_stdio_1
    libinit.o(.ARM.Collect$$libinit$$00000000) refers (Special) to libinit2.o(.ARM.Collect$$libinit$$0000000C) for __rt_lib_init_user_alloc_1
    cmpret.o(.text) refers (Special) to usenofp.o(x$fpl$usenofp) for __I$use$fp
    fnan2.o(.text) refers (Special) to usenofp.o(x$fpl$usenofp) for __I$use$fp
    fnan2.o(.text) refers to retnan.o(.text) for __fpl_return_NaN
    libspace.o(.text) refers to libspace.o(.bss) for __libspace_start
    rtexit.o(.ARM.Collect$$rtexit$$00000000) refers (Special) to rtexit2.o(.ARM.Collect$$rtexit$$00000004) for __rt_exit_exit
    rtexit.o(.ARM.Collect$$rtexit$$00000000) refers (Special) to rtexit2.o(.ARM.Collect$$rtexit$$00000003) for __rt_exit_ls
    rtexit.o(.ARM.Collect$$rtexit$$00000000) refers (Special) to rtexit2.o(.ARM.Collect$$rtexit$$00000002) for __rt_exit_prels_1
    rtexit.o(.ARM.exidx) refers (Special) to rtexit2.o(.ARM.Collect$$rtexit$$00000004) for __rt_exit_exit
    rtexit.o(.ARM.exidx) refers (Special) to rtexit2.o(.ARM.Collect$$rtexit$$00000003) for __rt_exit_ls
    rtexit.o(.ARM.exidx) refers (Special) to rtexit2.o(.ARM.Collect$$rtexit$$00000002) for __rt_exit_prels_1
    rtexit.o(.ARM.exidx) refers to rtexit.o(.ARM.Collect$$rtexit$$00000000) for .ARM.Collect$$rtexit$$00000000
    libinit2.o(.ARM.Collect$$libinit$$00000010) refers to libinit2.o(.ARM.Collect$$libinit$$0000000F) for .ARM.Collect$$libinit$$0000000F
    libinit2.o(.ARM.Collect$$libinit$$00000012) refers to libinit2.o(.ARM.Collect$$libinit$$0000000F) for .ARM.Collect$$libinit$$0000000F
    libinit2.o(.ARM.Collect$$libinit$$00000014) refers to libinit2.o(.ARM.Collect$$libinit$$0000000F) for .ARM.Collect$$libinit$$0000000F
    libinit2.o(.ARM.Collect$$libinit$$00000016) refers to libinit2.o(.ARM.Collect$$libinit$$0000000F) for .ARM.Collect$$libinit$$0000000F
    libinit2.o(.ARM.Collect$$libinit$$00000018) refers to libinit2.o(.ARM.Collect$$libinit$$0000000F) for .ARM.Collect$$libinit$$0000000F
    libinit2.o(.ARM.Collect$$libinit$$00000026) refers to argv_veneer.o(.text) for __ARM_argv_veneer
    libinit2.o(.ARM.Collect$$libinit$$00000027) refers to argv_veneer.o(.text) for __ARM_argv_veneer
    retnan.o(.text) refers (Special) to usenofp.o(x$fpl$usenofp) for __I$use$fp
    retnan.o(.text) refers to cmpret.o(.text) for __fpl_cmpreturn
    rtexit2.o(.ARM.Collect$$rtexit$$00000003) refers to libshutdown.o(.ARM.Collect$$libshutdown$$00000000) for __rt_lib_shutdown
    rtexit2.o(.ARM.Collect$$rtexit$$00000004) refers to sys_exit.o(.text) for _sys_exit
    rtexit2.o(.ARM.exidx) refers to rtexit2.o(.ARM.Collect$$rtexit$$00000001) for .ARM.Collect$$rtexit$$00000001
    rtexit2.o(.ARM.exidx) refers to rtexit2.o(.ARM.Collect$$rtexit$$00000003) for .ARM.Collect$$rtexit$$00000003
    rtexit2.o(.ARM.exidx) refers to rtexit2.o(.ARM.Collect$$rtexit$$00000004) for .ARM.Collect$$rtexit$$00000004
    sys_exit.o(.text) refers (Special) to use_no_semi.o(.text) for __I$use$semihosting
    sys_exit.o(.text) refers (Special) to indicate_semi.o(.text) for __semihosting_library_function
    sys_exit_hlt.o(.text) refers (Special) to use_no_semi.o(.text) for __I$use$semihosting
    sys_exit_hlt.o(.text) refers (Special) to indicate_semi.o(.text) for __semihosting_library_function
    _get_argv_nomalloc.o(.text) refers (Special) to hrguard.o(.text) for __heap_region$guard
    _get_argv_nomalloc.o(.text) refers to defsig_rtmem_outer.o(.text) for __rt_SIGRTMEM
    _get_argv_nomalloc.o(.text) refers to sys_command.o(.text) for _sys_command_string
    libshutdown.o(.ARM.Collect$$libshutdown$$00000000) refers (Special) to libshutdown2.o(.ARM.Collect$$libshutdown$$00000002) for __rt_lib_shutdown_cpp_1
    libshutdown.o(.ARM.Collect$$libshutdown$$00000000) refers (Special) to libshutdown2.o(.ARM.Collect$$libshutdown$$00000007) for __rt_lib_shutdown_fp_trap_1
    libshutdown.o(.ARM.Collect$$libshutdown$$00000000) refers (Special) to libshutdown2.o(.ARM.Collect$$libshutdown$$0000000F) for __rt_lib_shutdown_heap_1
    libshutdown.o(.ARM.Collect$$libshutdown$$00000000) refers (Special) to libshutdown2.o(.ARM.Collect$$libshutdown$$00000010) for __rt_lib_shutdown_return
    libshutdown.o(.ARM.Collect$$libshutdown$$00000000) refers (Special) to libshutdown2.o(.ARM.Collect$$libshutdown$$0000000A) for __rt_lib_shutdown_signal_1
    libshutdown.o(.ARM.Collect$$libshutdown$$00000000) refers (Special) to libshutdown2.o(.ARM.Collect$$libshutdown$$00000004) for __rt_lib_shutdown_stdio_1
    libshutdown.o(.ARM.Collect$$libshutdown$$00000000) refers (Special) to libshutdown2.o(.ARM.Collect$$libshutdown$$0000000C) for __rt_lib_shutdown_user_alloc_1
    sys_command.o(.text) refers (Special) to use_no_semi.o(.text) for __I$use$semihosting
    sys_command.o(.text) refers (Special) to indicate_semi.o(.text) for __semihosting_library_function
    sys_command_hlt.o(.text) refers (Special) to use_no_semi.o(.text) for __I$use$semihosting
    sys_command_hlt.o(.text) refers (Special) to indicate_semi.o(.text) for __semihosting_library_function
    defsig_rtmem_outer.o(.text) refers to defsig_rtmem_inner.o(.text) for __rt_SIGRTMEM_inner
    defsig_rtmem_outer.o(.text) refers to defsig_exit.o(.text) for __sig_exit
    defsig_rtmem_formal.o(.text) refers to rt_raise.o(.text) for __rt_raise
    rt_raise.o(.text) refers to __raise.o(.text) for __raise
    rt_raise.o(.text) refers to sys_exit.o(.text) for _sys_exit
    defsig_exit.o(.text) refers to sys_exit.o(.text) for _sys_exit
    defsig_rtmem_inner.o(.text) refers to defsig_general.o(.text) for __default_signal_display
    __raise.o(.text) refers to defsig.o(CL$$defsig) for __default_signal_handler
    defsig_general.o(.text) refers to sys_wrch.o(.text) for _ttywrch
    sys_wrch.o(.text) refers (Special) to use_no_semi.o(.text) for __I$use$semihosting
    sys_wrch.o(.text) refers (Special) to indicate_semi.o(.text) for __semihosting_library_function
    sys_wrch_hlt.o(.text) refers (Special) to use_no_semi.o(.text) for __I$use$semihosting
    sys_wrch_hlt.o(.text) refers (Special) to indicate_semi.o(.text) for __semihosting_library_function
    defsig.o(CL$$defsig) refers to defsig_rtmem_inner.o(.text) for __rt_SIGRTMEM_inner
    defsig_abrt_inner.o(.text) refers to defsig_general.o(.text) for __default_signal_display
    defsig_fpe_inner.o(.text) refers to defsig_general.o(.text) for __default_signal_display
    defsig_rtred_inner.o(.text) refers to defsig_general.o(.text) for __default_signal_display
    defsig_stak_inner.o(.text) refers to defsig_general.o(.text) for __default_signal_display
    defsig_pvfn_inner.o(.text) refers to defsig_general.o(.text) for __default_signal_display
    defsig_cppl_inner.o(.text) refers to defsig_general.o(.text) for __default_signal_display
    defsig_segv_inner.o(.text) refers to defsig_general.o(.text) for __default_signal_display
    defsig_other.o(.text) refers to defsig_general.o(.text) for __default_signal_display


==============================================================================

Removing Unused input sections from the image.

    Removing main.o(.text), (0 bytes).
    Removing main.o(.ARM.exidx.text.main), (8 bytes).
    Removing main.o(.ARM.use_no_argv), (4 bytes).
    Removing smartstraightener.o(.text), (0 bytes).
    Removing smartstraightener.o(.ARM.exidx.text.resetPass), (8 bytes).
    Removing smartstraightener.o(.ARM.exidx.text.readRecord), (8 bytes).
    Removing smartstraightener.o(.ARM.exidx.text.average), (8 bytes).
    Removing smartstraightener.o(.text.isValidPass), (96 bytes).
    Removing smartstraightener.o(.ARM.exidx.text.isValidPass), (8 bytes).
    Removing smartstraightener.o(.ARM.exidx.text.calculateTempError), (8 bytes).
    Removing smartstraightener.o(.text.getTempError), (16 bytes).
    Removing smartstraightener.o(.ARM.exidx.text.getTempError), (8 bytes).
    Removing system_ht32f5xxxx_01.o(.text), (0 bytes).
    Removing system_ht32f5xxxx_01.o(.ARM.exidx.text.SystemInit), (8 bytes).
    Removing system_ht32f5xxxx_01.o(.text.SystemCoreClockUpdate), (120 bytes).
    Removing system_ht32f5xxxx_01.o(.ARM.exidx.text.SystemCoreClockUpdate), (8 bytes).
    Removing system_ht32f5xxxx_01.o(.data.SystemCoreClock), (4 bytes).

17 unused section(s) (total 312 bytes) removed from the image.

==============================================================================

Image Symbol Table

    Local Symbols

    Symbol Name                              Value     Ov Type        Size  Object(Section)

    ../clib/angel/boardlib.s                 0x00000000   Number         0  boardinit1.o ABSOLUTE
    ../clib/angel/boardlib.s                 0x00000000   Number         0  boardinit2.o ABSOLUTE
    ../clib/angel/boardlib.s                 0x00000000   Number         0  boardinit3.o ABSOLUTE
    ../clib/angel/boardlib.s                 0x00000000   Number         0  boardshut.o ABSOLUTE
    ../clib/angel/handlers.s                 0x00000000   Number         0  __scatter_copy.o ABSOLUTE
    ../clib/angel/handlers.s                 0x00000000   Number         0  __scatter_zi.o ABSOLUTE
    ../clib/angel/kernel.s                   0x00000000   Number         0  __rtentry.o ABSOLUTE
    ../clib/angel/kernel.s                   0x00000000   Number         0  __rtentry2.o ABSOLUTE
    ../clib/angel/kernel.s                   0x00000000   Number         0  __rtentry4.o ABSOLUTE
    ../clib/angel/kernel.s                   0x00000000   Number         0  rtexit.o ABSOLUTE
    ../clib/angel/kernel.s                   0x00000000   Number         0  rtexit2.o ABSOLUTE
    ../clib/angel/rt.s                       0x00000000   Number         0  rt_raise.o ABSOLUTE
    ../clib/angel/scatterp.s                 0x00000000   Number         0  __scatter.o ABSOLUTE
    ../clib/angel/startup.s                  0x00000000   Number         0  __main.o ABSOLUTE
    ../clib/angel/sys.s                      0x00000000   Number         0  sys_stackheap_outer.o ABSOLUTE
    ../clib/angel/sys.s                      0x00000000   Number         0  libspace.o ABSOLUTE
    ../clib/angel/sys.s                      0x00000000   Number         0  tempstk.o ABSOLUTE
    ../clib/angel/sys.s                      0x00000000   Number         0  use_no_semi.o ABSOLUTE
    ../clib/angel/sys.s                      0x00000000   Number         0  indicate_semi.o ABSOLUTE
    ../clib/angel/sysapp.c                   0x00000000   Number         0  sys_exit.o ABSOLUTE
    ../clib/angel/sysapp.c                   0x00000000   Number         0  sys_exit_hlt.o ABSOLUTE
    ../clib/angel/sysapp.c                   0x00000000   Number         0  sys_command.o ABSOLUTE
    ../clib/angel/sysapp.c                   0x00000000   Number         0  sys_command_hlt.o ABSOLUTE
    ../clib/angel/sysapp.c                   0x00000000   Number         0  sys_wrch.o ABSOLUTE
    ../clib/angel/sysapp.c                   0x00000000   Number         0  sys_wrch_hlt.o ABSOLUTE
    ../clib/armsys.c                         0x00000000   Number         0  argv_veneer.o ABSOLUTE
    ../clib/armsys.c                         0x00000000   Number         0  _get_argv_nomalloc.o ABSOLUTE
    ../clib/armsys.c                         0x00000000   Number         0  no_argv.o ABSOLUTE
    ../clib/heapalloc.c                      0x00000000   Number         0  hrguard.o ABSOLUTE
    ../clib/heapaux.c                        0x00000000   Number         0  heapauxi.o ABSOLUTE
    ../clib/libinit.s                        0x00000000   Number         0  libinit.o ABSOLUTE
    ../clib/libinit.s                        0x00000000   Number         0  libinit2.o ABSOLUTE
    ../clib/libinit.s                        0x00000000   Number         0  libshutdown.o ABSOLUTE
    ../clib/libinit.s                        0x00000000   Number         0  libshutdown2.o ABSOLUTE
    ../clib/memcpset.c                       0x00000000   Number         0  rt_memclr.o ABSOLUTE
    ../clib/signal.c                         0x00000000   Number         0  defsig_rtmem_outer.o ABSOLUTE
    ../clib/signal.c                         0x00000000   Number         0  defsig_rtmem_formal.o ABSOLUTE
    ../clib/signal.c                         0x00000000   Number         0  defsig_exit.o ABSOLUTE
    ../clib/signal.c                         0x00000000   Number         0  defsig_rtmem_inner.o ABSOLUTE
    ../clib/signal.c                         0x00000000   Number         0  __raise.o ABSOLUTE
    ../clib/signal.c                         0x00000000   Number         0  defsig_general.o ABSOLUTE
    ../clib/signal.c                         0x00000000   Number         0  defsig_abrt_inner.o ABSOLUTE
    ../clib/signal.c                         0x00000000   Number         0  defsig_fpe_inner.o ABSOLUTE
    ../clib/signal.c                         0x00000000   Number         0  defsig_rtred_inner.o ABSOLUTE
    ../clib/signal.c                         0x00000000   Number         0  defsig_stak_inner.o ABSOLUTE
    ../clib/signal.c                         0x00000000   Number         0  defsig_pvfn_inner.o ABSOLUTE
    ../clib/signal.c                         0x00000000   Number         0  defsig_cppl_inner.o ABSOLUTE
    ../clib/signal.c                         0x00000000   Number         0  defsig_segv_inner.o ABSOLUTE
    ../clib/signal.c                         0x00000000   Number         0  defsig_other.o ABSOLUTE
    ../clib/signal.s                         0x00000000   Number         0  defsig.o ABSOLUTE
    ../clib/stdlib.c                         0x00000000   Number         0  exit.o ABSOLUTE
    ../fplib/cfplib/cmp.c                    0x00000000   Number         0  fcmp.o ABSOLUTE
    ../fplib/cfplib/cmpret.c                 0x00000000   Number         0  cmpret.o ABSOLUTE
    ../fplib/cfplib/fcmpin.c                 0x00000000   Number         0  fcmpin.o ABSOLUTE
    ../fplib/cfplib/fdiv.c                   0x00000000   Number         0  fdiv.o ABSOLUTE
    ../fplib/cfplib/ffix.c                   0x00000000   Number         0  ffixi.o ABSOLUTE
    ../fplib/cfplib/fflt.c                   0x00000000   Number         0  fflti.o ABSOLUTE
    ../fplib/cfplib/fpinit.c                 0x00000000   Number         0  fpinit.o ABSOLUTE
    ../fplib/cfplib/nan2.c                   0x00000000   Number         0  fnan2.o ABSOLUTE
    ../fplib/cfplib/retnan.c                 0x00000000   Number         0  retnan.o ABSOLUTE
    ../fplib/faddsub6m.s                     0x00000000   Number         0  faddsub.o ABSOLUTE
    ../fplib/feqf6m.s                        0x00000000   Number         0  feqf.o ABSOLUTE
    ../fplib/fgeqf6m.s                       0x00000000   Number         0  fgef.o ABSOLUTE
    ../fplib/fleqf6m.s                       0x00000000   Number         0  flef.o ABSOLUTE
    ../fplib/usenofp.s                       0x00000000   Number         0  usenofp.o ABSOLUTE
    RTE\Device\HT32F52352\startup_ht32f52342_52.s 0x00000000   Number         0  startup_ht32f52342_52.o ABSOLUTE
    dc.s                                     0x00000000   Number         0  dc.o ABSOLUTE
    main.c                                   0x00000000   Number         0  main.o ABSOLUTE
    smartStraightener.c                      0x00000000   Number         0  smartstraightener.o ABSOLUTE
    system_ht32f5xxxx_01.c                   0x00000000   Number         0  system_ht32f5xxxx_01.o ABSOLUTE
    RESET                                    0x00000000   Section      376  startup_ht32f52342_52.o(RESET)
    BootProcess                              0x000000c9   Thumb Code    94  startup_ht32f52342_52.o(RESET)
    !!!main                                  0x00000178   Section        8  __main.o(!!!main)
    !!!scatter                               0x00000180   Section       60  __scatter.o(!!!scatter)
    !!handler_copy                           0x000001bc   Section       26  __scatter_copy.o(!!handler_copy)
    !!handler_zi                             0x000001d8   Section       28  __scatter_zi.o(!!handler_zi)
    .ARM.Collect$$libinit$$00000000          0x000001f4   Section        2  libinit.o(.ARM.Collect$$libinit$$00000000)
    .ARM.Collect$$libinit$$00000002          0x000001f6   Section        0  libinit2.o(.ARM.Collect$$libinit$$00000002)
    .ARM.Collect$$libinit$$00000004          0x000001f6   Section        0  libinit2.o(.ARM.Collect$$libinit$$00000004)
    .ARM.Collect$$libinit$$0000000A          0x000001f6   Section        0  libinit2.o(.ARM.Collect$$libinit$$0000000A)
    .ARM.Collect$$libinit$$0000000C          0x000001f6   Section        0  libinit2.o(.ARM.Collect$$libinit$$0000000C)
    .ARM.Collect$$libinit$$0000000E          0x000001f6   Section        0  libinit2.o(.ARM.Collect$$libinit$$0000000E)
    .ARM.Collect$$libinit$$00000011          0x000001f6   Section        0  libinit2.o(.ARM.Collect$$libinit$$00000011)
    .ARM.Collect$$libinit$$00000013          0x000001f6   Section        0  libinit2.o(.ARM.Collect$$libinit$$00000013)
    .ARM.Collect$$libinit$$00000015          0x000001f6   Section        0  libinit2.o(.ARM.Collect$$libinit$$00000015)
    .ARM.Collect$$libinit$$00000017          0x000001f6   Section        0  libinit2.o(.ARM.Collect$$libinit$$00000017)
    .ARM.Collect$$libinit$$00000019          0x000001f6   Section        0  libinit2.o(.ARM.Collect$$libinit$$00000019)
    .ARM.Collect$$libinit$$0000001B          0x000001f6   Section        0  libinit2.o(.ARM.Collect$$libinit$$0000001B)
    .ARM.Collect$$libinit$$0000001D          0x000001f6   Section        0  libinit2.o(.ARM.Collect$$libinit$$0000001D)
    .ARM.Collect$$libinit$$0000001F          0x000001f6   Section        0  libinit2.o(.ARM.Collect$$libinit$$0000001F)
    .ARM.Collect$$libinit$$00000021          0x000001f6   Section        0  libinit2.o(.ARM.Collect$$libinit$$00000021)
    .ARM.Collect$$libinit$$00000023          0x000001f6   Section        0  libinit2.o(.ARM.Collect$$libinit$$00000023)
    .ARM.Collect$$libinit$$00000025          0x000001f6   Section        0  libinit2.o(.ARM.Collect$$libinit$$00000025)
    .ARM.Collect$$libinit$$0000002C          0x000001f6   Section        0  libinit2.o(.ARM.Collect$$libinit$$0000002C)
    .ARM.Collect$$libinit$$0000002E          0x000001f6   Section        0  libinit2.o(.ARM.Collect$$libinit$$0000002E)
    .ARM.Collect$$libinit$$00000030          0x000001f6   Section        0  libinit2.o(.ARM.Collect$$libinit$$00000030)
    .ARM.Collect$$libinit$$00000032          0x000001f6   Section        0  libinit2.o(.ARM.Collect$$libinit$$00000032)
    .ARM.Collect$$libinit$$00000033          0x000001f6   Section        2  libinit2.o(.ARM.Collect$$libinit$$00000033)
    .ARM.Collect$$libshutdown$$00000000      0x000001f8   Section        2  libshutdown.o(.ARM.Collect$$libshutdown$$00000000)
    .ARM.Collect$$libshutdown$$00000002      0x000001fa   Section        0  libshutdown2.o(.ARM.Collect$$libshutdown$$00000002)
    .ARM.Collect$$libshutdown$$00000004      0x000001fa   Section        0  libshutdown2.o(.ARM.Collect$$libshutdown$$00000004)
    .ARM.Collect$$libshutdown$$00000007      0x000001fa   Section        0  libshutdown2.o(.ARM.Collect$$libshutdown$$00000007)
    .ARM.Collect$$libshutdown$$0000000A      0x000001fa   Section        0  libshutdown2.o(.ARM.Collect$$libshutdown$$0000000A)
    .ARM.Collect$$libshutdown$$0000000C      0x000001fa   Section        0  libshutdown2.o(.ARM.Collect$$libshutdown$$0000000C)
    .ARM.Collect$$libshutdown$$0000000F      0x000001fa   Section        0  libshutdown2.o(.ARM.Collect$$libshutdown$$0000000F)
    .ARM.Collect$$libshutdown$$00000010      0x000001fa   Section        2  libshutdown2.o(.ARM.Collect$$libshutdown$$00000010)
    .ARM.Collect$$rtentry$$00000000          0x000001fc   Section        0  __rtentry.o(.ARM.Collect$$rtentry$$00000000)
    .ARM.Collect$$rtentry$$00000002          0x000001fc   Section        0  __rtentry2.o(.ARM.Collect$$rtentry$$00000002)
    .ARM.Collect$$rtentry$$00000004          0x000001fc   Section        6  __rtentry4.o(.ARM.Collect$$rtentry$$00000004)
    .ARM.Collect$$rtentry$$00000009          0x00000202   Section        0  __rtentry2.o(.ARM.Collect$$rtentry$$00000009)
    .ARM.Collect$$rtentry$$0000000A          0x00000202   Section        4  __rtentry2.o(.ARM.Collect$$rtentry$$0000000A)
    .ARM.Collect$$rtentry$$0000000C          0x00000206   Section        0  __rtentry2.o(.ARM.Collect$$rtentry$$0000000C)
    .ARM.Collect$$rtentry$$0000000D          0x00000206   Section        8  __rtentry2.o(.ARM.Collect$$rtentry$$0000000D)
    .ARM.Collect$$rtexit$$00000000           0x0000020e   Section        2  rtexit.o(.ARM.Collect$$rtexit$$00000000)
    .ARM.Collect$$rtexit$$00000002           0x00000210   Section        0  rtexit2.o(.ARM.Collect$$rtexit$$00000002)
    .ARM.Collect$$rtexit$$00000003           0x00000210   Section        4  rtexit2.o(.ARM.Collect$$rtexit$$00000003)
    .ARM.Collect$$rtexit$$00000004           0x00000214   Section        6  rtexit2.o(.ARM.Collect$$rtexit$$00000004)
    .text                                    0x0000021a   Section        0  rt_memclr.o(.text)
    .text                                    0x0000025a   Section        0  heapauxi.o(.text)
    .text                                    0x00000260   Section        0  fdiv.o(.text)
    .text                                    0x000003c0   Section        0  ffixi.o(.text)
    .text                                    0x0000040c   Section        0  fflti.o(.text)
    .text                                    0x0000046c   Section        0  fcmpin.o(.text)
    .text                                    0x000004d0   Section       62  sys_stackheap_outer.o(.text)
    .text                                    0x0000050e   Section        0  exit.o(.text)
    .text                                    0x0000051e   Section        0  cmpret.o(.text)
    .text                                    0x0000054c   Section        0  fnan2.o(.text)
    .text                                    0x0000055c   Section        8  libspace.o(.text)
    .text                                    0x00000564   Section        0  retnan.o(.text)
    .text                                    0x000005c4   Section        0  sys_exit.o(.text)
    .text                                    0x000005d0   Section        2  use_no_semi.o(.text)
    .text                                    0x000005d2   Section        0  indicate_semi.o(.text)
    [Anonymous Symbol]                       0x000005d4   Section        0  system_ht32f5xxxx_01.o(.text.SystemInit)
    __arm_cp.0_0                             0x000006cc   Number         4  system_ht32f5xxxx_01.o(.text.SystemInit)
    __arm_cp.0_1                             0x000006d0   Number         4  system_ht32f5xxxx_01.o(.text.SystemInit)
    __arm_cp.0_2                             0x000006d4   Number         4  system_ht32f5xxxx_01.o(.text.SystemInit)
    __arm_cp.0_3                             0x000006d8   Number         4  system_ht32f5xxxx_01.o(.text.SystemInit)
    __arm_cp.0_4                             0x000006dc   Number         4  system_ht32f5xxxx_01.o(.text.SystemInit)
    [Anonymous Symbol]                       0x000006e0   Section        0  smartstraightener.o(.text.average)
    [Anonymous Symbol]                       0x00000718   Section        0  smartstraightener.o(.text.calculateTempError)
    __arm_cp.4_0                             0x0000072c   Number         4  smartstraightener.o(.text.calculateTempError)
    [Anonymous Symbol]                       0x00000730   Section        0  main.o(.text.main)
    __arm_cp.0_0                             0x000007b8   Number         4  main.o(.text.main)
    __arm_cp.0_1                             0x000007bc   Number         4  main.o(.text.main)
    __arm_cp.0_2                             0x000007c0   Number         4  main.o(.text.main)
    __arm_cp.0_3                             0x000007c4   Number         4  main.o(.text.main)
    [Anonymous Symbol]                       0x000007c8   Section        0  smartstraightener.o(.text.readRecord)
    __arm_cp.1_2                             0x00000894   Number         4  smartstraightener.o(.text.readRecord)
    [Anonymous Symbol]                       0x00000898   Section        0  smartstraightener.o(.text.resetPass)
    __arm_cp.0_0                             0x000008c4   Number         4  smartstraightener.o(.text.resetPass)
    __arm_cp.0_1                             0x000008c8   Number         4  smartstraightener.o(.text.resetPass)
    __arm_cp.0_2                             0x000008cc   Number         4  smartstraightener.o(.text.resetPass)
    i._feq                                   0x000008d0   Section        0  fcmp.o(i._feq)
    i._fgeq                                  0x000008e6   Section        0  fcmp.o(i._fgeq)
    i._fgr                                   0x000008fc   Section        0  fcmp.o(i._fgr)
    i._fleq                                  0x00000912   Section        0  fcmp.o(i._fleq)
    i._fls                                   0x0000092c   Section        0  fcmp.o(i._fls)
    x$fpl$fadd                               0x00000944   Section      140  faddsub.o(x$fpl$fadd)
    _fadd1                                   0x00000951   Thumb Code     0  faddsub.o(x$fpl$fadd)
    x$fpl$feqf                               0x000009d0   Section       84  feqf.o(x$fpl$feqf)
    x$fpl$fgeqf                              0x00000a24   Section       84  fgef.o(x$fpl$fgeqf)
    x$fpl$fleqf                              0x00000a78   Section       84  flef.o(x$fpl$fleqf)
    x$fpl$fsub                               0x00000acc   Section      208  faddsub.o(x$fpl$fsub)
    _fsub1                                   0x00000ad9   Thumb Code     0  faddsub.o(x$fpl$fsub)
    fdiv_tab                                 0x00000b9c   Data          64  fdiv.o(.constdata)
    .constdata                               0x00000b9c   Section       64  fdiv.o(.constdata)
    x$fpl$usenofp                            0x00000b9c   Section        0  usenofp.o(x$fpl$usenofp)
    .bss                                     0x20000008   Section       96  libspace.o(.bss)
    [Anonymous Symbol]                       0x20000068   Section        0  smartstraightener.o(.bss..L_MergedGlobals)
    Heap_Mem                                 0x20000318   Data           0  startup_ht32f52342_52.o(HEAP)
    Stack_Mem                                0x20000318   Data         512  startup_ht32f52342_52.o(STACK)
    HEAP                                     0x20000318   Section        0  startup_ht32f52342_52.o(HEAP)
    STACK                                    0x20000318   Section      512  startup_ht32f52342_52.o(STACK)
    __initial_sp                             0x20000518   Data           0  startup_ht32f52342_52.o(STACK)

    Global Symbols

    Symbol Name                              Value     Ov Type        Size  Object(Section)

    BuildAttributes$$THM_ISAv3M$S$PE$A:L22$X:L11$S22$IEEE1$IW$~IW$USESV6$~STKCKD$USESV7$~SHL$OSPACE$ROPI$EBA8$UX$STANDARDLIB$REQ8$PRES8$EABIv2 0x00000000   Number         0  anon$$obj.o ABSOLUTE
    __Vectors                                0x00000000   Data           0  startup_ht32f52342_52.o(RESET)
    __ARM_exceptions_init                     - Undefined Weak Reference
    __alloca_initialize                       - Undefined Weak Reference
    __arm_preinit_                            - Undefined Weak Reference
    __cpp_initialize__aeabi_                  - Undefined Weak Reference
    __cxa_finalize                            - Undefined Weak Reference
    __rt_locale                               - Undefined Weak Reference
    __sigvec_lookup                           - Undefined Weak Reference
    _atexit_init                              - Undefined Weak Reference
    _call_atexit_fns                          - Undefined Weak Reference
    _clock_init                               - Undefined Weak Reference
    _fp_trap_init                             - Undefined Weak Reference
    _fp_trap_shutdown                         - Undefined Weak Reference
    _get_lc_collate                           - Undefined Weak Reference
    _get_lc_ctype                             - Undefined Weak Reference
    _get_lc_monetary                          - Undefined Weak Reference
    _get_lc_numeric                           - Undefined Weak Reference
    _get_lc_time                              - Undefined Weak Reference
    _getenv_init                              - Undefined Weak Reference
    _handle_redirection                       - Undefined Weak Reference
    _init_alloc                               - Undefined Weak Reference
    _init_user_alloc                          - Undefined Weak Reference
    _initio                                   - Undefined Weak Reference
    _rand_init                                - Undefined Weak Reference
    _signal_finish                            - Undefined Weak Reference
    _signal_init                              - Undefined Weak Reference
    _terminate_alloc                          - Undefined Weak Reference
    _terminate_user_alloc                     - Undefined Weak Reference
    _terminateio                              - Undefined Weak Reference
    Reset_Handler                            0x000000c1   Thumb Code     8  startup_ht32f52342_52.o(RESET)
    NMI_Handler                              0x00000127   Thumb Code     2  startup_ht32f52342_52.o(RESET)
    HardFault_Handler                        0x00000129   Thumb Code     2  startup_ht32f52342_52.o(RESET)
    SVC_Handler                              0x0000012b   Thumb Code     2  startup_ht32f52342_52.o(RESET)
    PendSV_Handler                           0x0000012d   Thumb Code     2  startup_ht32f52342_52.o(RESET)
    SysTick_Handler                          0x0000012f   Thumb Code     2  startup_ht32f52342_52.o(RESET)
    ADC_IRQHandler                           0x00000131   Thumb Code     0  startup_ht32f52342_52.o(RESET)
    AES_IRQHandler                           0x00000131   Thumb Code     0  startup_ht32f52342_52.o(RESET)
    BFTM0_IRQHandler                         0x00000131   Thumb Code     0  startup_ht32f52342_52.o(RESET)
    BFTM1_IRQHandler                         0x00000131   Thumb Code     0  startup_ht32f52342_52.o(RESET)
    COMP_IRQHandler                          0x00000131   Thumb Code     0  startup_ht32f52342_52.o(RESET)
    EVWUP_IRQHandler                         0x00000131   Thumb Code     0  startup_ht32f52342_52.o(RESET)
    EXTI0_1_IRQHandler                       0x00000131   Thumb Code     0  startup_ht32f52342_52.o(RESET)
    EXTI2_3_IRQHandler                       0x00000131   Thumb Code     0  startup_ht32f52342_52.o(RESET)
    EXTI4_15_IRQHandler                      0x00000131   Thumb Code     0  startup_ht32f52342_52.o(RESET)
    FLASH_IRQHandler                         0x00000131   Thumb Code     0  startup_ht32f52342_52.o(RESET)
    GPTM0_IRQHandler                         0x00000131   Thumb Code     0  startup_ht32f52342_52.o(RESET)
    GPTM1_IRQHandler                         0x00000131   Thumb Code     0  startup_ht32f52342_52.o(RESET)
    I2C0_IRQHandler                          0x00000131   Thumb Code     0  startup_ht32f52342_52.o(RESET)
    I2C1_IRQHandler                          0x00000131   Thumb Code     0  startup_ht32f52342_52.o(RESET)
    I2C2_IRQHandler                          0x00000131   Thumb Code     0  startup_ht32f52342_52.o(RESET)
    I2S_IRQHandler                           0x00000131   Thumb Code     0  startup_ht32f52342_52.o(RESET)
    LVD_BOD_IRQHandler                       0x00000131   Thumb Code     0  startup_ht32f52342_52.o(RESET)
    MCTM0_IRQHandler                         0x00000131   Thumb Code     0  startup_ht32f52342_52.o(RESET)
    MIDI_IRQHandler                          0x00000131   Thumb Code     0  startup_ht32f52342_52.o(RESET)
    PDMA_CH0_1_IRQHandler                    0x00000131   Thumb Code     0  startup_ht32f52342_52.o(RESET)
    PDMA_CH2_5_IRQHandler                    0x00000131   Thumb Code     0  startup_ht32f52342_52.o(RESET)
    PWM0_IRQHandler                          0x00000131   Thumb Code     0  startup_ht32f52342_52.o(RESET)
    PWM1_IRQHandler                          0x00000131   Thumb Code     0  startup_ht32f52342_52.o(RESET)
    QSPI_IRQHandler                          0x00000131   Thumb Code     0  startup_ht32f52342_52.o(RESET)
    RTC_IRQHandler                           0x00000131   Thumb Code     0  startup_ht32f52342_52.o(RESET)
    SCI_IRQHandler                           0x00000131   Thumb Code     0  startup_ht32f52342_52.o(RESET)
    SCTM0_IRQHandler                         0x00000131   Thumb Code     0  startup_ht32f52342_52.o(RESET)
    SCTM1_IRQHandler                         0x00000131   Thumb Code     0  startup_ht32f52342_52.o(RESET)
    SCTM2_IRQHandler                         0x00000131   Thumb Code     0  startup_ht32f52342_52.o(RESET)
    SCTM3_IRQHandler                         0x00000131   Thumb Code     0  startup_ht32f52342_52.o(RESET)
    SPI0_IRQHandler                          0x00000131   Thumb Code     0  startup_ht32f52342_52.o(RESET)
    SPI1_IRQHandler                          0x00000131   Thumb Code     0  startup_ht32f52342_52.o(RESET)
    UART0_IRQHandler                         0x00000131   Thumb Code     0  startup_ht32f52342_52.o(RESET)
    UART1_IRQHandler                         0x00000131   Thumb Code     0  startup_ht32f52342_52.o(RESET)
    UART2_IRQHandler                         0x00000131   Thumb Code     0  startup_ht32f52342_52.o(RESET)
    UART3_IRQHandler                         0x00000131   Thumb Code     0  startup_ht32f52342_52.o(RESET)
    USART0_IRQHandler                        0x00000131   Thumb Code     0  startup_ht32f52342_52.o(RESET)
    USART1_IRQHandler                        0x00000131   Thumb Code     0  startup_ht32f52342_52.o(RESET)
    USB_IRQHandler                           0x00000131   Thumb Code     0  startup_ht32f52342_52.o(RESET)
    __user_initial_stackheap                 0x00000135   Thumb Code     0  startup_ht32f52342_52.o(RESET)
    __main                                   0x00000179   Thumb Code     8  __main.o(!!!main)
    __scatterload                            0x00000181   Thumb Code     0  __scatter.o(!!!scatter)
    __scatterload_rt2                        0x00000181   Thumb Code    52  __scatter.o(!!!scatter)
    __scatterload_rt2_thumb_only             0x00000181   Thumb Code     0  __scatter.o(!!!scatter)
    __scatterload_null                       0x00000191   Thumb Code     0  __scatter.o(!!!scatter)
    __scatterload_copy                       0x000001bd   Thumb Code    26  __scatter_copy.o(!!handler_copy)
    __scatterload_zeroinit                   0x000001d9   Thumb Code    28  __scatter_zi.o(!!handler_zi)
    __rt_lib_init                            0x000001f5   Thumb Code     0  libinit.o(.ARM.Collect$$libinit$$00000000)
    __rt_lib_init_alloca_1                   0x000001f7   Thumb Code     0  libinit2.o(.ARM.Collect$$libinit$$0000002E)
    __rt_lib_init_argv_1                     0x000001f7   Thumb Code     0  libinit2.o(.ARM.Collect$$libinit$$0000002C)
    __rt_lib_init_atexit_1                   0x000001f7   Thumb Code     0  libinit2.o(.ARM.Collect$$libinit$$0000001B)
    __rt_lib_init_clock_1                    0x000001f7   Thumb Code     0  libinit2.o(.ARM.Collect$$libinit$$00000021)
    __rt_lib_init_cpp_1                      0x000001f7   Thumb Code     0  libinit2.o(.ARM.Collect$$libinit$$00000032)
    __rt_lib_init_exceptions_1               0x000001f7   Thumb Code     0  libinit2.o(.ARM.Collect$$libinit$$00000030)
    __rt_lib_init_fp_1                       0x000001f7   Thumb Code     0  libinit2.o(.ARM.Collect$$libinit$$00000002)
    __rt_lib_init_fp_trap_1                  0x000001f7   Thumb Code     0  libinit2.o(.ARM.Collect$$libinit$$0000001F)
    __rt_lib_init_getenv_1                   0x000001f7   Thumb Code     0  libinit2.o(.ARM.Collect$$libinit$$00000023)
    __rt_lib_init_heap_1                     0x000001f7   Thumb Code     0  libinit2.o(.ARM.Collect$$libinit$$0000000A)
    __rt_lib_init_lc_collate_1               0x000001f7   Thumb Code     0  libinit2.o(.ARM.Collect$$libinit$$00000011)
    __rt_lib_init_lc_ctype_1                 0x000001f7   Thumb Code     0  libinit2.o(.ARM.Collect$$libinit$$00000013)
    __rt_lib_init_lc_monetary_1              0x000001f7   Thumb Code     0  libinit2.o(.ARM.Collect$$libinit$$00000015)
    __rt_lib_init_lc_numeric_1               0x000001f7   Thumb Code     0  libinit2.o(.ARM.Collect$$libinit$$00000017)
    __rt_lib_init_lc_time_1                  0x000001f7   Thumb Code     0  libinit2.o(.ARM.Collect$$libinit$$00000019)
    __rt_lib_init_preinit_1                  0x000001f7   Thumb Code     0  libinit2.o(.ARM.Collect$$libinit$$00000004)
    __rt_lib_init_rand_1                     0x000001f7   Thumb Code     0  libinit2.o(.ARM.Collect$$libinit$$0000000E)
    __rt_lib_init_return                     0x000001f7   Thumb Code     0  libinit2.o(.ARM.Collect$$libinit$$00000033)
    __rt_lib_init_signal_1                   0x000001f7   Thumb Code     0  libinit2.o(.ARM.Collect$$libinit$$0000001D)
    __rt_lib_init_stdio_1                    0x000001f7   Thumb Code     0  libinit2.o(.ARM.Collect$$libinit$$00000025)
    __rt_lib_init_user_alloc_1               0x000001f7   Thumb Code     0  libinit2.o(.ARM.Collect$$libinit$$0000000C)
    __rt_lib_shutdown                        0x000001f9   Thumb Code     0  libshutdown.o(.ARM.Collect$$libshutdown$$00000000)
    __rt_lib_shutdown_cpp_1                  0x000001fb   Thumb Code     0  libshutdown2.o(.ARM.Collect$$libshutdown$$00000002)
    __rt_lib_shutdown_fp_trap_1              0x000001fb   Thumb Code     0  libshutdown2.o(.ARM.Collect$$libshutdown$$00000007)
    __rt_lib_shutdown_heap_1                 0x000001fb   Thumb Code     0  libshutdown2.o(.ARM.Collect$$libshutdown$$0000000F)
    __rt_lib_shutdown_return                 0x000001fb   Thumb Code     0  libshutdown2.o(.ARM.Collect$$libshutdown$$00000010)
    __rt_lib_shutdown_signal_1               0x000001fb   Thumb Code     0  libshutdown2.o(.ARM.Collect$$libshutdown$$0000000A)
    __rt_lib_shutdown_stdio_1                0x000001fb   Thumb Code     0  libshutdown2.o(.ARM.Collect$$libshutdown$$00000004)
    __rt_lib_shutdown_user_alloc_1           0x000001fb   Thumb Code     0  libshutdown2.o(.ARM.Collect$$libshutdown$$0000000C)
    __rt_entry                               0x000001fd   Thumb Code     0  __rtentry.o(.ARM.Collect$$rtentry$$00000000)
    __rt_entry_presh_1                       0x000001fd   Thumb Code     0  __rtentry2.o(.ARM.Collect$$rtentry$$00000002)
    __rt_entry_sh                            0x000001fd   Thumb Code     0  __rtentry4.o(.ARM.Collect$$rtentry$$00000004)
    __rt_entry_li                            0x00000203   Thumb Code     0  __rtentry2.o(.ARM.Collect$$rtentry$$0000000A)
    __rt_entry_postsh_1                      0x00000203   Thumb Code     0  __rtentry2.o(.ARM.Collect$$rtentry$$00000009)
    __rt_entry_main                          0x00000207   Thumb Code     0  __rtentry2.o(.ARM.Collect$$rtentry$$0000000D)
    __rt_entry_postli_1                      0x00000207   Thumb Code     0  __rtentry2.o(.ARM.Collect$$rtentry$$0000000C)
    __rt_exit                                0x0000020f   Thumb Code     0  rtexit.o(.ARM.Collect$$rtexit$$00000000)
    __rt_exit_ls                             0x00000211   Thumb Code     0  rtexit2.o(.ARM.Collect$$rtexit$$00000003)
    __rt_exit_prels_1                        0x00000211   Thumb Code     0  rtexit2.o(.ARM.Collect$$rtexit$$00000002)
    __rt_exit_exit                           0x00000215   Thumb Code     0  rtexit2.o(.ARM.Collect$$rtexit$$00000004)
    _memset_w                                0x0000021b   Thumb Code    26  rt_memclr.o(.text)
    _memset                                  0x00000235   Thumb Code    30  rt_memclr.o(.text)
    __aeabi_memclr                           0x00000253   Thumb Code     4  rt_memclr.o(.text)
    __rt_memclr                              0x00000253   Thumb Code     0  rt_memclr.o(.text)
    __aeabi_memclr4                          0x00000257   Thumb Code     0  rt_memclr.o(.text)
    __aeabi_memclr8                          0x00000257   Thumb Code     0  rt_memclr.o(.text)
    __rt_memclr_w                            0x00000257   Thumb Code     4  rt_memclr.o(.text)
    __use_two_region_memory                  0x0000025b   Thumb Code     2  heapauxi.o(.text)
    __rt_heap_escrow$2region                 0x0000025d   Thumb Code     2  heapauxi.o(.text)
    __rt_heap_expand$2region                 0x0000025f   Thumb Code     2  heapauxi.o(.text)
    __aeabi_fdiv                             0x00000261   Thumb Code     0  fdiv.o(.text)
    _fdiv                                    0x00000261   Thumb Code   334  fdiv.o(.text)
    _frdiv                                   0x000003af   Thumb Code     8  fdiv.o(.text)
    __aeabi_f2iz                             0x000003c1   Thumb Code     0  ffixi.o(.text)
    _ffix                                    0x000003c1   Thumb Code    76  ffixi.o(.text)
    __aeabi_i2f_normalise                    0x0000040d   Thumb Code    72  fflti.o(.text)
    __aeabi_i2f                              0x00000455   Thumb Code    16  fflti.o(.text)
    _fflt                                    0x00000455   Thumb Code     0  fflti.o(.text)
    __aeabi_ui2f                             0x00000465   Thumb Code     6  fflti.o(.text)
    _ffltu                                   0x00000465   Thumb Code     0  fflti.o(.text)
    __fpl_fcmp_InfNaN                        0x0000046d   Thumb Code    96  fcmpin.o(.text)
    __user_setup_stackheap                   0x000004d1   Thumb Code    62  sys_stackheap_outer.o(.text)
    exit                                     0x0000050f   Thumb Code    16  exit.o(.text)
    __fpl_cmpreturn                          0x0000051f   Thumb Code    46  cmpret.o(.text)
    __fpl_fcheck_NaN2                        0x0000054d   Thumb Code    10  fnan2.o(.text)
    __user_libspace                          0x0000055d   Thumb Code     8  libspace.o(.text)
    __user_perproc_libspace                  0x0000055d   Thumb Code     0  libspace.o(.text)
    __user_perthread_libspace                0x0000055d   Thumb Code     0  libspace.o(.text)
    __fpl_return_NaN                         0x00000565   Thumb Code    94  retnan.o(.text)
    _sys_exit                                0x000005c5   Thumb Code     8  sys_exit.o(.text)
    __I$use$semihosting                      0x000005d1   Thumb Code     0  use_no_semi.o(.text)
    __use_no_semihosting_swi                 0x000005d1   Thumb Code     2  use_no_semi.o(.text)
    __semihosting_library_function           0x000005d3   Thumb Code     0  indicate_semi.o(.text)
    SystemInit                               0x000005d5   Thumb Code   268  system_ht32f5xxxx_01.o(.text.SystemInit)
    average                                  0x000006e1   Thumb Code    56  smartstraightener.o(.text.average)
    calculateTempError                       0x00000719   Thumb Code    28  smartstraightener.o(.text.calculateTempError)
    main                                     0x00000731   Thumb Code   152  main.o(.text.main)
    readRecord                               0x000007c9   Thumb Code   220  smartstraightener.o(.text.readRecord)
    resetPass                                0x00000899   Thumb Code    56  smartstraightener.o(.text.resetPass)
    __aeabi_fcmpeq                           0x000008d1   Thumb Code     0  fcmp.o(i._feq)
    _feq                                     0x000008d1   Thumb Code    22  fcmp.o(i._feq)
    __aeabi_fcmpge                           0x000008e7   Thumb Code     0  fcmp.o(i._fgeq)
    _fgeq                                    0x000008e7   Thumb Code    22  fcmp.o(i._fgeq)
    __aeabi_fcmpgt                           0x000008fd   Thumb Code     0  fcmp.o(i._fgr)
    _fgr                                     0x000008fd   Thumb Code    22  fcmp.o(i._fgr)
    __aeabi_fcmple                           0x00000913   Thumb Code     0  fcmp.o(i._fleq)
    _fleq                                    0x00000913   Thumb Code    26  fcmp.o(i._fleq)
    __aeabi_fcmplt                           0x0000092d   Thumb Code     0  fcmp.o(i._fls)
    _fls                                     0x0000092d   Thumb Code    22  fcmp.o(i._fls)
    __aeabi_fadd                             0x00000945   Thumb Code     0  faddsub.o(x$fpl$fadd)
    _fadd                                    0x00000945   Thumb Code   134  faddsub.o(x$fpl$fadd)
    __aeabi_cfcmpeq                          0x000009d1   Thumb Code     0  feqf.o(x$fpl$feqf)
    _fcmpeq                                  0x000009d1   Thumb Code    78  feqf.o(x$fpl$feqf)
    _fcmpge                                  0x00000a25   Thumb Code    78  fgef.o(x$fpl$fgeqf)
    __aeabi_cfcmple                          0x00000a79   Thumb Code     0  flef.o(x$fpl$fleqf)
    _fcmple                                  0x00000a79   Thumb Code    78  flef.o(x$fpl$fleqf)
    __aeabi_fsub                             0x00000acd   Thumb Code     0  faddsub.o(x$fpl$fsub)
    _fsub                                    0x00000acd   Thumb Code   204  faddsub.o(x$fpl$fsub)
    __I$use$fp                               0x00000b9c   Number         0  usenofp.o(x$fpl$usenofp)
    Region$$Table$$Base                      0x00000bdc   Number         0  anon$$obj.o(Region$$Table)
    Region$$Table$$Limit                     0x00000bfc   Number         0  anon$$obj.o(Region$$Table)
    numPass                                  0x20000000   Data           4  smartstraightener.o(.data.numPass)
    startTemp                                0x20000004   Data           4  smartstraightener.o(.data.startTemp)
    __libspace_start                         0x20000008   Data          96  libspace.o(.bss)
    __temporary_stack_top$libspace           0x20000068   Data           0  libspace.o(.bss)
    start                                    0x20000068   Data           1  smartstraightener.o(.bss..L_MergedGlobals)
    currArrayIndex                           0x2000006c   Data           4  smartstraightener.o(.bss..L_MergedGlobals)
    passes                                   0x20000070   Data          64  smartstraightener.o(.bss..L_MergedGlobals)
    currPass                                 0x200000b0   Data         608  smartstraightener.o(.bss.currPass)
    tempError                                0x20000310   Data           4  smartstraightener.o(.bss.tempError)



==============================================================================

Memory Map of the image

  Image Entry point : 0x00000179

  Load Region LR_IROM1 (Base: 0x00000000, Size: 0x00000c08, Max: 0x0001fe00, ABSOLUTE)

    Execution Region ER_IROM1 (Exec base: 0x00000000, Load base: 0x00000000, Size: 0x00000bfc, Max: 0x0001fe00, ABSOLUTE)

    Exec Addr    Load Addr    Size         Type   Attr      Idx    E Section Name        Object

    0x00000000   0x00000000   0x00000178   Code   RO           40    RESET               startup_ht32f52342_52.o
    0x00000178   0x00000178   0x00000008   Code   RO           66  * !!!main             c_p.l(__main.o)
    0x00000180   0x00000180   0x0000003c   Code   RO          271    !!!scatter          c_p.l(__scatter.o)
    0x000001bc   0x000001bc   0x0000001a   Code   RO          273    !!handler_copy      c_p.l(__scatter_copy.o)
    0x000001d6   0x000001d6   0x00000002   PAD
    0x000001d8   0x000001d8   0x0000001c   Code   RO          275    !!handler_zi        c_p.l(__scatter_zi.o)
    0x000001f4   0x000001f4   0x00000002   Code   RO          128    .ARM.Collect$$libinit$$00000000  c_p.l(libinit.o)
    0x000001f6   0x000001f6   0x00000000   Code   RO          140    .ARM.Collect$$libinit$$00000002  c_p.l(libinit2.o)
    0x000001f6   0x000001f6   0x00000000   Code   RO          142    .ARM.Collect$$libinit$$00000004  c_p.l(libinit2.o)
    0x000001f6   0x000001f6   0x00000000   Code   RO          145    .ARM.Collect$$libinit$$0000000A  c_p.l(libinit2.o)
    0x000001f6   0x000001f6   0x00000000   Code   RO          147    .ARM.Collect$$libinit$$0000000C  c_p.l(libinit2.o)
    0x000001f6   0x000001f6   0x00000000   Code   RO          149    .ARM.Collect$$libinit$$0000000E  c_p.l(libinit2.o)
    0x000001f6   0x000001f6   0x00000000   Code   RO          152    .ARM.Collect$$libinit$$00000011  c_p.l(libinit2.o)
    0x000001f6   0x000001f6   0x00000000   Code   RO          154    .ARM.Collect$$libinit$$00000013  c_p.l(libinit2.o)
    0x000001f6   0x000001f6   0x00000000   Code   RO          156    .ARM.Collect$$libinit$$00000015  c_p.l(libinit2.o)
    0x000001f6   0x000001f6   0x00000000   Code   RO          158    .ARM.Collect$$libinit$$00000017  c_p.l(libinit2.o)
    0x000001f6   0x000001f6   0x00000000   Code   RO          160    .ARM.Collect$$libinit$$00000019  c_p.l(libinit2.o)
    0x000001f6   0x000001f6   0x00000000   Code   RO          162    .ARM.Collect$$libinit$$0000001B  c_p.l(libinit2.o)
    0x000001f6   0x000001f6   0x00000000   Code   RO          164    .ARM.Collect$$libinit$$0000001D  c_p.l(libinit2.o)
    0x000001f6   0x000001f6   0x00000000   Code   RO          166    .ARM.Collect$$libinit$$0000001F  c_p.l(libinit2.o)
    0x000001f6   0x000001f6   0x00000000   Code   RO          168    .ARM.Collect$$libinit$$00000021  c_p.l(libinit2.o)
    0x000001f6   0x000001f6   0x00000000   Code   RO          170    .ARM.Collect$$libinit$$00000023  c_p.l(libinit2.o)
    0x000001f6   0x000001f6   0x00000000   Code   RO          172    .ARM.Collect$$libinit$$00000025  c_p.l(libinit2.o)
    0x000001f6   0x000001f6   0x00000000   Code   RO          176    .ARM.Collect$$libinit$$0000002C  c_p.l(libinit2.o)
    0x000001f6   0x000001f6   0x00000000   Code   RO          178    .ARM.Collect$$libinit$$0000002E  c_p.l(libinit2.o)
    0x000001f6   0x000001f6   0x00000000   Code   RO          180    .ARM.Collect$$libinit$$00000030  c_p.l(libinit2.o)
    0x000001f6   0x000001f6   0x00000000   Code   RO          182    .ARM.Collect$$libinit$$00000032  c_p.l(libinit2.o)
    0x000001f6   0x000001f6   0x00000002   Code   RO          183    .ARM.Collect$$libinit$$00000033  c_p.l(libinit2.o)
    0x000001f8   0x000001f8   0x00000002   Code   RO          207    .ARM.Collect$$libshutdown$$00000000  c_p.l(libshutdown.o)
    0x000001fa   0x000001fa   0x00000000   Code   RO          222    .ARM.Collect$$libshutdown$$00000002  c_p.l(libshutdown2.o)
    0x000001fa   0x000001fa   0x00000000   Code   RO          224    .ARM.Collect$$libshutdown$$00000004  c_p.l(libshutdown2.o)
    0x000001fa   0x000001fa   0x00000000   Code   RO          227    .ARM.Collect$$libshutdown$$00000007  c_p.l(libshutdown2.o)
    0x000001fa   0x000001fa   0x00000000   Code   RO          230    .ARM.Collect$$libshutdown$$0000000A  c_p.l(libshutdown2.o)
    0x000001fa   0x000001fa   0x00000000   Code   RO          232    .ARM.Collect$$libshutdown$$0000000C  c_p.l(libshutdown2.o)
    0x000001fa   0x000001fa   0x00000000   Code   RO          235    .ARM.Collect$$libshutdown$$0000000F  c_p.l(libshutdown2.o)
    0x000001fa   0x000001fa   0x00000002   Code   RO          236    .ARM.Collect$$libshutdown$$00000010  c_p.l(libshutdown2.o)
    0x000001fc   0x000001fc   0x00000000   Code   RO           93    .ARM.Collect$$rtentry$$00000000  c_p.l(__rtentry.o)
    0x000001fc   0x000001fc   0x00000000   Code   RO          102    .ARM.Collect$$rtentry$$00000002  c_p.l(__rtentry2.o)
    0x000001fc   0x000001fc   0x00000006   Code   RO          114    .ARM.Collect$$rtentry$$00000004  c_p.l(__rtentry4.o)
    0x00000202   0x00000202   0x00000000   Code   RO          104    .ARM.Collect$$rtentry$$00000009  c_p.l(__rtentry2.o)
    0x00000202   0x00000202   0x00000004   Code   RO          105    .ARM.Collect$$rtentry$$0000000A  c_p.l(__rtentry2.o)
    0x00000206   0x00000206   0x00000000   Code   RO          107    .ARM.Collect$$rtentry$$0000000C  c_p.l(__rtentry2.o)
    0x00000206   0x00000206   0x00000008   Code   RO          108    .ARM.Collect$$rtentry$$0000000D  c_p.l(__rtentry2.o)
    0x0000020e   0x0000020e   0x00000002   Code   RO          137    .ARM.Collect$$rtexit$$00000000  c_p.l(rtexit.o)
    0x00000210   0x00000210   0x00000000   Code   RO          187    .ARM.Collect$$rtexit$$00000002  c_p.l(rtexit2.o)
    0x00000210   0x00000210   0x00000004   Code   RO          188    .ARM.Collect$$rtexit$$00000003  c_p.l(rtexit2.o)
    0x00000214   0x00000214   0x00000006   Code   RO          189    .ARM.Collect$$rtexit$$00000004  c_p.l(rtexit2.o)
    0x0000021a   0x0000021a   0x00000040   Code   RO           62    .text               c_p.l(rt_memclr.o)
    0x0000025a   0x0000025a   0x00000006   Code   RO           64    .text               c_p.l(heapauxi.o)
    0x00000260   0x00000260   0x00000160   Code   RO           86    .text               fz_ps.l(fdiv.o)
    0x000003c0   0x000003c0   0x0000004c   Code   RO           89    .text               fz_ps.l(ffixi.o)
    0x0000040c   0x0000040c   0x0000005e   Code   RO           91    .text               fz_ps.l(fflti.o)
    0x0000046a   0x0000046a   0x00000002   PAD
    0x0000046c   0x0000046c   0x00000064   Code   RO          116    .text               fz_ps.l(fcmpin.o)
    0x000004d0   0x000004d0   0x0000003e   Code   RO          118    .text               c_p.l(sys_stackheap_outer.o)
    0x0000050e   0x0000050e   0x00000010   Code   RO          121    .text               c_p.l(exit.o)
    0x0000051e   0x0000051e   0x0000002e   Code   RO          129    .text               fz_ps.l(cmpret.o)
    0x0000054c   0x0000054c   0x00000010   Code   RO          131    .text               fz_ps.l(fnan2.o)
    0x0000055c   0x0000055c   0x00000008   Code   RO          133    .text               c_p.l(libspace.o)
    0x00000564   0x00000564   0x0000005e   Code   RO          184    .text               fz_ps.l(retnan.o)
    0x000005c2   0x000005c2   0x00000002   PAD
    0x000005c4   0x000005c4   0x0000000c   Code   RO          197    .text               c_p.l(sys_exit.o)
    0x000005d0   0x000005d0   0x00000002   Code   RO          212    .text               c_p.l(use_no_semi.o)
    0x000005d2   0x000005d2   0x00000000   Code   RO          214    .text               c_p.l(indicate_semi.o)
    0x000005d2   0x000005d2   0x00000002   PAD
    0x000005d4   0x000005d4   0x0000010c   Code   RO           47    .text.SystemInit    system_ht32f5xxxx_01.o
    0x000006e0   0x000006e0   0x00000038   Code   RO           17    .text.average       smartstraightener.o
    0x00000718   0x00000718   0x00000018   Code   RO           21    .text.calculateTempError  smartstraightener.o
    0x00000730   0x00000730   0x00000098   Code   RO            2    .text.main          main.o
    0x000007c8   0x000007c8   0x000000d0   Code   RO           15    .text.readRecord    smartstraightener.o
    0x00000898   0x00000898   0x00000038   Code   RO           13    .text.resetPass     smartstraightener.o
    0x000008d0   0x000008d0   0x00000016   Code   RO           74    i._feq              fz_ps.l(fcmp.o)
    0x000008e6   0x000008e6   0x00000016   Code   RO           75    i._fgeq             fz_ps.l(fcmp.o)
    0x000008fc   0x000008fc   0x00000016   Code   RO           76    i._fgr              fz_ps.l(fcmp.o)
    0x00000912   0x00000912   0x0000001a   Code   RO           77    i._fleq             fz_ps.l(fcmp.o)
    0x0000092c   0x0000092c   0x00000016   Code   RO           78    i._fls              fz_ps.l(fcmp.o)
    0x00000942   0x00000942   0x00000002   PAD
    0x00000944   0x00000944   0x0000008c   Code   RO           68    x$fpl$fadd          fz_ps.l(faddsub.o)
    0x000009d0   0x000009d0   0x00000054   Code   RO           94    x$fpl$feqf          fz_ps.l(feqf.o)
    0x00000a24   0x00000a24   0x00000054   Code   RO           96    x$fpl$fgeqf         fz_ps.l(fgef.o)
    0x00000a78   0x00000a78   0x00000054   Code   RO           98    x$fpl$fleqf         fz_ps.l(flef.o)
    0x00000acc   0x00000acc   0x000000d0   Code   RO           70    x$fpl$fsub          fz_ps.l(faddsub.o)
    0x00000b9c   0x00000b9c   0x00000000   Code   RO          100    x$fpl$usenofp       fz_ps.l(usenofp.o)
    0x00000b9c   0x00000b9c   0x00000040   Data   RO           87    .constdata          fz_ps.l(fdiv.o)
    0x00000bdc   0x00000bdc   0x00000020   Data   RO          270    Region$$Table       anon$$obj.o


    Execution Region RW_IRAM1 (Exec base: 0x20000000, Load base: 0x00000c00, Size: 0x00000518, Max: 0x00004000, ABSOLUTE)

    Exec Addr    Load Addr    Size         Type   Attr      Idx    E Section Name        Object

    0x20000000   0x00000c00   0x00000004   Data   RW           27    .data.numPass       smartstraightener.o
    0x20000004   0x00000c04   0x00000004   Data   RW           28    .data.startTemp     smartstraightener.o
    0x20000008        -       0x00000060   Zero   RW          134    .bss                c_p.l(libspace.o)
    0x20000068        -       0x00000048   Zero   RW           29    .bss..L_MergedGlobals  smartstraightener.o
    0x200000b0        -       0x00000260   Zero   RW           25    .bss.currPass       smartstraightener.o
    0x20000310        -       0x00000004   Zero   RW           26    .bss.tempError      smartstraightener.o
    0x20000314   0x00000c08   0x00000004   PAD
    0x20000318        -       0x00000000   Zero   RW           39    HEAP                startup_ht32f52342_52.o
    0x20000318        -       0x00000200   Zero   RW           38    STACK               startup_ht32f52342_52.o


==============================================================================

Image component sizes


      Code (inc. data)   RO Data    RW Data    ZI Data      Debug   Object Name

       152         16          0          0          0        632   main.o
       344         20          0          8        684       3076   smartstraightener.o
       376        252          0          0        512        760   startup_ht32f52342_52.o
       268         20          0          0          0       2816   system_ht32f5xxxx_01.o

    ----------------------------------------------------------------------
      1140        308         32          8       1200       7284   Object Totals
         0          0         32          0          0          0   (incl. Generated)
         0          0          0          0          4          0   (incl. Padding)

    ----------------------------------------------------------------------

      Code (inc. data)   RO Data    RW Data    ZI Data      Debug   Library Member Name

         8          0          0          0          0         68   __main.o
         0          0          0          0          0          0   __rtentry.o
        12          0          0          0          0          0   __rtentry2.o
         6          0          0          0          0          0   __rtentry4.o
        60          8          0          0          0          0   __scatter.o
        26          0          0          0          0          0   __scatter_copy.o
        28          0          0          0          0          0   __scatter_zi.o
        16          0          0          0          0         68   exit.o
         6          0          0          0          0        136   heapauxi.o
         0          0          0          0          0          0   indicate_semi.o
         2          0          0          0          0          0   libinit.o
         2          0          0          0          0          0   libinit2.o
         2          0          0          0          0          0   libshutdown.o
         2          0          0          0          0          0   libshutdown2.o
         8          4          0          0         96         68   libspace.o
        64          0          0          0          0        108   rt_memclr.o
         2          0          0          0          0          0   rtexit.o
        10          0          0          0          0          0   rtexit2.o
        12          4          0          0          0         60   sys_exit.o
        62          0          0          0          0         80   sys_stackheap_outer.o
         2          0          0          0          0         68   use_no_semi.o
        46          0          0          0          0         60   cmpret.o
       348          8          0          0          0        160   faddsub.o
       114          0          0          0          0        340   fcmp.o
       100          4          0          0          0         68   fcmpin.o
       352         10         64          0          0         92   fdiv.o
        84          4          0          0          0         76   feqf.o
        76          0          0          0          0         68   ffixi.o
        94          0          0          0          0         92   fflti.o
        84          4          0          0          0         76   fgef.o
        84          4          0          0          0         76   flef.o
        16          6          0          0          0         68   fnan2.o
        94          0          0          0          0         68   retnan.o
         0          0          0          0          0          0   usenofp.o

    ----------------------------------------------------------------------
      1832         56         64          0         96       1900   Library Totals
        10          0          0          0          0          0   (incl. Padding)

    ----------------------------------------------------------------------

      Code (inc. data)   RO Data    RW Data    ZI Data      Debug   Library Name

       330         16          0          0         96        656   c_p.l
      1492         40         64          0          0       1244   fz_ps.l

    ----------------------------------------------------------------------
      1832         56         64          0         96       1900   Library Totals

    ----------------------------------------------------------------------

==============================================================================


      Code (inc. data)   RO Data    RW Data    ZI Data      Debug   

      2972        364         96          8       1296       8228   Grand Totals
      2972        364         96          8       1296       8228   ELF Image Totals
      2972        364         96          8          0          0   ROM Totals

==============================================================================

    Total RO  Size (Code + RO Data)                 3068 (   3.00kB)
    Total RW  Size (RW Data + ZI Data)              1304 (   1.27kB)
    Total ROM Size (Code + RO Data + RW Data)       3076 (   3.00kB)

==============================================================================

