Component: ARM Compiler 5.06 update 6 (build 750) Tool: armlink [4d35ed]

==============================================================================

Section Cross References

    main.o(i.SysTick_Handler) refers to main.o(.data) for .data
    main.o(i.main) refers to led.o(i.LED_Init) for LED_Init
    main.o(i.main) refers to led.o(i.LED_On) for LED_On
    main.o(i.main) refers to led.o(i.LED_Off) for LED_Off
    main.o(i.main) refers to uidiv.o(.text) for __aeabi_uidivmod
    main.o(i.main) refers to led.o(i.LED_Toggle) for LED_Toggle
    main.o(i.main) refers to system_ht32f5xxxx_01.o(.data) for SystemCoreClock
    main.o(i.main) refers to main.o(.data) for .data
    led.o(i.LED_Init) refers to led.o(i.GPIO_ModeConfig) for GPIO_ModeConfig
    led.o(i.LED_Off) refers to led.o(.data) for .data
    led.o(i.LED_On) refers to led.o(.data) for .data
    led.o(i.LED_Toggle) refers to led.o(.data) for .data
    startup_ht32f52342_52.o(RESET) refers to startup_ht32f52342_52.o(STACK) for __initial_sp
    startup_ht32f52342_52.o(RESET) refers to main.o(i.SysTick_Handler) for SysTick_Handler
    startup_ht32f52342_52.o(RESET) refers to system_ht32f5xxxx_01.o(i.SystemInit) for SystemInit
    startup_ht32f52342_52.o(RESET) refers to entry.o(.ARM.Collect$$$$00000000) for __main
    system_ht32f5xxxx_01.o(i.SystemCoreClockUpdate) refers to system_ht32f5xxxx_01.o(.data) for .data
    entry.o(.ARM.Collect$$$$00000000) refers (Special) to entry10a.o(.ARM.Collect$$$$0000000D) for __rt_final_cpp
    entry.o(.ARM.Collect$$$$00000000) refers (Special) to entry11a.o(.ARM.Collect$$$$0000000F) for __rt_final_exit
    entry.o(.ARM.Collect$$$$00000000) refers (Special) to entry7b.o(.ARM.Collect$$$$00000008) for _main_clock
    entry.o(.ARM.Collect$$$$00000000) refers (Special) to entry8b.o(.ARM.Collect$$$$0000000A) for _main_cpp_init
    entry.o(.ARM.Collect$$$$00000000) refers (Special) to entry9a.o(.ARM.Collect$$$$0000000B) for _main_init
    entry.o(.ARM.Collect$$$$00000000) refers (Special) to entry5.o(.ARM.Collect$$$$00000004) for _main_scatterload
    entry.o(.ARM.Collect$$$$00000000) refers (Special) to entry2.o(.ARM.Collect$$$$00000001) for _main_stk
    entry2.o(.ARM.Collect$$$$00000001) refers to entry2.o(.ARM.Collect$$$$00002712) for __lit__00000000
    entry2.o(.ARM.Collect$$$$00002712) refers to startup_ht32f52342_52.o(STACK) for __initial_sp
    entry2.o(__vectab_stack_and_reset_area) refers to startup_ht32f52342_52.o(STACK) for __initial_sp
    entry2.o(__vectab_stack_and_reset_area) refers to entry.o(.ARM.Collect$$$$00000000) for __main
    entry5.o(.ARM.Collect$$$$00000004) refers to init.o(.text) for __scatterload
    entry9a.o(.ARM.Collect$$$$0000000B) refers to main.o(i.main) for main
    entry9b.o(.ARM.Collect$$$$0000000C) refers to main.o(i.main) for main
    init.o(.text) refers to entry5.o(.ARM.Collect$$$$00000004) for __main_after_scatterload


==============================================================================

Removing Unused input sections from the image.

    Removing main.o(.rev16_text), (4 bytes).
    Removing main.o(.revsh_text), (4 bytes).
    Removing led.o(.rev16_text), (4 bytes).
    Removing led.o(.revsh_text), (4 bytes).
    Removing startup_ht32f52342_52.o(HEAP), (0 bytes).
    Removing system_ht32f5xxxx_01.o(.rev16_text), (4 bytes).
    Removing system_ht32f5xxxx_01.o(.revsh_text), (4 bytes).
    Removing system_ht32f5xxxx_01.o(i.SystemCoreClockUpdate), (112 bytes).

8 unused section(s) (total 136 bytes) removed from the image.

==============================================================================

Image Symbol Table

    Local Symbols

    Symbol Name                              Value     Ov Type        Size  Object(Section)

    RESET                                    0x00000000   Section      356  startup_ht32f52342_52.o(RESET)
    ../clib/microlib/division.c              0x00000000   Number         0  uidiv.o ABSOLUTE
    ../clib/microlib/init/entry.s            0x00000000   Number         0  entry8b.o ABSOLUTE
    ../clib/microlib/init/entry.s            0x00000000   Number         0  entry7a.o ABSOLUTE
    ../clib/microlib/init/entry.s            0x00000000   Number         0  entry8a.o ABSOLUTE
    ../clib/microlib/init/entry.s            0x00000000   Number         0  entry7b.o ABSOLUTE
    ../clib/microlib/init/entry.s            0x00000000   Number         0  entry.o ABSOLUTE
    ../clib/microlib/init/entry.s            0x00000000   Number         0  entry5.o ABSOLUTE
    ../clib/microlib/init/entry.s            0x00000000   Number         0  entry2.o ABSOLUTE
    ../clib/microlib/init/entry.s            0x00000000   Number         0  entry11b.o ABSOLUTE
    ../clib/microlib/init/entry.s            0x00000000   Number         0  entry11a.o ABSOLUTE
    ../clib/microlib/init/entry.s            0x00000000   Number         0  entry10b.o ABSOLUTE
    ../clib/microlib/init/entry.s            0x00000000   Number         0  entry10a.o ABSOLUTE
    ../clib/microlib/init/entry.s            0x00000000   Number         0  entry9b.o ABSOLUTE
    ../clib/microlib/init/entry.s            0x00000000   Number         0  entry9a.o ABSOLUTE
    ..\LED.c                                 0x00000000   Number         0  led.o ABSOLUTE
    ..\\LED.c                                0x00000000   Number         0  led.o ABSOLUTE
    ..\\main.c                               0x00000000   Number         0  main.o ABSOLUTE
    ..\main.c                                0x00000000   Number         0  main.o ABSOLUTE
    RTE\Device\HT32F52352\startup_ht32f52342_52.s 0x00000000   Number         0  startup_ht32f52342_52.o ABSOLUTE
    RTE\Device\HT32F52352\system_ht32f5xxxx_01.c 0x00000000   Number         0  system_ht32f5xxxx_01.o ABSOLUTE
    RTE\\Device\\HT32F52352\\system_ht32f5xxxx_01.c 0x00000000   Number         0  system_ht32f5xxxx_01.o ABSOLUTE
    dc.s                                     0x00000000   Number         0  dc.o ABSOLUTE
    handlers.s                               0x00000000   Number         0  handlers.o ABSOLUTE
    init.s                                   0x00000000   Number         0  init.o ABSOLUTE
    BootProcess                              0x000000cd   Thumb Code    94  startup_ht32f52342_52.o(RESET)
    .ARM.Collect$$$$00000000                 0x00000164   Section        0  entry.o(.ARM.Collect$$$$00000000)
    .ARM.Collect$$$$00000001                 0x00000164   Section        4  entry2.o(.ARM.Collect$$$$00000001)
    .ARM.Collect$$$$00000004                 0x00000168   Section        4  entry5.o(.ARM.Collect$$$$00000004)
    .ARM.Collect$$$$00000008                 0x0000016c   Section        0  entry7b.o(.ARM.Collect$$$$00000008)
    .ARM.Collect$$$$0000000A                 0x0000016c   Section        0  entry8b.o(.ARM.Collect$$$$0000000A)
    .ARM.Collect$$$$0000000B                 0x0000016c   Section        8  entry9a.o(.ARM.Collect$$$$0000000B)
    .ARM.Collect$$$$0000000D                 0x00000174   Section        0  entry10a.o(.ARM.Collect$$$$0000000D)
    .ARM.Collect$$$$0000000F                 0x00000174   Section        0  entry11a.o(.ARM.Collect$$$$0000000F)
    .ARM.Collect$$$$00002712                 0x00000174   Section        4  entry2.o(.ARM.Collect$$$$00002712)
    __lit__00000000                          0x00000174   Data           4  entry2.o(.ARM.Collect$$$$00002712)
    .text                                    0x00000178   Section        0  uidiv.o(.text)
    .text                                    0x000001a4   Section       36  init.o(.text)
    i.GPIO_ModeConfig                        0x000001c8   Section        0  led.o(i.GPIO_ModeConfig)
    i.LED_Init                               0x000001f0   Section        0  led.o(i.LED_Init)
    i.LED_Off                                0x00000254   Section        0  led.o(i.LED_Off)
    i.LED_On                                 0x00000270   Section        0  led.o(i.LED_On)
    i.LED_Toggle                             0x0000028c   Section        0  led.o(i.LED_Toggle)
    i.SysTick_Handler                        0x000002a8   Section        0  main.o(i.SysTick_Handler)
    i.SystemInit                             0x000002c4   Section        0  system_ht32f5xxxx_01.o(i.SystemInit)
    i.__scatterload_copy                     0x000003c0   Section       14  handlers.o(i.__scatterload_copy)
    i.__scatterload_null                     0x000003ce   Section        2  handlers.o(i.__scatterload_null)
    i.__scatterload_zeroinit                 0x000003d0   Section       14  handlers.o(i.__scatterload_zeroinit)
    i.main                                   0x000003e0   Section        0  main.o(i.main)
    .data                                    0x20000000   Section       12  main.o(.data)
    uTicks                                   0x20000008   Data           4  main.o(.data)
    .data                                    0x2000000c   Section       24  led.o(.data)
    LEDPort                                  0x2000000c   Data          12  led.o(.data)
    uLEDPin                                  0x20000018   Data          12  led.o(.data)
    .data                                    0x20000024   Section        4  system_ht32f5xxxx_01.o(.data)
    STACK                                    0x20000028   Section      512  startup_ht32f52342_52.o(STACK)

    Global Symbols

    Symbol Name                              Value     Ov Type        Size  Object(Section)

    BuildAttributes$$THM_ISAv3M$S$PE$A:L22$X:L11$S22$IEEE1$IW$USESV6$~STKCKD$USESV7$~SHL$OSPACE$EBA8$MICROLIB$REQ8$PRES8$EABIv2 0x00000000   Number         0  anon$$obj.o ABSOLUTE
    __ARM_use_no_argv                        0x00000000   Number         0  main.o ABSOLUTE
    __Vectors                                0x00000000   Data           0  startup_ht32f52342_52.o(RESET)
    __cpp_initialize__aeabi_                  - Undefined Weak Reference
    __cxa_finalize                            - Undefined Weak Reference
    __decompress                              - Undefined Weak Reference
    _clock_init                               - Undefined Weak Reference
    _microlib_exit                            - Undefined Weak Reference
    Reset_Handler                            0x000000c1   Thumb Code    12  startup_ht32f52342_52.o(RESET)
    NMI_Handler                              0x0000012b   Thumb Code     2  startup_ht32f52342_52.o(RESET)
    HardFault_Handler                        0x0000012d   Thumb Code     2  startup_ht32f52342_52.o(RESET)
    SVC_Handler                              0x0000012f   Thumb Code     2  startup_ht32f52342_52.o(RESET)
    PendSV_Handler                           0x00000131   Thumb Code     2  startup_ht32f52342_52.o(RESET)
    ADC_IRQHandler                           0x00000135   Thumb Code     0  startup_ht32f52342_52.o(RESET)
    AES_IRQHandler                           0x00000135   Thumb Code     0  startup_ht32f52342_52.o(RESET)
    BFTM0_IRQHandler                         0x00000135   Thumb Code     0  startup_ht32f52342_52.o(RESET)
    BFTM1_IRQHandler                         0x00000135   Thumb Code     0  startup_ht32f52342_52.o(RESET)
    COMP_IRQHandler                          0x00000135   Thumb Code     0  startup_ht32f52342_52.o(RESET)
    EVWUP_IRQHandler                         0x00000135   Thumb Code     0  startup_ht32f52342_52.o(RESET)
    EXTI0_1_IRQHandler                       0x00000135   Thumb Code     0  startup_ht32f52342_52.o(RESET)
    EXTI2_3_IRQHandler                       0x00000135   Thumb Code     0  startup_ht32f52342_52.o(RESET)
    EXTI4_15_IRQHandler                      0x00000135   Thumb Code     0  startup_ht32f52342_52.o(RESET)
    FLASH_IRQHandler                         0x00000135   Thumb Code     0  startup_ht32f52342_52.o(RESET)
    GPTM0_IRQHandler                         0x00000135   Thumb Code     0  startup_ht32f52342_52.o(RESET)
    GPTM1_IRQHandler                         0x00000135   Thumb Code     0  startup_ht32f52342_52.o(RESET)
    I2C0_IRQHandler                          0x00000135   Thumb Code     0  startup_ht32f52342_52.o(RESET)
    I2C1_IRQHandler                          0x00000135   Thumb Code     0  startup_ht32f52342_52.o(RESET)
    I2C2_IRQHandler                          0x00000135   Thumb Code     0  startup_ht32f52342_52.o(RESET)
    I2S_IRQHandler                           0x00000135   Thumb Code     0  startup_ht32f52342_52.o(RESET)
    LVD_BOD_IRQHandler                       0x00000135   Thumb Code     0  startup_ht32f52342_52.o(RESET)
    MCTM0_IRQHandler                         0x00000135   Thumb Code     0  startup_ht32f52342_52.o(RESET)
    MIDI_IRQHandler                          0x00000135   Thumb Code     0  startup_ht32f52342_52.o(RESET)
    PDMA_CH0_1_IRQHandler                    0x00000135   Thumb Code     0  startup_ht32f52342_52.o(RESET)
    PDMA_CH2_5_IRQHandler                    0x00000135   Thumb Code     0  startup_ht32f52342_52.o(RESET)
    PWM0_IRQHandler                          0x00000135   Thumb Code     0  startup_ht32f52342_52.o(RESET)
    PWM1_IRQHandler                          0x00000135   Thumb Code     0  startup_ht32f52342_52.o(RESET)
    QSPI_IRQHandler                          0x00000135   Thumb Code     0  startup_ht32f52342_52.o(RESET)
    RTC_IRQHandler                           0x00000135   Thumb Code     0  startup_ht32f52342_52.o(RESET)
    SCI_IRQHandler                           0x00000135   Thumb Code     0  startup_ht32f52342_52.o(RESET)
    SCTM0_IRQHandler                         0x00000135   Thumb Code     0  startup_ht32f52342_52.o(RESET)
    SCTM1_IRQHandler                         0x00000135   Thumb Code     0  startup_ht32f52342_52.o(RESET)
    SCTM2_IRQHandler                         0x00000135   Thumb Code     0  startup_ht32f52342_52.o(RESET)
    SCTM3_IRQHandler                         0x00000135   Thumb Code     0  startup_ht32f52342_52.o(RESET)
    SPI0_IRQHandler                          0x00000135   Thumb Code     0  startup_ht32f52342_52.o(RESET)
    SPI1_IRQHandler                          0x00000135   Thumb Code     0  startup_ht32f52342_52.o(RESET)
    UART0_IRQHandler                         0x00000135   Thumb Code     0  startup_ht32f52342_52.o(RESET)
    UART1_IRQHandler                         0x00000135   Thumb Code     0  startup_ht32f52342_52.o(RESET)
    UART2_IRQHandler                         0x00000135   Thumb Code     0  startup_ht32f52342_52.o(RESET)
    UART3_IRQHandler                         0x00000135   Thumb Code     0  startup_ht32f52342_52.o(RESET)
    USART0_IRQHandler                        0x00000135   Thumb Code     0  startup_ht32f52342_52.o(RESET)
    USART1_IRQHandler                        0x00000135   Thumb Code     0  startup_ht32f52342_52.o(RESET)
    USB_IRQHandler                           0x00000135   Thumb Code     0  startup_ht32f52342_52.o(RESET)
    __main                                   0x00000165   Thumb Code     0  entry.o(.ARM.Collect$$$$00000000)
    _main_stk                                0x00000165   Thumb Code     0  entry2.o(.ARM.Collect$$$$00000001)
    _main_scatterload                        0x00000169   Thumb Code     0  entry5.o(.ARM.Collect$$$$00000004)
    __main_after_scatterload                 0x0000016d   Thumb Code     0  entry5.o(.ARM.Collect$$$$00000004)
    _main_clock                              0x0000016d   Thumb Code     0  entry7b.o(.ARM.Collect$$$$00000008)
    _main_cpp_init                           0x0000016d   Thumb Code     0  entry8b.o(.ARM.Collect$$$$0000000A)
    _main_init                               0x0000016d   Thumb Code     0  entry9a.o(.ARM.Collect$$$$0000000B)
    __rt_final_cpp                           0x00000175   Thumb Code     0  entry10a.o(.ARM.Collect$$$$0000000D)
    __rt_final_exit                          0x00000175   Thumb Code     0  entry11a.o(.ARM.Collect$$$$0000000F)
    __aeabi_uidiv                            0x00000179   Thumb Code     0  uidiv.o(.text)
    __aeabi_uidivmod                         0x00000179   Thumb Code    44  uidiv.o(.text)
    __scatterload                            0x000001a5   Thumb Code    28  init.o(.text)
    __scatterload_rt2                        0x000001a5   Thumb Code     0  init.o(.text)
    GPIO_ModeConfig                          0x000001c9   Thumb Code    34  led.o(i.GPIO_ModeConfig)
    LED_Init                                 0x000001f1   Thumb Code    92  led.o(i.LED_Init)
    LED_Off                                  0x00000255   Thumb Code    24  led.o(i.LED_Off)
    LED_On                                   0x00000271   Thumb Code    24  led.o(i.LED_On)
    LED_Toggle                               0x0000028d   Thumb Code    24  led.o(i.LED_Toggle)
    SysTick_Handler                          0x000002a9   Thumb Code    24  main.o(i.SysTick_Handler)
    SystemInit                               0x000002c5   Thumb Code   232  system_ht32f5xxxx_01.o(i.SystemInit)
    __scatterload_copy                       0x000003c1   Thumb Code    14  handlers.o(i.__scatterload_copy)
    __scatterload_null                       0x000003cf   Thumb Code     2  handlers.o(i.__scatterload_null)
    __scatterload_zeroinit                   0x000003d1   Thumb Code    14  handlers.o(i.__scatterload_zeroinit)
    main                                     0x000003e1   Thumb Code    96  main.o(i.main)
    Region$$Table$$Base                      0x00000454   Number         0  anon$$obj.o(Region$$Table)
    Region$$Table$$Limit                     0x00000474   Number         0  anon$$obj.o(Region$$Table)
    uTime                                    0x20000000   Data           4  main.o(.data)
    uLEDTime                                 0x20000004   Data           4  main.o(.data)
    SystemCoreClock                          0x20000024   Data           4  system_ht32f5xxxx_01.o(.data)
    __HT_check_sp                            0x20000028   Data           0  startup_ht32f52342_52.o(STACK)
    __initial_sp                             0x20000228   Data           0  startup_ht32f52342_52.o(STACK)



==============================================================================

Memory Map of the image

  Image Entry point : 0x000000c1

  Load Region LR_1 (Base: 0x00000000, Size: 0x0000049c, Max: 0xffffffff, ABSOLUTE)

    Execution Region ER_RO (Exec base: 0x00000000, Load base: 0x00000000, Size: 0x00000474, Max: 0xffffffff, ABSOLUTE)

    Exec Addr    Load Addr    Size         Type   Attr      Idx    E Section Name        Object

    0x00000000   0x00000000   0x00000164   Code   RO          115  * RESET               startup_ht32f52342_52.o
    0x00000164   0x00000164   0x00000000   Code   RO          151  * .ARM.Collect$$$$00000000  mc_p.l(entry.o)
    0x00000164   0x00000164   0x00000004   Code   RO          156    .ARM.Collect$$$$00000001  mc_p.l(entry2.o)
    0x00000168   0x00000168   0x00000004   Code   RO          159    .ARM.Collect$$$$00000004  mc_p.l(entry5.o)
    0x0000016c   0x0000016c   0x00000000   Code   RO          161    .ARM.Collect$$$$00000008  mc_p.l(entry7b.o)
    0x0000016c   0x0000016c   0x00000000   Code   RO          163    .ARM.Collect$$$$0000000A  mc_p.l(entry8b.o)
    0x0000016c   0x0000016c   0x00000008   Code   RO          164    .ARM.Collect$$$$0000000B  mc_p.l(entry9a.o)
    0x00000174   0x00000174   0x00000000   Code   RO          166    .ARM.Collect$$$$0000000D  mc_p.l(entry10a.o)
    0x00000174   0x00000174   0x00000000   Code   RO          168    .ARM.Collect$$$$0000000F  mc_p.l(entry11a.o)
    0x00000174   0x00000174   0x00000004   Code   RO          157    .ARM.Collect$$$$00002712  mc_p.l(entry2.o)
    0x00000178   0x00000178   0x0000002c   Code   RO          154    .text               mc_p.l(uidiv.o)
    0x000001a4   0x000001a4   0x00000024   Code   RO          170    .text               mc_p.l(init.o)
    0x000001c8   0x000001c8   0x00000028   Code   RO           66    i.GPIO_ModeConfig   led.o
    0x000001f0   0x000001f0   0x00000064   Code   RO           67    i.LED_Init          led.o
    0x00000254   0x00000254   0x0000001c   Code   RO           68    i.LED_Off           led.o
    0x00000270   0x00000270   0x0000001c   Code   RO           69    i.LED_On            led.o
    0x0000028c   0x0000028c   0x0000001c   Code   RO           70    i.LED_Toggle        led.o
    0x000002a8   0x000002a8   0x0000001c   Code   RO            3    i.SysTick_Handler   main.o
    0x000002c4   0x000002c4   0x000000fc   Code   RO          122    i.SystemInit        system_ht32f5xxxx_01.o
    0x000003c0   0x000003c0   0x0000000e   Code   RO          174    i.__scatterload_copy  mc_p.l(handlers.o)
    0x000003ce   0x000003ce   0x00000002   Code   RO          175    i.__scatterload_null  mc_p.l(handlers.o)
    0x000003d0   0x000003d0   0x0000000e   Code   RO          176    i.__scatterload_zeroinit  mc_p.l(handlers.o)
    0x000003de   0x000003de   0x00000002   PAD
    0x000003e0   0x000003e0   0x00000074   Code   RO            4    i.main              main.o
    0x00000454   0x00000454   0x00000020   Data   RO          172    Region$$Table       anon$$obj.o


    Execution Region ER_RW (Exec base: 0x20000000, Load base: 0x00000474, Size: 0x00000028, Max: 0xffffffff, ABSOLUTE)

    Exec Addr    Load Addr    Size         Type   Attr      Idx    E Section Name        Object

    0x20000000   0x00000474   0x0000000c   Data   RW            5    .data               main.o
    0x2000000c   0x00000480   0x00000018   Data   RW           71    .data               led.o
    0x20000024   0x00000498   0x00000004   Data   RW          123    .data               system_ht32f5xxxx_01.o


    Execution Region ER_ZI (Exec base: 0x20000028, Load base: 0x0000049c, Size: 0x00000200, Max: 0xffffffff, ABSOLUTE)

    Exec Addr    Load Addr    Size         Type   Attr      Idx    E Section Name        Object

    0x20000028        -       0x00000200   Zero   RW          113    STACK               startup_ht32f52342_52.o


==============================================================================

Image component sizes


      Code (inc. data)   RO Data    RW Data    ZI Data      Debug   Object Name

       224         26          0         24          0       3221   led.o
       144         24          0         12          0      31126   main.o
       356        238          0          0        512        780   startup_ht32f52342_52.o
       252         20          0          4          0       2119   system_ht32f5xxxx_01.o

    ----------------------------------------------------------------------
       976        308         32         40        512      37246   Object Totals
         0          0         32          0          0          0   (incl. Generated)
         0          0          0          0          0          0   (incl. Padding)

    ----------------------------------------------------------------------

      Code (inc. data)   RO Data    RW Data    ZI Data      Debug   Library Member Name

         0          0          0          0          0          0   entry.o
         0          0          0          0          0          0   entry10a.o
         0          0          0          0          0          0   entry11a.o
         8          4          0          0          0          0   entry2.o
         4          0          0          0          0          0   entry5.o
         0          0          0          0          0          0   entry7b.o
         0          0          0          0          0          0   entry8b.o
         8          4          0          0          0          0   entry9a.o
        30          0          0          0          0          0   handlers.o
        36          8          0          0          0         68   init.o
        44          0          0          0          0         72   uidiv.o

    ----------------------------------------------------------------------
       132         16          0          0          0        140   Library Totals
         2          0          0          0          0          0   (incl. Padding)

    ----------------------------------------------------------------------

      Code (inc. data)   RO Data    RW Data    ZI Data      Debug   Library Name

       130         16          0          0          0        140   mc_p.l

    ----------------------------------------------------------------------
       132         16          0          0          0        140   Library Totals

    ----------------------------------------------------------------------

==============================================================================


      Code (inc. data)   RO Data    RW Data    ZI Data      Debug   

      1108        324         32         40        512      37274   Grand Totals
      1108        324         32         40        512      37274   ELF Image Totals
      1108        324         32         40          0          0   ROM Totals

==============================================================================

    Total RO  Size (Code + RO Data)                 1140 (   1.11kB)
    Total RW  Size (RW Data + ZI Data)               552 (   0.54kB)
    Total ROM Size (Code + RO Data + RW Data)       1180 (   1.15kB)

==============================================================================

