Archive member included to satisfy reference by file (symbol)

c:/program files (x86)/atmel/studio/7.0/toolchain/avr8/avr8-gnu-toolchain/bin/../lib/gcc/avr/5.4.0/../../../../avr/lib/avr5\libm.a(addsf3.o)
                              MorphConfigurations/MorphConfigATmega328-28dip.o (__subsf3)
c:/program files (x86)/atmel/studio/7.0/toolchain/avr8/avr8-gnu-toolchain/bin/../lib/gcc/avr/5.4.0/../../../../avr/lib/avr5\libm.a(addsf3x.o)
                              c:/program files (x86)/atmel/studio/7.0/toolchain/avr8/avr8-gnu-toolchain/bin/../lib/gcc/avr/5.4.0/../../../../avr/lib/avr5\libm.a(addsf3.o) (__addsf3x)
c:/program files (x86)/atmel/studio/7.0/toolchain/avr8/avr8-gnu-toolchain/bin/../lib/gcc/avr/5.4.0/../../../../avr/lib/avr5\libm.a(cmpsf2.o)
                              MorphConfigurations/MorphConfigATmega328-28dip.o (__ltsf2)
c:/program files (x86)/atmel/studio/7.0/toolchain/avr8/avr8-gnu-toolchain/bin/../lib/gcc/avr/5.4.0/../../../../avr/lib/avr5\libm.a(divsf3.o)
                              main.o (__divsf3)
c:/program files (x86)/atmel/studio/7.0/toolchain/avr8/avr8-gnu-toolchain/bin/../lib/gcc/avr/5.4.0/../../../../avr/lib/avr5\libm.a(divsf3x.o)
                              c:/program files (x86)/atmel/studio/7.0/toolchain/avr8/avr8-gnu-toolchain/bin/../lib/gcc/avr/5.4.0/../../../../avr/lib/avr5\libm.a(divsf3.o) (__divsf3x)
c:/program files (x86)/atmel/studio/7.0/toolchain/avr8/avr8-gnu-toolchain/bin/../lib/gcc/avr/5.4.0/../../../../avr/lib/avr5\libm.a(fixsfdi.o)
                              MorphConfigurations/MorphConfigATmega328-28dip.o (__fixunssfdi)
c:/program files (x86)/atmel/studio/7.0/toolchain/avr8/avr8-gnu-toolchain/bin/../lib/gcc/avr/5.4.0/../../../../avr/lib/avr5\libm.a(fixunssfsi.o)
                              MorphConfigurations/MorphConfigATmega328-28dip.o (__fixunssfsi)
c:/program files (x86)/atmel/studio/7.0/toolchain/avr8/avr8-gnu-toolchain/bin/../lib/gcc/avr/5.4.0/../../../../avr/lib/avr5\libm.a(floatdisf.o)
                              main.o (__floatdisf)
c:/program files (x86)/atmel/studio/7.0/toolchain/avr8/avr8-gnu-toolchain/bin/../lib/gcc/avr/5.4.0/../../../../avr/lib/avr5\libm.a(floatsisf.o)
                              MorphConfigurations/MorphConfigATmega328-28dip.o (__floatunsisf)
c:/program files (x86)/atmel/studio/7.0/toolchain/avr8/avr8-gnu-toolchain/bin/../lib/gcc/avr/5.4.0/../../../../avr/lib/avr5\libm.a(floatundisf.o)
                              MorphConfigurations/MorphConfigATmega328-28dip.o (__floatundisf)
c:/program files (x86)/atmel/studio/7.0/toolchain/avr8/avr8-gnu-toolchain/bin/../lib/gcc/avr/5.4.0/../../../../avr/lib/avr5\libm.a(fmax.o)
                              MorphConfigurations/MorphConfigATmega328-28dip.o (fmax)
c:/program files (x86)/atmel/studio/7.0/toolchain/avr8/avr8-gnu-toolchain/bin/../lib/gcc/avr/5.4.0/../../../../avr/lib/avr5\libm.a(fmin.o)
                              MorphConfigurations/MorphConfigATmega328-28dip.o (fmin)
c:/program files (x86)/atmel/studio/7.0/toolchain/avr8/avr8-gnu-toolchain/bin/../lib/gcc/avr/5.4.0/../../../../avr/lib/avr5\libm.a(fp_cmp.o)
                              c:/program files (x86)/atmel/studio/7.0/toolchain/avr8/avr8-gnu-toolchain/bin/../lib/gcc/avr/5.4.0/../../../../avr/lib/avr5\libm.a(cmpsf2.o) (__fp_cmp)
c:/program files (x86)/atmel/studio/7.0/toolchain/avr8/avr8-gnu-toolchain/bin/../lib/gcc/avr/5.4.0/../../../../avr/lib/avr5\libm.a(fp_inf.o)
                              c:/program files (x86)/atmel/studio/7.0/toolchain/avr8/avr8-gnu-toolchain/bin/../lib/gcc/avr/5.4.0/../../../../avr/lib/avr5\libm.a(addsf3x.o) (__fp_inf)
c:/program files (x86)/atmel/studio/7.0/toolchain/avr8/avr8-gnu-toolchain/bin/../lib/gcc/avr/5.4.0/../../../../avr/lib/avr5\libm.a(fp_nan.o)
                              c:/program files (x86)/atmel/studio/7.0/toolchain/avr8/avr8-gnu-toolchain/bin/../lib/gcc/avr/5.4.0/../../../../avr/lib/avr5\libm.a(addsf3x.o) (__fp_nan)
c:/program files (x86)/atmel/studio/7.0/toolchain/avr8/avr8-gnu-toolchain/bin/../lib/gcc/avr/5.4.0/../../../../avr/lib/avr5\libm.a(fp_negdi.o)
                              c:/program files (x86)/atmel/studio/7.0/toolchain/avr8/avr8-gnu-toolchain/bin/../lib/gcc/avr/5.4.0/../../../../avr/lib/avr5\libm.a(fixsfdi.o) (__fp_negdi)
c:/program files (x86)/atmel/studio/7.0/toolchain/avr8/avr8-gnu-toolchain/bin/../lib/gcc/avr/5.4.0/../../../../avr/lib/avr5\libm.a(fp_pscA.o)
                              c:/program files (x86)/atmel/studio/7.0/toolchain/avr8/avr8-gnu-toolchain/bin/../lib/gcc/avr/5.4.0/../../../../avr/lib/avr5\libm.a(addsf3x.o) (__fp_pscA)
c:/program files (x86)/atmel/studio/7.0/toolchain/avr8/avr8-gnu-toolchain/bin/../lib/gcc/avr/5.4.0/../../../../avr/lib/avr5\libm.a(fp_pscB.o)
                              c:/program files (x86)/atmel/studio/7.0/toolchain/avr8/avr8-gnu-toolchain/bin/../lib/gcc/avr/5.4.0/../../../../avr/lib/avr5\libm.a(addsf3x.o) (__fp_pscB)
[...]
Memory Configuration

Name             Origin             Length             Attributes
text             0x00000000         0x00020000         xr
data             0x00800060         0x0000ffa0         rw !x
eeprom           0x00810000         0x00010000         rw !x
fuse             0x00820000         0x00000003         rw !x
lock             0x00830000         0x00000400         rw !x
signature        0x00840000         0x00000400         rw !x
user_signatures  0x00850000         0x00000400         rw !x
*default*        0x00000000         0xffffffff

Linker script and memory map

Address of section .data set to 0x800100
LOAD C:/Program Files (x86)/Atmel/Studio/7.0/Packs/atmel/ATmega_DFP/1.2.209/gcc/dev/atmega328p/avr5/crtatmega328p.o
LOAD main.o
LOAD MorphConfigurations/MorphConfigATmega328-28dip.o
LOAD MorphConfigurations/MorphConfigATmega328-32pin.o
START GROUP
LOAD c:/program files (x86)/atmel/studio/7.0/toolchain/avr8/avr8-gnu-toolchain/bin/../lib/gcc/avr/5.4.0/../../../../avr/lib/avr5\libm.a
LOAD C:\Users\243400\Projects\MorphLibrary\MorphLibrary\Debug\libMorphLibrary.a
END GROUP
START GROUP
LOAD c:/program files (x86)/atmel/studio/7.0/toolchain/avr8/avr8-gnu-toolchain/bin/../lib/gcc/avr/5.4.0/avr5\libgcc.a
LOAD c:/program files (x86)/atmel/studio/7.0/toolchain/avr8/avr8-gnu-toolchain/bin/../lib/gcc/avr/5.4.0/../../../../avr/lib/avr5\libm.a
LOAD c:/program files (x86)/atmel/studio/7.0/toolchain/avr8/avr8-gnu-toolchain/bin/../lib/gcc/avr/5.4.0/../../../../avr/lib/avr5\libc.a
LOAD C:/Program Files (x86)/Atmel/Studio/7.0/Packs/atmel/ATmega_DFP/1.2.209/gcc/dev/atmega328p/avr5\libatmega328p.a
END GROUP
                0x00020000                __TEXT_REGION_LENGTH__ = DEFINED (__TEXT_REGION_LENGTH__)?__TEXT_REGION_LENGTH__:0x20000
                0x0000ffa0                __DATA_REGION_LENGTH__ = DEFINED (__DATA_REGION_LENGTH__)?__DATA_REGION_LENGTH__:0xffa0
                0x00010000                __EEPROM_REGION_LENGTH__ = DEFINED (__EEPROM_REGION_LENGTH__)?__EEPROM_REGION_LENGTH__:0x10000
                [0x00000003]                __FUSE_REGION_LENGTH__ = DEFINED (__FUSE_REGION_LENGTH__)?__FUSE_REGION_LENGTH__:0x400
                0x00000400                __LOCK_REGION_LENGTH__ = DEFINED (__LOCK_REGION_LENGTH__)?__LOCK_REGION_LENGTH__:0x400
                0x00000400                __SIGNATURE_REGION_LENGTH__ = DEFINED (__SIGNATURE_REGION_LENGTH__)?__SIGNATURE_REGION_LENGTH__:0x400
                0x00000400                __USER_SIGNATURE_REGION_LENGTH__ = DEFINED (__USER_SIGNATURE_REGION_LENGTH__)?__USER_SIGNATURE_REGION_LENGTH__:0x400

.hash
 *(.hash)

.dynsym
 *(.dynsym)

.dynstr
 *(.dynstr)

.gnu.version
 *(.gnu.version)

.gnu.version_d
 *(.gnu.version_d)

.gnu.version_r
 *(.gnu.version_r)

.rel.init
 *(.rel.init)

.rela.init
 *(.rela.init)

.rel.text
 *(.rel.text)
 *(.rel.text.*)
 *(.rel.gnu.linkonce.t*)

.rela.text
 *(.rela.text)
 *(.rela.text.*)
 *(.rela.gnu.linkonce.t*)

.rel.fini
 *(.rel.fini)

.rela.fini
 *(.rela.fini)

.rel.rodata
 *(.rel.rodata)
 *(.rel.rodata.*)
 *(.rel.gnu.linkonce.r*)

.rela.rodata
 *(.rela.rodata)
 *(.rela.rodata.*)
 *(.rela.gnu.linkonce.r*)

.rel.data
 *(.rel.data)
 *(.rel.data.*)
 *(.rel.gnu.linkonce.d*)

.rela.data
 *(.rela.data)
 *(.rela.data.*)
 *(.rela.gnu.linkonce.d*)

.rel.ctors
 *(.rel.ctors)

.rela.ctors
 *(.rela.ctors)

.rel.dtors
 *(.rel.dtors)

.rela.dtors
 *(.rela.dtors)

.rel.got
 *(.rel.got)

.rela.got
 *(.rela.got)

.rel.bss
 *(.rel.bss)

.rela.bss
 *(.rela.bss)

.rel.plt
 *(.rel.plt)

.rela.plt
 *(.rela.plt)

.text           0x00000000     0x270c
 *(.vectors)
 .vectors       0x00000000       0x68 C:/Program Files (x86)/Atmel/Studio/7.0/Packs/atmel/ATmega_DFP/1.2.209/gcc/dev/atmega328p/avr5/crtatmega328p.o
                0x00000000                __vector_default
                0x00000000                __vectors
 *(.vectors)
 *(.progmem.gcc*)
 .progmem.gcc_fplib
                0x00000068       0x1e c:/program files (x86)/atmel/studio/7.0/toolchain/avr8/avr8-gnu-toolchain/bin/../lib/gcc/avr/5.4.0/../../../../avr/lib/avr5\libm.a(fp_sinus.o)
                0x00000086                . = ALIGN (0x2)
                0x00000086                __trampolines_start = .
 *(.trampolines)
 .trampolines   0x00000086        0x0 linker stubs
 *(.trampolines*)
                0x00000086                __trampolines_end = .
 *libprintf_flt.a:*(.progmem.data)
 *libc.a:*(.progmem.data)
 *(.progmem*)
                0x00000086                . = ALIGN (0x2)
 *(.jumptables)
 *(.jumptables*)
 *(.lowtext)
 *(.lowtext*)
                0x00000086                __ctors_start = .
 *(.ctors)
                0x00000086                __ctors_end = .
                0x00000086                __dtors_start = .
 *(.dtors)
                0x00000086                __dtors_end = .
 SORT(*)(.ctors)
 SORT(*)(.dtors)
 *(.init0)
 .init0         0x00000086        0x0 C:/Program Files (x86)/Atmel/Studio/7.0/Packs/atmel/ATmega_DFP/1.2.209/gcc/dev/atmega328p/avr5/crtatmega328p.o
                0x00000086                __init
 *(.init0)
 *(.init1)
 *(.init1)
 *(.init2)
 .init2         0x00000086        0xc C:/Program Files (x86)/Atmel/Studio/7.0/Packs/atmel/ATmega_DFP/1.2.209/gcc/dev/atmega328p/avr5/crtatmega328p.o
 *(.init2)
 *(.init3)
 *(.init3)
 *(.init4)
 .init4         0x00000092       0x16 c:/program files (x86)/atmel/studio/7.0/toolchain/avr8/avr8-gnu-toolchain/bin/../lib/gcc/avr/5.4.0/avr5\libgcc.a(_copy_data.o)
                0x00000092                __do_copy_data
 .init4         0x000000a8       0x10 c:/program files (x86)/atmel/studio/7.0/toolchain/avr8/avr8-gnu-toolchain/bin/../lib/gcc/avr/5.4.0/avr5\libgcc.a(_clear_bss.o)
                0x000000a8                __do_clear_bss
 *(.init4)
 *(.init5)
 *(.init5)
 *(.init6)
 *(.init6)
 *(.init7)
 *(.init7)
 *(.init8)
 *(.init8)
 *(.init9)
 .init9         0x000000b8        0x8 C:/Program Files (x86)/Atmel/Studio/7.0/Packs/atmel/ATmega_DFP/1.2.209/gcc/dev/atmega328p/avr5/crtatmega328p.o
 *(.init9)
 *(.text)
 .text          0x000000c0        0x4 C:/Program Files (x86)/Atmel/Studio/7.0/Packs/atmel/ATmega_DFP/1.2.209/gcc/dev/atmega328p/avr5/crtatmega328p.o
                0x000000c0                __vector_22
                0x000000c0                __vector_1
                0x000000c0                __vector_24
                0x000000c0                __vector_12
                0x000000c0                __bad_interrupt
                0x000000c0                __vector_6
                0x000000c0                __vector_3
                0x000000c0                __vector_23
                0x000000c0                __vector_25
                0x000000c0                __vector_13
                0x000000c0                __vector_17
                0x000000c0                __vector_19
                0x000000c0                __vector_5
                0x000000c0                __vector_4
                0x000000c0                __vector_9
                0x000000c0                __vector_2
                0x000000c0                __vector_21
                0x000000c0                __vector_15
                0x000000c0                __vector_8
                0x000000c0                __vector_10
                0x000000c0                __vector_16
                0x000000c0                __vector_18
                0x000000c0                __vector_20
                0x000000c4                . = ALIGN (0x2)
 *(.text.*)
 .text.MorphConfig_init
                0x000000c4      0x154 main.o
 .text.callback_test
                0x00000218       0x2e main.o
                0x00000218                callback_test
 .text.main     0x00000246      0x1b4 main.o
                0x00000246                main
 .text.MorphUtils_empty_callback
                0x000003fa       0x10 MorphConfigurations/MorphConfigATmega328-28dip.o
 .text.morph_config_gpio_set_pin_value
                0x0000040a       0xc2 MorphConfigurations/MorphConfigATmega328-28dip.o
                0x0000040a                morph_config_gpio_set_pin_value
 .text.morph_config_gpio_get_pin_value
                0x000004cc       0x92 MorphConfigurations/MorphConfigATmega328-28dip.o
                0x000004cc                morph_config_gpio_get_pin_value
 .text.morph_config_gpio_set_pin_direction
                0x0000055e       0xc2 MorphConfigurations/MorphConfigATmega328-28dip.o
                0x0000055e                morph_config_gpio_set_pin_direction
 .text.morph_config_gpio_get_pin_direction
                0x00000620       0x94 MorphConfigurations/MorphConfigATmega328-28dip.o
                0x00000620                morph_config_gpio_get_pin_direction
 .text.morph_config_gpio_set_pin_pull_state
                0x000006b4       0xf4 MorphConfigurations/MorphConfigATmega328-28dip.o
                0x000006b4                morph_config_gpio_set_pin_pull_state
 .text.morph_config_gpio_get_pin_pull_state
                0x000007a8       0x16 MorphConfigurations/MorphConfigATmega328-28dip.o
                0x000007a8                morph_config_gpio_get_pin_pull_state
 .text.morph_config_uart_setup_channel
                0x000007be       0x40 MorphConfigurations/MorphConfigATmega328-28dip.o
                0x000007be                morph_config_uart_setup_channel
 .text.morph_config_uart_send_data
                0x000007fe       0x20 MorphConfigurations/MorphConfigATmega328-28dip.o
                0x000007fe                morph_config_uart_send_data
 .text.morph_config_uart_read_data
                0x0000081e       0x16 MorphConfigurations/MorphConfigATmega328-28dip.o
                0x0000081e                morph_config_uart_read_data
 .text.morph_config_uart_send_byte
                0x00000834       0x1a MorphConfigurations/MorphConfigATmega328-28dip.o
                0x00000834                morph_config_uart_send_byte
 .text.morph_config_uart_read_byte
                0x0000084e       0x16 MorphConfigurations/MorphConfigATmega328-28dip.o
                0x0000084e                morph_config_uart_read_byte
 .text.morph_config_uart_write_data_buffer
                0x00000864       0x2a MorphConfigurations/MorphConfigATmega328-28dip.o
                0x00000864                morph_config_uart_write_data_buffer
 .text.morph_config_uart_write_byte_buffer
                0x0000088e       0x2a MorphConfigurations/MorphConfigATmega328-28dip.o
                0x0000088e                morph_config_uart_write_byte_buffer
 .text.morph_config_uart_read_data_buffer
                0x000008b8       0x42 MorphConfigurations/MorphConfigATmega328-28dip.o
                0x000008b8                morph_config_uart_read_data_buffer
 .text.morph_config_uart_read_byte_buffer
                0x000008fa       0x42 MorphConfigurations/MorphConfigATmega328-28dip.o
                0x000008fa                morph_config_uart_read_byte_buffer
 .text.morph_config_uart_data_ready
                0x0000093c       0x16 MorphConfigurations/MorphConfigATmega328-28dip.o
                0x0000093c                morph_config_uart_data_ready
 .text.morph_config_uart_set_tx_pin
                0x00000952       0x1a MorphConfigurations/MorphConfigATmega328-28dip.o
                0x00000952                morph_config_uart_set_tx_pin
 .text.morph_config_uart_set_rx_pin
                0x0000096c       0x1a MorphConfigurations/MorphConfigATmega328-28dip.o
                0x0000096c                morph_config_uart_set_rx_pin
 .text.timer_update_millis
                0x00000986       0x96 MorphConfigurations/MorphConfigATmega328-28dip.o
                0x00000986                timer_update_millis
 .text.morph_config_time_init
                0x00000a1c       0x7e MorphConfigurations/MorphConfigATmega328-28dip.o
                0x00000a1c                morph_config_time_init
 .text.morph_config_time_init_rtc
                0x00000a9a       0x10 MorphConfigurations/MorphConfigATmega328-28dip.o
                0x00000a9a                morph_config_time_init_rtc
 .text.morph_config_time_millis
                0x00000aaa       0x6e MorphConfigurations/MorphConfigATmega328-28dip.o
                0x00000aaa                morph_config_time_millis
 .text.__vector_14
                0x00000b18       0x62 MorphConfigurations/MorphConfigATmega328-28dip.o
                0x00000b18                __vector_14
 .text.__vector_11
                0x00000b7a       0x62 MorphConfigurations/MorphConfigATmega328-28dip.o
                0x00000b7a                __vector_11
 .text.__vector_7
                0x00000bdc       0x62 MorphConfigurations/MorphConfigATmega328-28dip.o
                0x00000bdc                __vector_7
 .text.set_rate_8_bit
                0x00000c3e      0x666 MorphConfigurations/MorphConfigATmega328-28dip.o
                0x00000c3e                set_rate_8_bit
 .text.morph_config_timer_acquire_timer
                0x000012a4       0x70 MorphConfigurations/MorphConfigATmega328-28dip.o
                0x000012a4                morph_config_timer_acquire_timer
 .text.morph_config_timer_release_timer
                0x00001314       0x1a MorphConfigurations/MorphConfigATmega328-28dip.o
                0x00001314                morph_config_timer_release_timer
 .text.morph_config_timer_set_rate
                0x0000132e       0x90 MorphConfigurations/MorphConfigATmega328-28dip.o
                0x0000132e                morph_config_timer_set_rate
 .text.morph_config_timer_set_timer_callback
                0x000013be       0xe8 MorphConfigurations/MorphConfigATmega328-28dip.o
                0x000013be                morph_config_timer_set_timer_callback
 .text.set_pwm_raw_8_bit
                0x000014a6       0xac MorphConfigurations/MorphConfigATmega328-28dip.o
                0x000014a6                set_pwm_raw_8_bit
 .text.morph_config_pwm_start_pwm
                0x00001552      0x42a MorphConfigurations/MorphConfigATmega328-28dip.o
                0x00001552                morph_config_pwm_start_pwm
 .text.morph_config_pwm_stop_pwm
                0x0000197c       0x16 MorphConfigurations/MorphConfigATmega328-28dip.o
                0x0000197c                morph_config_pwm_stop_pwm
 .text.morph_config_pwm_set_pwm_duty_float
                0x00001992       0xfe MorphConfigurations/MorphConfigATmega328-28dip.o
                0x00001992                morph_config_pwm_set_pwm_duty_float
 .text.morph_config_pwm_set_pwm_duty_64bit
                0x00001a90       0x42 MorphConfigurations/MorphConfigATmega328-28dip.o
                0x00001a90                morph_config_pwm_set_pwm_duty_64bit
 .text.morph_config_pwm_set_pwm_duty_32bit
                0x00001ad2       0x2a MorphConfigurations/MorphConfigATmega328-28dip.o
                0x00001ad2                morph_config_pwm_set_pwm_duty_32bit
 .text.morph_config_pwm_set_pwm_duty_16bit
                0x00001afc       0x20 MorphConfigurations/MorphConfigATmega328-28dip.o
                0x00001afc                morph_config_pwm_set_pwm_duty_16bit
 .text.morph_config_pwm_set_pwm_duty_8bit
                0x00001b1c       0x1a MorphConfigurations/MorphConfigATmega328-28dip.o
                0x00001b1c                morph_config_pwm_set_pwm_duty_8bit
 .text.morph_config_adc_get_adc_value
                0x00001b36       0x1e MorphConfigurations/MorphConfigATmega328-28dip.o
                0x00001b36                morph_config_adc_get_adc_value
 .text.morph_config_adc_get_adc_pin
                0x00001b54       0x1e MorphConfigurations/MorphConfigATmega328-28dip.o
                0x00001b54                morph_config_adc_get_adc_pin
 .text.morph_config_adc_init_adc
                0x00001b72       0x16 MorphConfigurations/MorphConfigATmega328-28dip.o
                0x00001b72                morph_config_adc_init_adc
 .text.morph_config_adc_read
                0x00001b88       0x1a MorphConfigurations/MorphConfigATmega328-28dip.o
                0x00001b88                morph_config_adc_read
 .text.morph_config_adc_set_resolution
                0x00001ba2       0x1a MorphConfigurations/MorphConfigATmega328-28dip.o
                0x00001ba2                morph_config_adc_set_resolution
 .text.morph_config_adc_set_reference
                0x00001bbc       0x20 MorphConfigurations/MorphConfigATmega328-28dip.o
                0x00001bbc                morph_config_adc_set_reference
 .text.morph_config_adc_set_prescaler
                0x00001bdc       0x20 MorphConfigurations/MorphConfigATmega328-28dip.o
                0x00001bdc                morph_config_adc_set_prescaler
 .text.morph_config_adc_get_maximum_value
                0x00001bfc       0x1a MorphConfigurations/MorphConfigATmega328-28dip.o
                0x00001bfc                morph_config_adc_get_maximum_value
 .text.morph_config_init
                0x00001c16       0x10 MorphConfigurations/MorphConfigATmega328-28dip.o
                0x00001c16                morph_config_init
 .text.avr-libc.fplib
                0x00001c26        0xe c:/program files (x86)/atmel/studio/7.0/toolchain/avr8/avr8-gnu-toolchain/bin/../lib/gcc/avr/5.4.0/../../../../avr/lib/avr5\libm.a(addsf3.o)
                0x00001c26                __subsf3
                0x00001c28                __addsf3
 .text.avr-libc.fplib
                0x00001c34       0xcc c:/program files (x86)/atmel/studio/7.0/toolchain/avr8/avr8-gnu-toolchain/bin/../lib/gcc/avr/5.4.0/../../../../avr/lib/avr5\libm.a(addsf3x.o)
                0x00001c56                __addsf3x
 .text.avr-libc.fplib
                0x00001d00        0xa c:/program files (x86)/atmel/studio/7.0/toolchain/avr8/avr8-gnu-toolchain/bin/../lib/gcc/avr/5.4.0/../../../../avr/lib/avr5\libm.a(cmpsf2.o)
                0x00001d00                __nesf2
                0x00001d00                __eqsf2
                0x00001d00                __cmpsf2
                0x00001d00                __ltsf2
                0x00001d00                __lesf2
 .text.avr-libc.fplib
                0x00001d0a        0x8 c:/program files (x86)/atmel/studio/7.0/toolchain/avr8/avr8-gnu-toolchain/bin/../lib/gcc/avr/5.4.0/../../../../avr/lib/avr5\libm.a(divsf3.o)
                0x00001d0a                __divsf3
 .text.avr-libc.fplib
                0x00001d12       0xdc c:/program files (x86)/atmel/studio/7.0/toolchain/avr8/avr8-gnu-toolchain/bin/../lib/gcc/avr/5.4.0/../../../../avr/lib/avr5\libm.a(divsf3x.o)
                0x00001d32                __divsf3x
                0x00001d38                __divsf3_pse
 .text.avr-libc.fplib
                0x00001dee       0x78 c:/program files (x86)/atmel/studio/7.0/toolchain/avr8/avr8-gnu-toolchain/bin/../lib/gcc/avr/5.4.0/../../../../avr/lib/avr5\libm.a(fixsfdi.o)
                0x00001dee                __fixsfdi
                0x00001df8                __fixunssfdi
 .text.avr-libc.fplib
                0x00001e66       0x5e c:/program files (x86)/atmel/studio/7.0/toolchain/avr8/avr8-gnu-toolchain/bin/../lib/gcc/avr/5.4.0/../../../../avr/lib/avr5\libm.a(fixunssfsi.o)
                0x00001e66                __fixunssfsi
 .text.avr-libc.fplib
                0x00001ec4        0xc c:/program files (x86)/atmel/studio/7.0/toolchain/avr8/avr8-gnu-toolchain/bin/../lib/gcc/avr/5.4.0/../../../../avr/lib/avr5\libm.a(floatdisf.o)
                0x00001ec4                __floatdisf
 .text.avr-libc.fplib
                0x00001ed0       0x7a c:/program files (x86)/atmel/studio/7.0/toolchain/avr8/avr8-gnu-toolchain/bin/../lib/gcc/avr/5.4.0/../../../../avr/lib/avr5\libm.a(floatsisf.o)
                0x00001ed0                __floatunsisf
                0x00001ed4                __floatsisf
 .text.avr-libc.fplib
                0x00001f4a       0x7c c:/program files (x86)/atmel/studio/7.0/toolchain/avr8/avr8-gnu-toolchain/bin/../lib/gcc/avr/5.4.0/../../../../avr/lib/avr5\libm.a(floatundisf.o)
                0x00001f4a                __floatundisf
                0x00001f4c                __fp_di2sf
 .text.avr-libc.fplib
                0x00001fc6       0x3e c:/program files (x86)/atmel/studio/7.0/toolchain/avr8/avr8-gnu-toolchain/bin/../lib/gcc/avr/5.4.0/../../../../avr/lib/avr5\libm.a(fmax.o)
                0x00001fc6                fmax
 .text.avr-libc.fplib
                0x00002004       0x3e c:/program files (x86)/atmel/studio/7.0/toolchain/avr8/avr8-gnu-toolchain/bin/../lib/gcc/avr/5.4.0/../../../../avr/lib/avr5\libm.a(fmin.o)
                0x00002004                fmin
 .text.avr-libc.fplib
                0x00002042       0x48 c:/program files (x86)/atmel/studio/7.0/toolchain/avr8/avr8-gnu-toolchain/bin/../lib/gcc/avr/5.4.0/../../../../avr/lib/avr5\libm.a(fp_cmp.o)
                0x00002042                __fp_cmp
 .text.avr-libc.fplib
                0x0000208a        0xc c:/program files (x86)/atmel/studio/7.0/toolchain/avr8/avr8-gnu-toolchain/bin/../lib/gcc/avr/5.4.0/../../../../avr/lib/avr5\libm.a(fp_inf.o)
                0x0000208a                __fp_inf
 .text.avr-libc.fplib
                0x00002096        0x6 c:/program files (x86)/atmel/studio/7.0/toolchain/avr8/avr8-gnu-toolchain/bin/../lib/gcc/avr/5.4.0/../../../../avr/lib/avr5\libm.a(fp_nan.o)
                0x00002096                __fp_nan
 .text.avr-libc.fplib
                0x0000209c       0x20 c:/program files (x86)/atmel/studio/7.0/toolchain/avr8/avr8-gnu-toolchain/bin/../lib/gcc/avr/5.4.0/../../../../avr/lib/avr5\libm.a(fp_negdi.o)
                0x0000209c                __fp_negdi
 .text.avr-libc.fplib
                0x000020bc        0xe c:/program files (x86)/atmel/studio/7.0/toolchain/avr8/avr8-gnu-toolchain/bin/../lib/gcc/avr/5.4.0/../../../../avr/lib/avr5\libm.a(fp_pscA.o)
                0x000020bc                __fp_pscA
 .text.avr-libc.fplib
                0x000020ca        0xe c:/program files (x86)/atmel/studio/7.0/toolchain/avr8/avr8-gnu-toolchain/bin/../lib/gcc/avr/5.4.0/../../../../avr/lib/avr5\libm.a(fp_pscB.o)
                0x000020ca                __fp_pscB
 .text.avr-libc.fplib
                0x000020d8       0x22 c:/program files (x86)/atmel/studio/7.0/toolchain/avr8/avr8-gnu-toolchain/bin/../lib/gcc/avr/5.4.0/../../../../avr/lib/avr5\libm.a(fp_round.o)
                0x000020d8                __fp_round
 .text.avr-libc.fplib
                0x000020fa       0x44 c:/program files (x86)/atmel/studio/7.0/toolchain/avr8/avr8-gnu-toolchain/bin/../lib/gcc/avr/5.4.0/../../../../avr/lib/avr5\libm.a(fp_split3.o)
                0x000020fa                __fp_split3
                0x0000210a                __fp_splitA
 .text.avr-libc.fplib
                0x0000213e        0xe c:/program files (x86)/atmel/studio/7.0/toolchain/avr8/avr8-gnu-toolchain/bin/../lib/gcc/avr/5.4.0/../../../../avr/lib/avr5\libm.a(fp_zero.o)
                0x0000213e                __fp_zero
                0x00002140                __fp_szero
 .text.avr-libc.fplib
                0x0000214c        0x8 c:/program files (x86)/atmel/studio/7.0/toolchain/avr8/avr8-gnu-toolchain/bin/../lib/gcc/avr/5.4.0/../../../../avr/lib/avr5\libm.a(mulsf3.o)
                0x0000214c                __mulsf3
 .text.avr-libc.fplib
                0x00002154       0xd2 c:/program files (x86)/atmel/studio/7.0/toolchain/avr8/avr8-gnu-toolchain/bin/../lib/gcc/avr/5.4.0/../../../../avr/lib/avr5\libm.a(mulsf3x.o)
                0x00002172                __mulsf3x
                0x00002178                __mulsf3_pse
 .text.avr-libc.fplib
                0x00002226       0x10 c:/program files (x86)/atmel/studio/7.0/toolchain/avr8/avr8-gnu-toolchain/bin/../lib/gcc/avr/5.4.0/../../../../avr/lib/avr5\libm.a(sin.o)
                0x00002226                sin
 .text.avr-libc.fplib
                0x00002236       0x56 c:/program files (x86)/atmel/studio/7.0/toolchain/avr8/avr8-gnu-toolchain/bin/../lib/gcc/avr/5.4.0/../../../../avr/lib/avr5\libm.a(fp_rempio2.o)
                0x0000223a                __fp_rempio2
 .text.avr-libc.fplib
                0x0000228c       0x28 c:/program files (x86)/atmel/studio/7.0/toolchain/avr8/avr8-gnu-toolchain/bin/../lib/gcc/avr/5.4.0/../../../../avr/lib/avr5\libm.a(fp_sinus.o)
                0x0000228c                __fp_sinus
 .text.avr-libc.fplib
                0x000022b4       0x1c c:/program files (x86)/atmel/studio/7.0/toolchain/avr8/avr8-gnu-toolchain/bin/../lib/gcc/avr/5.4.0/../../../../avr/lib/avr5\libm.a(fp_mpack.o)
                0x000022b4                __fp_mpack
                0x000022b8                __fp_mpack_finite
 .text.avr-libc.fplib
                0x000022d0       0x28 c:/program files (x86)/atmel/studio/7.0/toolchain/avr8/avr8-gnu-toolchain/bin/../lib/gcc/avr/5.4.0/../../../../avr/lib/avr5\libm.a(fp_powsodd.o)
                0x000022d0                __fp_powsodd
 .text.avr-libc.fplib
                0x000022f8       0x4e c:/program files (x86)/atmel/studio/7.0/toolchain/avr8/avr8-gnu-toolchain/bin/../lib/gcc/avr/5.4.0/../../../../avr/lib/avr5\libm.a(fp_powser.o)
                0x000022f8                __fp_powser
 .text.MorphUtils_empty_callback
                0x00002346        0x2 C:\Users\243400\Projects\MorphLibrary\MorphLibrary\Debug\libMorphLibrary.a(MorphADC.o)
 .text.MorphADC_register_get_adc_value_function
                0x00002348        0xa C:\Users\243400\Projects\MorphLibrary\MorphLibrary\Debug\libMorphLibrary.a(MorphADC.o)
                0x00002348                MorphADC_register_get_adc_value_function
 .text.MorphADC_register_get_adc_pin_function
                0x00002352        0xa C:\Users\243400\Projects\MorphLibrary\MorphLibrary\Debug\libMorphLibrary.a(MorphADC.o)
                0x00002352                MorphADC_register_get_adc_pin_function
 .text.MorphADC_register_init_adc_function
                0x0000235c        0xa C:\Users\243400\Projects\MorphLibrary\MorphLibrary\Debug\libMorphLibrary.a(MorphADC.o)
                0x0000235c                MorphADC_register_init_adc_function
 .text.MorphADC_register_read_function
                0x00002366        0xa C:\Users\243400\Projects\MorphLibrary\MorphLibrary\Debug\libMorphLibrary.a(MorphADC.o)
                0x00002366                MorphADC_register_read_function
 .text.MorphADC_register_set_resolution_function
                0x00002370        0xa C:\Users\243400\Projects\MorphLibrary\MorphLibrary\Debug\libMorphLibrary.a(MorphADC.o)
                0x00002370                MorphADC_register_set_resolution_function
 .text.MorphADC_register_set_reference_function
                0x0000237a        0xa C:\Users\243400\Projects\MorphLibrary\MorphLibrary\Debug\libMorphLibrary.a(MorphADC.o)
                0x0000237a                MorphADC_register_set_reference_function
 .text.MorphADC_register_set_prescaler_function
                0x00002384        0xa C:\Users\243400\Projects\MorphLibrary\MorphLibrary\Debug\libMorphLibrary.a(MorphADC.o)
                0x00002384                MorphADC_register_set_prescaler_function
 .text.MorphADC_register_get_maximum_value
                0x0000238e        0xa C:\Users\243400\Projects\MorphLibrary\MorphLibrary\Debug\libMorphLibrary.a(MorphADC.o)
                0x0000238e                MorphADC_register_get_maximum_value
 .text.MorphUtils_empty_callback
                0x00002398        0x2 C:\Users\243400\Projects\MorphLibrary\MorphLibrary\Debug\libMorphLibrary.a(MorphGPIO.o)
 .text.MorphGPIO_register_set_pin_value_function
                0x0000239a        0xa C:\Users\243400\Projects\MorphLibrary\MorphLibrary\Debug\libMorphLibrary.a(MorphGPIO.o)
                0x0000239a                MorphGPIO_register_set_pin_value_function
 .text.MorphGPIO_register_get_pin_value_function
                0x000023a4        0xa C:\Users\243400\Projects\MorphLibrary\MorphLibrary\Debug\libMorphLibrary.a(MorphGPIO.o)
                0x000023a4                MorphGPIO_register_get_pin_value_function
 .text.MorphGPIO_register_set_pin_direction_function
                0x000023ae        0xa C:\Users\243400\Projects\MorphLibrary\MorphLibrary\Debug\libMorphLibrary.a(MorphGPIO.o)
                0x000023ae                MorphGPIO_register_set_pin_direction_function
 .text.MorphGPIO_register_get_pin_direction_function
                0x000023b8        0xa C:\Users\243400\Projects\MorphLibrary\MorphLibrary\Debug\libMorphLibrary.a(MorphGPIO.o)
                0x000023b8                MorphGPIO_register_get_pin_direction_function
 .text.MorphGPIO_register_set_pin_pull_state_function
                0x000023c2        0xa C:\Users\243400\Projects\MorphLibrary\MorphLibrary\Debug\libMorphLibrary.a(MorphGPIO.o)
                0x000023c2                MorphGPIO_register_set_pin_pull_state_function
 .text.MorphGPIO_register_get_pin_pull_state_function
                0x000023cc        0xa C:\Users\243400\Projects\MorphLibrary\MorphLibrary\Debug\libMorphLibrary.a(MorphGPIO.o)
                0x000023cc                MorphGPIO_register_get_pin_pull_state_function
 .text.MorphGPIO_set_pin_value
                0x000023d6        0xc C:\Users\243400\Projects\MorphLibrary\MorphLibrary\Debug\libMorphLibrary.a(MorphGPIO.o)
                0x000023d6                MorphGPIO_set_pin_value
 .text.MorphGPIO_set_pin_direction
                0x000023e2        0xc C:\Users\243400\Projects\MorphLibrary\MorphLibrary\Debug\libMorphLibrary.a(MorphGPIO.o)
                0x000023e2                MorphGPIO_set_pin_direction
 .text.MorphGPIO_set_pin_pull_state
                0x000023ee        0xc C:\Users\243400\Projects\MorphLibrary\MorphLibrary\Debug\libMorphLibrary.a(MorphGPIO.o)
                0x000023ee                MorphGPIO_set_pin_pull_state
 .text.MorphUtils_empty_callback
                0x000023fa        0x2 C:\Users\243400\Projects\MorphLibrary\MorphLibrary\Debug\libMorphLibrary.a(MorphPWM.o)
 .text.MorphPWM_register_start_pwm
                0x000023fc        0xa C:\Users\243400\Projects\MorphLibrary\MorphLibrary\Debug\libMorphLibrary.a(MorphPWM.o)
                0x000023fc                MorphPWM_register_start_pwm
 .text.MorphPWM_register_stop_pwm
                0x00002406        0xa C:\Users\243400\Projects\MorphLibrary\MorphLibrary\Debug\libMorphLibrary.a(MorphPWM.o)
                0x00002406                MorphPWM_register_stop_pwm
 .text.MorphPWM_register_set_pwm_duty_float
                0x00002410        0xa C:\Users\243400\Projects\MorphLibrary\MorphLibrary\Debug\libMorphLibrary.a(MorphPWM.o)
                0x00002410                MorphPWM_register_set_pwm_duty_float
 .text.MorphPWM_register_set_pwm_duty_64bit
                0x0000241a        0xa C:\Users\243400\Projects\MorphLibrary\MorphLibrary\Debug\libMorphLibrary.a(MorphPWM.o)
                0x0000241a                MorphPWM_register_set_pwm_duty_64bit
 .text.MorphPWM_register_set_pwm_duty_32bit
                0x00002424        0xa C:\Users\243400\Projects\MorphLibrary\MorphLibrary\Debug\libMorphLibrary.a(MorphPWM.o)
                0x00002424                MorphPWM_register_set_pwm_duty_32bit
 .text.MorphPWM_register_set_pwm_duty_16bit
                0x0000242e        0xa C:\Users\243400\Projects\MorphLibrary\MorphLibrary\Debug\libMorphLibrary.a(MorphPWM.o)
                0x0000242e                MorphPWM_register_set_pwm_duty_16bit
 .text.MorphPWM_register_set_pwm_duty_8bit
                0x00002438        0xa C:\Users\243400\Projects\MorphLibrary\MorphLibrary\Debug\libMorphLibrary.a(MorphPWM.o)
                0x00002438                MorphPWM_register_set_pwm_duty_8bit
 .text.MorphPWM_start_pwm
                0x00002442        0xc C:\Users\243400\Projects\MorphLibrary\MorphLibrary\Debug\libMorphLibrary.a(MorphPWM.o)
                0x00002442                MorphPWM_start_pwm
 .text.MorphPWM_set_pwm_duty_float
                0x0000244e        0xc C:\Users\243400\Projects\MorphLibrary\MorphLibrary\Debug\libMorphLibrary.a(MorphPWM.o)
                0x0000244e                MorphPWM_set_pwm_duty_float
 .text.MorphUtils_empty_callback
                0x0000245a        0x2 C:\Users\243400\Projects\MorphLibrary\MorphLibrary\Debug\libMorphLibrary.a(MorphTime.o)
 .text.MorphTime_register_init_function
                0x0000245c        0xa C:\Users\243400\Projects\MorphLibrary\MorphLibrary\Debug\libMorphLibrary.a(MorphTime.o)
                0x0000245c                MorphTime_register_init_function
 .text.MorphTime_register_init_rtc_function
                0x00002466        0xa C:\Users\243400\Projects\MorphLibrary\MorphLibrary\Debug\libMorphLibrary.a(MorphTime.o)
                0x00002466                MorphTime_register_init_rtc_function
 .text.MorphTime_register_millis_function
                0x00002470        0xa C:\Users\243400\Projects\MorphLibrary\MorphLibrary\Debug\libMorphLibrary.a(MorphTime.o)
                0x00002470                MorphTime_register_millis_function
 .text.MorphTime_init
                0x0000247a        0xc C:\Users\243400\Projects\MorphLibrary\MorphLibrary\Debug\libMorphLibrary.a(MorphTime.o)
                0x0000247a                MorphTime_init
 .text.MorphTime_millis
                0x00002486        0xc C:\Users\243400\Projects\MorphLibrary\MorphLibrary\Debug\libMorphLibrary.a(MorphTime.o)
                0x00002486                MorphTime_millis
 .text.MorphUtils_empty_callback
                0x00002492        0x2 C:\Users\243400\Projects\MorphLibrary\MorphLibrary\Debug\libMorphLibrary.a(MorphTimer.o)
 .text.MorphTimer_register_acquire_timer_function
                0x00002494        0xa C:\Users\243400\Projects\MorphLibrary\MorphLibrary\Debug\libMorphLibrary.a(MorphTimer.o)
                0x00002494                MorphTimer_register_acquire_timer_function
 .text.MorphTimer_register_release_timer_function
                0x0000249e        0xa C:\Users\243400\Projects\MorphLibrary\MorphLibrary\Debug\libMorphLibrary.a(MorphTimer.o)
                0x0000249e                MorphTimer_register_release_timer_function
 .text.MorphTimer_register_set_rate_function
                0x000024a8        0xa C:\Users\243400\Projects\MorphLibrary\MorphLibrary\Debug\libMorphLibrary.a(MorphTimer.o)
                0x000024a8                MorphTimer_register_set_rate_function
 .text.MorphTimer_register_set_timer_callback_function
                0x000024b2        0xa C:\Users\243400\Projects\MorphLibrary\MorphLibrary\Debug\libMorphLibrary.a(MorphTimer.o)
                0x000024b2                MorphTimer_register_set_timer_callback_function
 .text.MorphTimer_set_timer_callback
                0x000024bc        0xc C:\Users\243400\Projects\MorphLibrary\MorphLibrary\Debug\libMorphLibrary.a(MorphTimer.o)
                0x000024bc                MorphTimer_set_timer_callback
 .text.MorphUtils_empty_callback
                0x000024c8        0x2 C:\Users\243400\Projects\MorphLibrary\MorphLibrary\Debug\libMorphLibrary.a(MorphUART.o)
 .text.MorphUART_register_setup_channel_function
                0x000024ca        0xa C:\Users\243400\Projects\MorphLibrary\MorphLibrary\Debug\libMorphLibrary.a(MorphUART.o)
                0x000024ca                MorphUART_register_setup_channel_function
 .text.MorphUART_register_send_data_function
                0x000024d4        0xa C:\Users\243400\Projects\MorphLibrary\MorphLibrary\Debug\libMorphLibrary.a(MorphUART.o)
                0x000024d4                MorphUART_register_send_data_function
 .text.MorphUART_register_read_data_function
                0x000024de        0xa C:\Users\243400\Projects\MorphLibrary\MorphLibrary\Debug\libMorphLibrary.a(MorphUART.o)
                0x000024de                MorphUART_register_read_data_function
 .text.MorphUART_register_send_byte_function
                0x000024e8        0xa C:\Users\243400\Projects\MorphLibrary\MorphLibrary\Debug\libMorphLibrary.a(MorphUART.o)
                0x000024e8                MorphUART_register_send_byte_function
 .text.MorphUART_register_read_byte_function
                0x000024f2        0xa C:\Users\243400\Projects\MorphLibrary\MorphLibrary\Debug\libMorphLibrary.a(MorphUART.o)
                0x000024f2                MorphUART_register_read_byte_function
 .text.MorphUART_register_write_data_buffer_function
                0x000024fc        0xa C:\Users\243400\Projects\MorphLibrary\MorphLibrary\Debug\libMorphLibrary.a(MorphUART.o)
                0x000024fc                MorphUART_register_write_data_buffer_function
 .text.MorphUART_register_write_byte_buffer_function
                0x00002506        0xa C:\Users\243400\Projects\MorphLibrary\MorphLibrary\Debug\libMorphLibrary.a(MorphUART.o)
                0x00002506                MorphUART_register_write_byte_buffer_function
 .text.MorphUART_register_read_data_buffer_function
                0x00002510        0xa C:\Users\243400\Projects\MorphLibrary\MorphLibrary\Debug\libMorphLibrary.a(MorphUART.o)
                0x00002510                MorphUART_register_read_data_buffer_function
 .text.MorphUART_register_read_byte_buffer_function
                0x0000251a        0xa C:\Users\243400\Projects\MorphLibrary\MorphLibrary\Debug\libMorphLibrary.a(MorphUART.o)
                0x0000251a                MorphUART_register_read_byte_buffer_function
 .text.MorphUART_register_data_ready_function
                0x00002524        0xa C:\Users\243400\Projects\MorphLibrary\MorphLibrary\Debug\libMorphLibrary.a(MorphUART.o)
                0x00002524                MorphUART_register_data_ready_function
 .text.MorphUART_register_set_tx_pin_function
                0x0000252e        0xa C:\Users\243400\Projects\MorphLibrary\MorphLibrary\Debug\libMorphLibrary.a(MorphUART.o)
                0x0000252e                MorphUART_register_set_tx_pin_function
 .text.MorphUART_register_set_rx_pin_function
                0x00002538        0xa C:\Users\243400\Projects\MorphLibrary\MorphLibrary\Debug\libMorphLibrary.a(MorphUART.o)
                0x00002538                MorphUART_register_set_rx_pin_function
 .text.libgcc.div
                0x00002542       0x62 c:/program files (x86)/atmel/studio/7.0/toolchain/avr8/avr8-gnu-toolchain/bin/../lib/gcc/avr/5.4.0/avr5\libgcc.a(_divdi3.o)
                0x00002542                __moddi3
                0x00002546                __divdi3
                0x00002548                __divdi3_moddi3
 .text.libgcc.div
                0x000025a4       0x1c c:/program files (x86)/atmel/studio/7.0/toolchain/avr8/avr8-gnu-toolchain/bin/../lib/gcc/avr/5.4.0/avr5\libgcc.a(_udivdi3.o)
                0x000025a4                __umoddi3
                0x000025a8                __udivdi3
                0x000025aa                __udivdi3_umoddi3
 .text.libgcc.div
                0x000025c0       0xa2 c:/program files (x86)/atmel/studio/7.0/toolchain/avr8/avr8-gnu-toolchain/bin/../lib/gcc/avr/5.4.0/avr5\libgcc.a(_udivmod64.o)
                0x000025c0                __udivmod64
 .text.libgcc   0x00002662       0x20 c:/program files (x86)/atmel/studio/7.0/toolchain/avr8/avr8-gnu-toolchain/bin/../lib/gcc/avr/5.4.0/avr5\libgcc.a(_negdi2.o)
                0x00002662                __negdi2
 .text.libgcc.prologue
                0x00002682       0x38 c:/program files (x86)/atmel/studio/7.0/toolchain/avr8/avr8-gnu-toolchain/bin/../lib/gcc/avr/5.4.0/avr5\libgcc.a(_prologue.o)
                0x00002682                __prologue_saves__
 .text.libgcc.prologue
                0x000026ba       0x36 c:/program files (x86)/atmel/studio/7.0/toolchain/avr8/avr8-gnu-toolchain/bin/../lib/gcc/avr/5.4.0/avr5\libgcc.a(_epilogue.o)
                0x000026ba                __epilogue_restores__
 .text.libgcc   0x000026f0       0x18 c:/program files (x86)/atmel/studio/7.0/toolchain/avr8/avr8-gnu-toolchain/bin/../lib/gcc/avr/5.4.0/avr5\libgcc.a(_adddi3_s8.o)
                0x000026f0                __adddi3_s8
                0x00002708                . = ALIGN (0x2)
 *(.fini9)
 .fini9         0x00002708        0x0 c:/program files (x86)/atmel/studio/7.0/toolchain/avr8/avr8-gnu-toolchain/bin/../lib/gcc/avr/5.4.0/avr5\libgcc.a(_exit.o)
                0x00002708                _exit
                0x00002708                exit
 *(.fini9)
 *(.fini8)
 *(.fini8)
 *(.fini7)
 *(.fini7)
 *(.fini6)
 *(.fini6)
 *(.fini5)
 *(.fini5)
 *(.fini4)
 *(.fini4)
 *(.fini3)
 *(.fini3)
 *(.fini2)
 *(.fini2)
 *(.fini1)
 *(.fini1)
 *(.fini0)
 .fini0         0x00002708        0x4 c:/program files (x86)/atmel/studio/7.0/toolchain/avr8/avr8-gnu-toolchain/bin/../lib/gcc/avr/5.4.0/avr5\libgcc.a(_exit.o)
 *(.fini0)
                0x0000270c                _etext = .

.data           0x00800100      0x1a0 load address 0x0000270c
                0x00800100                PROVIDE (__data_start, .)
 *(.data)
 *(.data*)
 .data.pin_defs
                0x00800100      0x118 MorphConfigurations/MorphConfigATmega328-28dip.o
                0x00800100                pin_defs
 .data.timer_configs_8_bit
                0x00800218       0x1c MorphConfigurations/MorphConfigATmega328-28dip.o
                0x00800218                timer_configs_8_bit
 .data.timer_configs_16_bit
                0x00800234       0x14 MorphConfigurations/MorphConfigATmega328-28dip.o
                0x00800234                timer_configs_16_bit
 .data.timer_prescaler_values
                0x00800248        0xa MorphConfigurations/MorphConfigATmega328-28dip.o
                0x00800248                timer_prescaler_values
 .data.morph_get_maximum_value_function
                0x00800252        0x2 C:\Users\243400\Projects\MorphLibrary\MorphLibrary\Debug\libMorphLibrary.a(MorphADC.o)
                0x00800252                morph_get_maximum_value_function
 .data.morph_set_prescaler_function
                0x00800254        0x2 C:\Users\243400\Projects\MorphLibrary\MorphLibrary\Debug\libMorphLibrary.a(MorphADC.o)
                0x00800254                morph_set_prescaler_function
 .data.morph_set_reference_function
                0x00800256        0x2 C:\Users\243400\Projects\MorphLibrary\MorphLibrary\Debug\libMorphLibrary.a(MorphADC.o)
                0x00800256                morph_set_reference_function
 .data.morph_set_resolution_function
                0x00800258        0x2 C:\Users\243400\Projects\MorphLibrary\MorphLibrary\Debug\libMorphLibrary.a(MorphADC.o)
                0x00800258                morph_set_resolution_function
 .data.morph_read_function
                0x0080025a        0x2 C:\Users\243400\Projects\MorphLibrary\MorphLibrary\Debug\libMorphLibrary.a(MorphADC.o)
                0x0080025a                morph_read_function
 .data.morph_init_adc_function
                0x0080025c        0x2 C:\Users\243400\Projects\MorphLibrary\MorphLibrary\Debug\libMorphLibrary.a(MorphADC.o)
                0x0080025c                morph_init_adc_function
 .data.morph_get_adc_pin_function
                0x0080025e        0x2 C:\Users\243400\Projects\MorphLibrary\MorphLibrary\Debug\libMorphLibrary.a(MorphADC.o)
                0x0080025e                morph_get_adc_pin_function
 .data.morph_get_adc_value_function
                0x00800260        0x2 C:\Users\243400\Projects\MorphLibrary\MorphLibrary\Debug\libMorphLibrary.a(MorphADC.o)
                0x00800260                morph_get_adc_value_function
 .data.morph_get_pin_pull_state_function
                0x00800262        0x2 C:\Users\243400\Projects\MorphLibrary\MorphLibrary\Debug\libMorphLibrary.a(MorphGPIO.o)
                0x00800262                morph_get_pin_pull_state_function
 .data.morph_set_pin_pull_state_function
                0x00800264        0x2 C:\Users\243400\Projects\MorphLibrary\MorphLibrary\Debug\libMorphLibrary.a(MorphGPIO.o)
                0x00800264                morph_set_pin_pull_state_function
 .data.morph_get_pin_direction_function
                0x00800266        0x2 C:\Users\243400\Projects\MorphLibrary\MorphLibrary\Debug\libMorphLibrary.a(MorphGPIO.o)
                0x00800266                morph_get_pin_direction_function
 .data.morph_set_pin_direction_function
                0x00800268        0x2 C:\Users\243400\Projects\MorphLibrary\MorphLibrary\Debug\libMorphLibrary.a(MorphGPIO.o)
                0x00800268                morph_set_pin_direction_function
 .data.morph_get_pin_value_function
                0x0080026a        0x2 C:\Users\243400\Projects\MorphLibrary\MorphLibrary\Debug\libMorphLibrary.a(MorphGPIO.o)
                0x0080026a                morph_get_pin_value_function
 .data.morph_set_pin_value_function
                0x0080026c        0x2 C:\Users\243400\Projects\MorphLibrary\MorphLibrary\Debug\libMorphLibrary.a(MorphGPIO.o)
                0x0080026c                morph_set_pin_value_function
 .data.morph_set_pwm_duty_8bit_function
                0x0080026e        0x2 C:\Users\243400\Projects\MorphLibrary\MorphLibrary\Debug\libMorphLibrary.a(MorphPWM.o)
                0x0080026e                morph_set_pwm_duty_8bit_function
 .data.morph_set_pwm_duty_16bit_function
                0x00800270        0x2 C:\Users\243400\Projects\MorphLibrary\MorphLibrary\Debug\libMorphLibrary.a(MorphPWM.o)
                0x00800270                morph_set_pwm_duty_16bit_function
 .data.morph_set_pwm_duty_32bit_function
                0x00800272        0x2 C:\Users\243400\Projects\MorphLibrary\MorphLibrary\Debug\libMorphLibrary.a(MorphPWM.o)
                0x00800272                morph_set_pwm_duty_32bit_function
 .data.morph_set_pwm_duty_64bit_function
                0x00800274        0x2 C:\Users\243400\Projects\MorphLibrary\MorphLibrary\Debug\libMorphLibrary.a(MorphPWM.o)
                0x00800274                morph_set_pwm_duty_64bit_function
 .data.morph_set_pwm_duty_float_function
                0x00800276        0x2 C:\Users\243400\Projects\MorphLibrary\MorphLibrary\Debug\libMorphLibrary.a(MorphPWM.o)
                0x00800276                morph_set_pwm_duty_float_function
 .data.morph_stop_pwm_function
                0x00800278        0x2 C:\Users\243400\Projects\MorphLibrary\MorphLibrary\Debug\libMorphLibrary.a(MorphPWM.o)
                0x00800278                morph_stop_pwm_function
 .data.morph_start_pwm_function
                0x0080027a        0x2 C:\Users\243400\Projects\MorphLibrary\MorphLibrary\Debug\libMorphLibrary.a(MorphPWM.o)
                0x0080027a                morph_start_pwm_function
 .data.morph_millis_function
                0x0080027c        0x2 C:\Users\243400\Projects\MorphLibrary\MorphLibrary\Debug\libMorphLibrary.a(MorphTime.o)
                0x0080027c                morph_millis_function
 .data.morph_init_rtc_function
                0x0080027e        0x2 C:\Users\243400\Projects\MorphLibrary\MorphLibrary\Debug\libMorphLibrary.a(MorphTime.o)
                0x0080027e                morph_init_rtc_function
 .data.morph_init_function
                0x00800280        0x2 C:\Users\243400\Projects\MorphLibrary\MorphLibrary\Debug\libMorphLibrary.a(MorphTime.o)
                0x00800280                morph_init_function
 .data.morph_set_timer_callback_function
                0x00800282        0x2 C:\Users\243400\Projects\MorphLibrary\MorphLibrary\Debug\libMorphLibrary.a(MorphTimer.o)
                0x00800282                morph_set_timer_callback_function
 .data.morph_set_timer_rate_function
                0x00800284        0x2 C:\Users\243400\Projects\MorphLibrary\MorphLibrary\Debug\libMorphLibrary.a(MorphTimer.o)
                0x00800284                morph_set_timer_rate_function
 .data.morph_release_timer_function
                0x00800286        0x2 C:\Users\243400\Projects\MorphLibrary\MorphLibrary\Debug\libMorphLibrary.a(MorphTimer.o)
                0x00800286                morph_release_timer_function
 .data.morph_aquire_timer_function
                0x00800288        0x2 C:\Users\243400\Projects\MorphLibrary\MorphLibrary\Debug\libMorphLibrary.a(MorphTimer.o)
                0x00800288                morph_aquire_timer_function
 .data.morph_set_rx_pin_function
                0x0080028a        0x2 C:\Users\243400\Projects\MorphLibrary\MorphLibrary\Debug\libMorphLibrary.a(MorphUART.o)
                0x0080028a                morph_set_rx_pin_function
 .data.morph_set_tx_pin_function
                0x0080028c        0x2 C:\Users\243400\Projects\MorphLibrary\MorphLibrary\Debug\libMorphLibrary.a(MorphUART.o)
                0x0080028c                morph_set_tx_pin_function
 .data.morph_read_byte_buffer_function
                0x0080028e        0x2 C:\Users\243400\Projects\MorphLibrary\MorphLibrary\Debug\libMorphLibrary.a(MorphUART.o)
                0x0080028e                morph_read_byte_buffer_function
 .data.morph_read_data_buffer_function
                0x00800290        0x2 C:\Users\243400\Projects\MorphLibrary\MorphLibrary\Debug\libMorphLibrary.a(MorphUART.o)
                0x00800290                morph_read_data_buffer_function
 .data.morph_write_byte_buffer_function
                0x00800292        0x2 C:\Users\243400\Projects\MorphLibrary\MorphLibrary\Debug\libMorphLibrary.a(MorphUART.o)
                0x00800292                morph_write_byte_buffer_function
 .data.morph_write_data_buffer_function
                0x00800294        0x2 C:\Users\243400\Projects\MorphLibrary\MorphLibrary\Debug\libMorphLibrary.a(MorphUART.o)
                0x00800294                morph_write_data_buffer_function
 .data.morph_read_byte_function
                0x00800296        0x2 C:\Users\243400\Projects\MorphLibrary\MorphLibrary\Debug\libMorphLibrary.a(MorphUART.o)
                0x00800296                morph_read_byte_function
 .data.morph_send_byte_function
                0x00800298        0x2 C:\Users\243400\Projects\MorphLibrary\MorphLibrary\Debug\libMorphLibrary.a(MorphUART.o)
                0x00800298                morph_send_byte_function
 .data.morph_read_data_function
                0x0080029a        0x2 C:\Users\243400\Projects\MorphLibrary\MorphLibrary\Debug\libMorphLibrary.a(MorphUART.o)
                0x0080029a                morph_read_data_function
 .data.morph_send_data_function
                0x0080029c        0x2 C:\Users\243400\Projects\MorphLibrary\MorphLibrary\Debug\libMorphLibrary.a(MorphUART.o)
                0x0080029c                morph_send_data_function
 .data.morph_setup_channel_function
                0x0080029e        0x2 C:\Users\243400\Projects\MorphLibrary\MorphLibrary\Debug\libMorphLibrary.a(MorphUART.o)
                0x0080029e                morph_setup_channel_function
 *(.gnu.linkonce.d*)
 *(.rodata)
 *(.rodata*)
 *(.gnu.linkonce.r*)
                0x008002a0                . = ALIGN (0x2)
                0x008002a0                _edata = .
                0x008002a0                PROVIDE (__data_end, .)

.bss            0x008002a0        0xb
                0x008002a0                PROVIDE (__bss_start, .)
 *(.bss)
 *(.bss*)
 .bss.pin_on    0x008002a0        0x1 main.o
                0x008002a0                pin_on
 *(COMMON)
 COMMON         0x008002a1        0x8 MorphConfigurations/MorphConfigATmega328-28dip.o
                0x008002a1                millis_ticks
 COMMON         0x008002a9        0x2 C:\Users\243400\Projects\MorphLibrary\MorphLibrary\Debug\libMorphLibrary.a(MorphUART.o)
                0x008002a9                morph_data_ready_function
                0x008002ab                PROVIDE (__bss_end, .)
                0x0000270c                __data_load_start = LOADADDR (.data)
                0x000028ac                __data_load_end = (__data_load_start + SIZEOF (.data))

.noinit         0x008002ab        0x0
                [!provide]                PROVIDE (__noinit_start, .)
 *(.noinit*)
                [!provide]                PROVIDE (__noinit_end, .)
                0x008002ab                _end = .
                [!provide]                PROVIDE (__heap_start, .)

.eeprom         0x00810000        0x0
 *(.eeprom*)
                0x00810000                __eeprom_end = .

.fuse
 *(.fuse)
 *(.lfuse)
 *(.hfuse)
 *(.efuse)

.lock
 *(.lock*)

.signature
 *(.signature*)

.user_signatures
 *(.user_signatures*)

.stab
 *(.stab)

.stabstr
 *(.stabstr)

.stab.excl
 *(.stab.excl)

.stab.exclstr
 *(.stab.exclstr)

.stab.index
 *(.stab.index)

.stab.indexstr
 *(.stab.indexstr)

.comment        0x00000000       0x30
 *(.comment)
 .comment       0x00000000       0x30 main.o
                                 0x31 (size before relaxing)
 .comment       0x00000030       0x31 MorphConfigurations/MorphConfigATmega328-28dip.o
 .comment       0x00000030       0x31 C:\Users\243400\Projects\MorphLibrary\MorphLibrary\Debug\libMorphLibrary.a(MorphADC.o)
 .comment       0x00000030       0x31 C:\Users\243400\Projects\MorphLibrary\MorphLibrary\Debug\libMorphLibrary.a(MorphGPIO.o)
 .comment       0x00000030       0x31 C:\Users\243400\Projects\MorphLibrary\MorphLibrary\Debug\libMorphLibrary.a(MorphPWM.o)
 .comment       0x00000030       0x31 C:\Users\243400\Projects\MorphLibrary\MorphLibrary\Debug\libMorphLibrary.a(MorphTime.o)
 .comment       0x00000030       0x31 C:\Users\243400\Projects\MorphLibrary\MorphLibrary\Debug\libMorphLibrary.a(MorphTimer.o)
 .comment       0x00000030       0x31 C:\Users\243400\Projects\MorphLibrary\MorphLibrary\Debug\libMorphLibrary.a(MorphUART.o)

.note.gnu.avr.deviceinfo
                0x00000000       0x40
 .note.gnu.avr.deviceinfo
                0x00000000       0x40 C:/Program Files (x86)/Atmel/Studio/7.0/Packs/atmel/ATmega_DFP/1.2.209/gcc/dev/atmega328p/avr5/crtatmega328p.o

.note.gnu.build-id
 *(.note.gnu.build-id)

.debug
 *(.debug)

.line
 *(.line)

.debug_srcinfo
 *(.debug_srcinfo)

.debug_sfnames
 *(.debug_sfnames)

.debug_aranges  0x00000000      0x628
 *(.debug_aranges)
 .debug_aranges
                0x00000000       0x38 main.o
 .debug_aranges
                0x00000038      0x228 MorphConfigurations/MorphConfigATmega328-28dip.o
 .debug_aranges
                0x00000260       0xa0 C:\Users\243400\Projects\MorphLibrary\MorphLibrary\Debug\libMorphLibrary.a(MorphADC.o)
 .debug_aranges
                0x00000300       0xa8 C:\Users\243400\Projects\MorphLibrary\MorphLibrary\Debug\libMorphLibrary.a(MorphGPIO.o)
 .debug_aranges
                0x000003a8       0x90 C:\Users\243400\Projects\MorphLibrary\MorphLibrary\Debug\libMorphLibrary.a(MorphPWM.o)
 .debug_aranges
                0x00000438       0x50 C:\Users\243400\Projects\MorphLibrary\MorphLibrary\Debug\libMorphLibrary.a(MorphTime.o)
 .debug_aranges
                0x00000488       0x80 C:\Users\243400\Projects\MorphLibrary\MorphLibrary\Debug\libMorphLibrary.a(MorphTimer.o)
 .debug_aranges
                0x00000508      0x120 C:\Users\243400\Projects\MorphLibrary\MorphLibrary\Debug\libMorphLibrary.a(MorphUART.o)

.debug_pubnames
 *(.debug_pubnames)

.debug_info     0x00000000     0x4092
 *(.debug_info .gnu.linkonce.wi.*)
 .debug_info    0x00000000      0x5f4 C:/Program Files (x86)/Atmel/Studio/7.0/Packs/atmel/ATmega_DFP/1.2.209/gcc/dev/atmega328p/avr5/crtatmega328p.o
 .debug_info    0x000005f4      0x173 main.o
 .debug_info    0x00000767     0x1544 MorphConfigurations/MorphConfigATmega328-28dip.o
 .debug_info    0x00001cab      0x606 C:\Users\243400\Projects\MorphLibrary\MorphLibrary\Debug\libMorphLibrary.a(MorphADC.o)
 .debug_info    0x000022b1      0x613 C:\Users\243400\Projects\MorphLibrary\MorphLibrary\Debug\libMorphLibrary.a(MorphGPIO.o)
 .debug_info    0x000028c4      0x533 C:\Users\243400\Projects\MorphLibrary\MorphLibrary\Debug\libMorphLibrary.a(MorphPWM.o)
 .debug_info    0x00002df7      0x214 C:\Users\243400\Projects\MorphLibrary\MorphLibrary\Debug\libMorphLibrary.a(MorphTime.o)
 .debug_info    0x0000300b      0x4b2 C:\Users\243400\Projects\MorphLibrary\MorphLibrary\Debug\libMorphLibrary.a(MorphTimer.o)
 .debug_info    0x000034bd      0xbd5 C:\Users\243400\Projects\MorphLibrary\MorphLibrary\Debug\libMorphLibrary.a(MorphUART.o)

.debug_abbrev   0x00000000      0xffd
 *(.debug_abbrev)
 .debug_abbrev  0x00000000      0x5a2 C:/Program Files (x86)/Atmel/Studio/7.0/Packs/atmel/ATmega_DFP/1.2.209/gcc/dev/atmega328p/avr5/crtatmega328p.o
 .debug_abbrev  0x000005a2       0xdf main.o
 .debug_abbrev  0x00000681      0x27d MorphConfigurations/MorphConfigATmega328-28dip.o
 .debug_abbrev  0x000008fe      0x114 C:\Users\243400\Projects\MorphLibrary\MorphLibrary\Debug\libMorphLibrary.a(MorphADC.o)
 .debug_abbrev  0x00000a12      0x159 C:\Users\243400\Projects\MorphLibrary\MorphLibrary\Debug\libMorphLibrary.a(MorphGPIO.o)
 .debug_abbrev  0x00000b6b       0xed C:\Users\243400\Projects\MorphLibrary\MorphLibrary\Debug\libMorphLibrary.a(MorphPWM.o)
 .debug_abbrev  0x00000c58      0x113 C:\Users\243400\Projects\MorphLibrary\MorphLibrary\Debug\libMorphLibrary.a(MorphTime.o)
 .debug_abbrev  0x00000d6b      0x110 C:\Users\243400\Projects\MorphLibrary\MorphLibrary\Debug\libMorphLibrary.a(MorphTimer.o)
 .debug_abbrev  0x00000e7b      0x182 C:\Users\243400\Projects\MorphLibrary\MorphLibrary\Debug\libMorphLibrary.a(MorphUART.o)

.debug_line     0x00000000     0x1ce4
 *(.debug_line .debug_line.* .debug_line_end)
 .debug_line    0x00000000      0x133 C:/Program Files (x86)/Atmel/Studio/7.0/Packs/atmel/ATmega_DFP/1.2.209/gcc/dev/atmega328p/avr5/crtatmega328p.o
 .debug_line    0x00000133      0x21e main.o
 .debug_line    0x00000351      0xbff MorphConfigurations/MorphConfigATmega328-28dip.o
 .debug_line    0x00000f50      0x280 C:\Users\243400\Projects\MorphLibrary\MorphLibrary\Debug\libMorphLibrary.a(MorphADC.o)
 .debug_line    0x000011d0      0x233 C:\Users\243400\Projects\MorphLibrary\MorphLibrary\Debug\libMorphLibrary.a(MorphGPIO.o)
 .debug_line    0x00001403      0x228 C:\Users\243400\Projects\MorphLibrary\MorphLibrary\Debug\libMorphLibrary.a(MorphPWM.o)
 .debug_line    0x0000162b      0x101 C:\Users\243400\Projects\MorphLibrary\MorphLibrary\Debug\libMorphLibrary.a(MorphTime.o)
 .debug_line    0x0000172c      0x19d C:\Users\243400\Projects\MorphLibrary\MorphLibrary\Debug\libMorphLibrary.a(MorphTimer.o)
 .debug_line    0x000018c9      0x41b C:\Users\243400\Projects\MorphLibrary\MorphLibrary\Debug\libMorphLibrary.a(MorphUART.o)

.debug_frame    0x00000000     0x1240
 *(.debug_frame)
 .debug_frame   0x00000000       0xe4 main.o
 .debug_frame   0x000000e4      0xa30 MorphConfigurations/MorphConfigATmega328-28dip.o
 .debug_frame   0x00000b14      0x124 C:\Users\243400\Projects\MorphLibrary\MorphLibrary\Debug\libMorphLibrary.a(MorphADC.o)
 .debug_frame   0x00000c38      0x134 C:\Users\243400\Projects\MorphLibrary\MorphLibrary\Debug\libMorphLibrary.a(MorphGPIO.o)
 .debug_frame   0x00000d6c      0x110 C:\Users\243400\Projects\MorphLibrary\MorphLibrary\Debug\libMorphLibrary.a(MorphPWM.o)
 .debug_frame   0x00000e7c       0x84 C:\Users\243400\Projects\MorphLibrary\MorphLibrary\Debug\libMorphLibrary.a(MorphTime.o)
 .debug_frame   0x00000f00       0xf8 C:\Users\243400\Projects\MorphLibrary\MorphLibrary\Debug\libMorphLibrary.a(MorphTimer.o)
 .debug_frame   0x00000ff8      0x248 C:\Users\243400\Projects\MorphLibrary\MorphLibrary\Debug\libMorphLibrary.a(MorphUART.o)

.debug_str      0x00000000     0x2464
 *(.debug_str)
 .debug_str     0x00000000      0x208 C:/Program Files (x86)/Atmel/Studio/7.0/Packs/atmel/ATmega_DFP/1.2.209/gcc/dev/atmega328p/avr5/crtatmega328p.o
 .debug_str     0x00000208      0x1f4 main.o
                                0x233 (size before relaxing)
 .debug_str     0x000003fc      0xd87 MorphConfigurations/MorphConfigATmega328-28dip.o
                                0xfe0 (size before relaxing)
 .debug_str     0x00001183      0x3b2 C:\Users\243400\Projects\MorphLibrary\MorphLibrary\Debug\libMorphLibrary.a(MorphADC.o)
                                0x4f3 (size before relaxing)
 .debug_str     0x00001535      0x370 C:\Users\243400\Projects\MorphLibrary\MorphLibrary\Debug\libMorphLibrary.a(MorphGPIO.o)
                                0x5ff (size before relaxing)
 .debug_str     0x000018a5      0x290 C:\Users\243400\Projects\MorphLibrary\MorphLibrary\Debug\libMorphLibrary.a(MorphPWM.o)
                                0x44e (size before relaxing)
 .debug_str     0x00001b35       0xef C:\Users\243400\Projects\MorphLibrary\MorphLibrary\Debug\libMorphLibrary.a(MorphTime.o)
                                0x2ab (size before relaxing)
 .debug_str     0x00001c24      0x26c C:\Users\243400\Projects\MorphLibrary\MorphLibrary\Debug\libMorphLibrary.a(MorphTimer.o)
                                0x429 (size before relaxing)
 .debug_str     0x00001e90      0x5d4 C:\Users\243400\Projects\MorphLibrary\MorphLibrary\Debug\libMorphLibrary.a(MorphUART.o)
                                0x8a1 (size before relaxing)

.debug_loc      0x00000000     0x268d
 *(.debug_loc)
 .debug_loc     0x00000000      0x1c8 main.o
 .debug_loc     0x000001c8     0x16d4 MorphConfigurations/MorphConfigATmega328-28dip.o
 .debug_loc     0x0000189c      0x1d3 C:\Users\243400\Projects\MorphLibrary\MorphLibrary\Debug\libMorphLibrary.a(MorphADC.o)
 .debug_loc     0x00001a6f      0x1d3 C:\Users\243400\Projects\MorphLibrary\MorphLibrary\Debug\libMorphLibrary.a(MorphGPIO.o)
 .debug_loc     0x00001c42      0x1f1 C:\Users\243400\Projects\MorphLibrary\MorphLibrary\Debug\libMorphLibrary.a(MorphPWM.o)
 .debug_loc     0x00001e33       0x80 C:\Users\243400\Projects\MorphLibrary\MorphLibrary\Debug\libMorphLibrary.a(MorphTime.o)
 .debug_loc     0x00001eb3      0x25b C:\Users\243400\Projects\MorphLibrary\MorphLibrary\Debug\libMorphLibrary.a(MorphTimer.o)
 .debug_loc     0x0000210e      0x57f C:\Users\243400\Projects\MorphLibrary\MorphLibrary\Debug\libMorphLibrary.a(MorphUART.o)

.debug_macinfo
 *(.debug_macinfo)

.debug_weaknames
 *(.debug_weaknames)

.debug_funcnames
 *(.debug_funcnames)

.debug_typenames
 *(.debug_typenames)

.debug_varnames
 *(.debug_varnames)

.debug_pubtypes
 *(.debug_pubtypes)

.debug_ranges   0x00000000      0x5c0
 *(.debug_ranges)
 .debug_ranges  0x00000000       0x28 main.o
 .debug_ranges  0x00000028      0x230 MorphConfigurations/MorphConfigATmega328-28dip.o
 .debug_ranges  0x00000258       0x90 C:\Users\243400\Projects\MorphLibrary\MorphLibrary\Debug\libMorphLibrary.a(MorphADC.o)
 .debug_ranges  0x000002e8       0x98 C:\Users\243400\Projects\MorphLibrary\MorphLibrary\Debug\libMorphLibrary.a(MorphGPIO.o)
 .debug_ranges  0x00000380       0x80 C:\Users\243400\Projects\MorphLibrary\MorphLibrary\Debug\libMorphLibrary.a(MorphPWM.o)
 .debug_ranges  0x00000400       0x40 C:\Users\243400\Projects\MorphLibrary\MorphLibrary\Debug\libMorphLibrary.a(MorphTime.o)
 .debug_ranges  0x00000440       0x70 C:\Users\243400\Projects\MorphLibrary\MorphLibrary\Debug\libMorphLibrary.a(MorphTimer.o)
 .debug_ranges  0x000004b0      0x110 C:\Users\243400\Projects\MorphLibrary\MorphLibrary\Debug\libMorphLibrary.a(MorphUART.o)

.debug_macro
 *(.debug_macro)
OUTPUT(MorphTest-ATmega.elf elf32-avr)
LOAD linker stubs
