Archive member included to satisfy reference by file (symbol)

C:\Users\243400\Projects\MorphLibrary\MorphLibrary-SAMD\Debug\libMorphLibrary-SAMD.a(MorphGPIO.o)
                              main.o (MorphGPIO_register_set_pin_value_function)
C:\Users\243400\Projects\MorphLibrary\MorphLibrary-SAMD\Debug\libMorphLibrary-SAMD.a(MorphTime.o)
                              main.o (MorphTime_register_init_function)
C:\Users\243400\Projects\MorphLibrary\MorphLibrary-SAMD\Debug\libMorphLibrary-SAMD.a(MorphUART.o)
                              main.o (MorphUART_register_setup_channel_function)
c:/program files (x86)/atmel/studio/7.0/toolchain/arm/arm-gnu-toolchain/bin/../lib/gcc/arm-none-eabi/6.3.1/thumb/v6-m\libgcc.a(_udivsi3.o)
                              MorphConfigurations/MorphConfigSAMD21J18A-MU-ND.o (__aeabi_uidiv)
c:/program files (x86)/atmel/studio/7.0/toolchain/arm/arm-gnu-toolchain/bin/../lib/gcc/arm-none-eabi/6.3.1/thumb/v6-m\libgcc.a(_dvmd_tls.o)
                              c:/program files (x86)/atmel/studio/7.0/toolchain/arm/arm-gnu-toolchain/bin/../lib/gcc/arm-none-eabi/6.3.1/thumb/v6-m\libgcc.a(_udivsi3.o) (__aeabi_idiv0)
c:/program files (x86)/atmel/studio/7.0/toolchain/arm/arm-gnu-toolchain/bin/../lib/gcc/arm-none-eabi/6.3.1/thumb/v6-m\libgcc.a(_aeabi_uldivmod.o)
                              main.o (__aeabi_uldivmod)
c:/program files (x86)/atmel/studio/7.0/toolchain/arm/arm-gnu-toolchain/bin/../lib/gcc/arm-none-eabi/6.3.1/thumb/v6-m\libgcc.a(_udivmoddi4.o)
                              c:/program files (x86)/atmel/studio/7.0/toolchain/arm/arm-gnu-toolchain/bin/../lib/gcc/arm-none-eabi/6.3.1/thumb/v6-m\libgcc.a(_aeabi_uldivmod.o) (__udivmoddi4)
c:/program files (x86)/atmel/studio/7.0/toolchain/arm/arm-gnu-toolchain/bin/../lib/gcc/arm-none-eabi/6.3.1/thumb/v6-m\libgcc.a(_clzdi2.o)
                              c:/program files (x86)/atmel/studio/7.0/toolchain/arm/arm-gnu-toolchain/bin/../lib/gcc/arm-none-eabi/6.3.1/thumb/v6-m\libgcc.a(_udivmoddi4.o) (__clzdi2)
c:/program files (x86)/atmel/studio/7.0/toolchain/arm/arm-gnu-toolchain/bin/../lib/gcc/arm-none-eabi/6.3.1/thumb/v6-m\libgcc.a(_clzsi2.o)
                              c:/program files (x86)/atmel/studio/7.0/toolchain/arm/arm-gnu-toolchain/bin/../lib/gcc/arm-none-eabi/6.3.1/thumb/v6-m\libgcc.a(_clzdi2.o) (__clzsi2)
c:/program files (x86)/atmel/studio/7.0/toolchain/arm/arm-gnu-toolchain/bin/../lib/gcc/arm-none-eabi/6.3.1/../../../../arm-none-eabi/lib/thumb/v6-m\libc.a(lib_a-exit.o)
                              c:/program files (x86)/atmel/studio/7.0/toolchain/arm/arm-gnu-toolchain/bin/../lib/gcc/arm-none-eabi/6.3.1/../../../../arm-none-eabi/lib/thumb/v6-m/crt0.o (exit)
c:/program files (x86)/atmel/studio/7.0/toolchain/arm/arm-gnu-toolchain/bin/../lib/gcc/arm-none-eabi/6.3.1/../../../../arm-none-eabi/lib/thumb/v6-m\libc.a(lib_a-impure.o)
                              c:/program files (x86)/atmel/studio/7.0/toolchain/arm/arm-gnu-toolchain/bin/../lib/gcc/arm-none-eabi/6.3.1/../../../../arm-none-eabi/lib/thumb/v6-m\libc.a(lib_a-exit.o) (_global_impure_ptr)
c:/program files (x86)/atmel/studio/7.0/toolchain/arm/arm-gnu-toolchain/bin/../lib/gcc/arm-none-eabi/6.3.1/../../../../arm-none-eabi/lib/thumb/v6-m\libc.a(lib_a-init.o)
                              c:/program files (x86)/atmel/studio/7.0/toolchain/arm/arm-gnu-toolchain/bin/../lib/gcc/arm-none-eabi/6.3.1/../../../../arm-none-eabi/lib/thumb/v6-m/crt0.o (__libc_init_array)
c:/program files (x86)/atmel/studio/7.0/toolchain/arm/arm-gnu-toolchain/bin/../lib/gcc/arm-none-eabi/6.3.1/../../../../arm-none-eabi/lib/thumb/v6-m\libc.a(lib_a-memset.o)
                              c:/program files (x86)/atmel/studio/7.0/toolchain/arm/arm-gnu-toolchain/bin/../lib/gcc/arm-none-eabi/6.3.1/../../../../arm-none-eabi/lib/thumb/v6-m/crt0.o (memset)
c:/program files (x86)/atmel/studio/7.0/toolchain/arm/arm-gnu-toolchain/bin/../lib/gcc/arm-none-eabi/6.3.1/../../../../arm-none-eabi/lib/thumb/v6-m\libc.a(lib_a-__call_atexit.o)
                              c:/program files (x86)/atmel/studio/7.0/toolchain/arm/arm-gnu-toolchain/bin/../lib/gcc/arm-none-eabi/6.3.1/../../../../arm-none-eabi/lib/thumb/v6-m\libc.a(lib_a-exit.o) (__call_exitprocs)
c:/program files (x86)/atmel/studio/7.0/toolchain/arm/arm-gnu-toolchain/bin/../lib/gcc/arm-none-eabi/6.3.1/../../../../arm-none-eabi/lib/thumb/v6-m\libc.a(lib_a-atexit.o)
                              c:/program files (x86)/atmel/studio/7.0/toolchain/arm/arm-gnu-toolchain/bin/../lib/gcc/arm-none-eabi/6.3.1/../../../../arm-none-eabi/lib/thumb/v6-m\libc.a(lib_a-__call_atexit.o) (atexit)
c:/program files (x86)/atmel/studio/7.0/toolchain/arm/arm-gnu-toolchain/bin/../lib/gcc/arm-none-eabi/6.3.1/../../../../arm-none-eabi/lib/thumb/v6-m\libc.a(lib_a-fini.o)
                              c:/program files (x86)/atmel/studio/7.0/toolchain/arm/arm-gnu-toolchain/bin/../lib/gcc/arm-none-eabi/6.3.1/../../../../arm-none-eabi/lib/thumb/v6-m\libc.a(lib_a-__call_atexit.o) (__libc_fini_array)
[...]
Memory Configuration

Name             Origin             Length             Attributes
rom              0x00000000         0x00040000         xr
ram              0x20000000         0x00008000         xrw
*default*        0x00000000         0xffffffff

Linker script and memory map

LOAD c:/program files (x86)/atmel/studio/7.0/toolchain/arm/arm-gnu-toolchain/bin/../lib/gcc/arm-none-eabi/6.3.1/thumb/v6-m/crti.o
LOAD c:/program files (x86)/atmel/studio/7.0/toolchain/arm/arm-gnu-toolchain/bin/../lib/gcc/arm-none-eabi/6.3.1/thumb/v6-m/crtbegin.o
LOAD c:/program files (x86)/atmel/studio/7.0/toolchain/arm/arm-gnu-toolchain/bin/../lib/gcc/arm-none-eabi/6.3.1/../../../../arm-none-eabi/lib/thumb/v6-m/crt0.o
LOAD Device_Startup/startup_samd21.o
LOAD Device_Startup/system_samd21.o
LOAD main.o
LOAD MorphConfigurations/MorphConfigATmega328-32pin.o
LOAD MorphConfigurations/MorphConfigSAMD21J18A-MU-ND.o
START GROUP
LOAD c:/program files (x86)/atmel/studio/7.0/toolchain/arm/arm-gnu-toolchain/bin/../lib/gcc/arm-none-eabi/6.3.1/../../../../arm-none-eabi/lib/thumb/v6-m\libm.a
LOAD C:\Users\243400\Projects\MorphLibrary\MorphLibrary-SAMD\Debug\libMorphLibrary-SAMD.a
END GROUP
START GROUP
LOAD c:/program files (x86)/atmel/studio/7.0/toolchain/arm/arm-gnu-toolchain/bin/../lib/gcc/arm-none-eabi/6.3.1/thumb/v6-m\libgcc.a
LOAD c:/program files (x86)/atmel/studio/7.0/toolchain/arm/arm-gnu-toolchain/bin/../lib/gcc/arm-none-eabi/6.3.1/../../../../arm-none-eabi/lib/thumb/v6-m\libc.a
END GROUP
LOAD c:/program files (x86)/atmel/studio/7.0/toolchain/arm/arm-gnu-toolchain/bin/../lib/gcc/arm-none-eabi/6.3.1/thumb/v6-m/crtend.o
LOAD c:/program files (x86)/atmel/studio/7.0/toolchain/arm/arm-gnu-toolchain/bin/../lib/gcc/arm-none-eabi/6.3.1/thumb/v6-m/crtn.o
                0x00002000                STACK_SIZE = DEFINED (STACK_SIZE)?STACK_SIZE:DEFINED (__stack_size__)?__stack_size__:0x2000

.text           0x00000000     0x1dc4
                0x00000000                . = ALIGN (0x4)
                0x00000000                _sfixed = .
 *(.vectors .vectors.*)
 .vectors       0x00000000       0xb4 Device_Startup/startup_samd21.o
                0x00000000                exception_table
 *(.text .text.* .gnu.linkonce.t.*)
 .text          0x000000b4       0x60 c:/program files (x86)/atmel/studio/7.0/toolchain/arm/arm-gnu-toolchain/bin/../lib/gcc/arm-none-eabi/6.3.1/thumb/v6-m/crtbegin.o
 .text.Reset_Handler
                0x00000114       0xf8 Device_Startup/startup_samd21.o
                0x00000114                Reset_Handler
 .text.Dummy_Handler
                0x0000020c        0x6 Device_Startup/startup_samd21.o
                0x0000020c                SVCall_Handler
                0x0000020c                DMAC_Handler
                0x0000020c                HardFault_Handler
                0x0000020c                AC_Handler
                0x0000020c                PendSV_Handler
                0x0000020c                SERCOM1_Handler
                0x0000020c                ADC_Handler
                0x0000020c                NonMaskableInt_Handler
                0x0000020c                TCC1_Handler
                0x0000020c                SERCOM2_Handler
                0x0000020c                TCC0_Handler
                0x0000020c                RTC_Handler
                0x0000020c                EIC_Handler
                0x0000020c                WDT_Handler
                0x0000020c                TC4_Handler
                0x0000020c                USB_Handler
                0x0000020c                TC3_Handler
                0x0000020c                Dummy_Handler
                0x0000020c                PM_Handler
                0x0000020c                SERCOM5_Handler
                0x0000020c                TCC2_Handler
                0x0000020c                EVSYS_Handler
                0x0000020c                SERCOM3_Handler
                0x0000020c                SERCOM4_Handler
                0x0000020c                I2S_Handler
                0x0000020c                NVMCTRL_Handler
                0x0000020c                SERCOM0_Handler
                0x0000020c                DAC_Handler
                0x0000020c                PTC_Handler
                0x0000020c                TC5_Handler
                0x0000020c                SYSCTRL_Handler
 *fill*         0x00000212        0x2 
 .text.SystemInit
                0x00000214       0x18 Device_Startup/system_samd21.o
                0x00000214                SystemInit
 .text.MorphConfig_init
                0x0000022c      0x114 main.o
 .text.main     0x00000340      0x144 main.o
                0x00000340                main
 .text.__NVIC_EnableIRQ
                0x00000484       0x34 MorphConfigurations/MorphConfigSAMD21J18A-MU-ND.o
 .text.__NVIC_SetPriority
                0x000004b8       0xdc MorphConfigurations/MorphConfigSAMD21J18A-MU-ND.o
 .text.morph_config_gpio_set_pin_value
                0x00000594       0xd8 MorphConfigurations/MorphConfigSAMD21J18A-MU-ND.o
                0x00000594                morph_config_gpio_set_pin_value
 .text.morph_config_gpio_get_pin_value
                0x0000066c       0xb8 MorphConfigurations/MorphConfigSAMD21J18A-MU-ND.o
                0x0000066c                morph_config_gpio_get_pin_value
 .text.morph_config_gpio_set_pin_direction
                0x00000724      0x120 MorphConfigurations/MorphConfigSAMD21J18A-MU-ND.o
                0x00000724                morph_config_gpio_set_pin_direction
 .text.morph_config_gpio_get_pin_direction
                0x00000844       0x88 MorphConfigurations/MorphConfigSAMD21J18A-MU-ND.o
                0x00000844                morph_config_gpio_get_pin_direction
 .text.morph_config_gpio_set_pin_pull_state
                0x000008cc      0x180 MorphConfigurations/MorphConfigSAMD21J18A-MU-ND.o
                0x000008cc                morph_config_gpio_set_pin_pull_state
 .text.morph_config_gpio_get_pin_pull_state
                0x00000a4c       0xa0 MorphConfigurations/MorphConfigSAMD21J18A-MU-ND.o
                0x00000a4c                morph_config_gpio_get_pin_pull_state
 .text.set_mux_group_config
                0x00000aec       0xa4 MorphConfigurations/MorphConfigSAMD21J18A-MU-ND.o
                0x00000aec                set_mux_group_config
 .text.get_sercom_channel_ptr
                0x00000b90       0x5c MorphConfigurations/MorphConfigSAMD21J18A-MU-ND.o
                0x00000b90                get_sercom_channel_ptr
 .text.initClockNVIC
                0x00000bec      0x148 MorphConfigurations/MorphConfigSAMD21J18A-MU-ND.o
                0x00000bec                initClockNVIC
 .text.morph_config_uart_setup_channel
                0x00000d34      0x294 MorphConfigurations/MorphConfigSAMD21J18A-MU-ND.o
                0x00000d34                morph_config_uart_setup_channel
 .text.morph_config_uart_send_data
                0x00000fc8       0x50 MorphConfigurations/MorphConfigSAMD21J18A-MU-ND.o
                0x00000fc8                morph_config_uart_send_data
 .text.morph_config_uart_read_data
                0x00001018       0x3c MorphConfigurations/MorphConfigSAMD21J18A-MU-ND.o
                0x00001018                morph_config_uart_read_data
 .text.morph_config_uart_write_data_buffer
                0x00001054       0x4c MorphConfigurations/MorphConfigSAMD21J18A-MU-ND.o
                0x00001054                morph_config_uart_write_data_buffer
 .text.morph_config_uart_read_data_buffer
                0x000010a0       0x50 MorphConfigurations/MorphConfigSAMD21J18A-MU-ND.o
                0x000010a0                morph_config_uart_read_data_buffer
 .text.morph_config_uart_set_tx_pin
                0x000010f0      0x284 MorphConfigurations/MorphConfigSAMD21J18A-MU-ND.o
                0x000010f0                morph_config_uart_set_tx_pin
 .text.morph_config_uart_set_rx_pin
                0x00001374      0x294 MorphConfigurations/MorphConfigSAMD21J18A-MU-ND.o
                0x00001374                morph_config_uart_set_rx_pin
 .text.SysTick_Handler
                0x00001608       0x24 MorphConfigurations/MorphConfigSAMD21J18A-MU-ND.o
                0x00001608                SysTick_Handler
 .text.morph_config_time_init
                0x0000162c       0x1a MorphConfigurations/MorphConfigSAMD21J18A-MU-ND.o
                0x0000162c                morph_config_time_init
 *fill*         0x00001646        0x2 
 .text.morph_config_time_init_rtc
                0x00001648       0x48 MorphConfigurations/MorphConfigSAMD21J18A-MU-ND.o
                0x00001648                morph_config_time_init_rtc
 .text.morph_config_time_millis
                0x00001690       0x18 MorphConfigurations/MorphConfigSAMD21J18A-MU-ND.o
                0x00001690                morph_config_time_millis
 .text.morph_config_init
                0x000016a8       0x2c MorphConfigurations/MorphConfigSAMD21J18A-MU-ND.o
                0x000016a8                morph_config_init
 .text.MorphUtils_empty_callback
                0x000016d4        0x2 C:\Users\243400\Projects\MorphLibrary\MorphLibrary-SAMD\Debug\libMorphLibrary-SAMD.a(MorphGPIO.o)
 *fill*         0x000016d6        0x2 
 .text.MorphGPIO_register_set_pin_value_function
                0x000016d8        0xc C:\Users\243400\Projects\MorphLibrary\MorphLibrary-SAMD\Debug\libMorphLibrary-SAMD.a(MorphGPIO.o)
                0x000016d8                MorphGPIO_register_set_pin_value_function
 .text.MorphGPIO_register_get_pin_value_function
                0x000016e4        0xc C:\Users\243400\Projects\MorphLibrary\MorphLibrary-SAMD\Debug\libMorphLibrary-SAMD.a(MorphGPIO.o)
                0x000016e4                MorphGPIO_register_get_pin_value_function
 .text.MorphGPIO_register_set_pin_direction_function
                0x000016f0        0xc C:\Users\243400\Projects\MorphLibrary\MorphLibrary-SAMD\Debug\libMorphLibrary-SAMD.a(MorphGPIO.o)
                0x000016f0                MorphGPIO_register_set_pin_direction_function
 .text.MorphGPIO_register_get_pin_direction_function
                0x000016fc        0xc C:\Users\243400\Projects\MorphLibrary\MorphLibrary-SAMD\Debug\libMorphLibrary-SAMD.a(MorphGPIO.o)
                0x000016fc                MorphGPIO_register_get_pin_direction_function
 .text.MorphGPIO_register_set_pin_pull_state_function
                0x00001708        0xc C:\Users\243400\Projects\MorphLibrary\MorphLibrary-SAMD\Debug\libMorphLibrary-SAMD.a(MorphGPIO.o)
                0x00001708                MorphGPIO_register_set_pin_pull_state_function
 .text.MorphGPIO_register_get_pin_pull_state_function
                0x00001714        0xc C:\Users\243400\Projects\MorphLibrary\MorphLibrary-SAMD\Debug\libMorphLibrary-SAMD.a(MorphGPIO.o)
                0x00001714                MorphGPIO_register_get_pin_pull_state_function
 .text.MorphGPIO_set_pin_direction
                0x00001720       0x10 C:\Users\243400\Projects\MorphLibrary\MorphLibrary-SAMD\Debug\libMorphLibrary-SAMD.a(MorphGPIO.o)
                0x00001720                MorphGPIO_set_pin_direction
 .text.MorphGPIO_set_pin_pull_state
                0x00001730       0x10 C:\Users\243400\Projects\MorphLibrary\MorphLibrary-SAMD\Debug\libMorphLibrary-SAMD.a(MorphGPIO.o)
                0x00001730                MorphGPIO_set_pin_pull_state
 .text.MorphUtils_empty_callback
                0x00001740        0x2 C:\Users\243400\Projects\MorphLibrary\MorphLibrary-SAMD\Debug\libMorphLibrary-SAMD.a(MorphTime.o)
 *fill*         0x00001742        0x2 
 .text.MorphTime_register_init_function
                0x00001744        0xc C:\Users\243400\Projects\MorphLibrary\MorphLibrary-SAMD\Debug\libMorphLibrary-SAMD.a(MorphTime.o)
                0x00001744                MorphTime_register_init_function
 .text.MorphTime_register_init_rtc_function
                0x00001750        0xc C:\Users\243400\Projects\MorphLibrary\MorphLibrary-SAMD\Debug\libMorphLibrary-SAMD.a(MorphTime.o)
                0x00001750                MorphTime_register_init_rtc_function
 .text.MorphTime_register_millis_function
                0x0000175c        0xc C:\Users\243400\Projects\MorphLibrary\MorphLibrary-SAMD\Debug\libMorphLibrary-SAMD.a(MorphTime.o)
                0x0000175c                MorphTime_register_millis_function
 .text.MorphTime_init_rtc
                0x00001768       0x10 C:\Users\243400\Projects\MorphLibrary\MorphLibrary-SAMD\Debug\libMorphLibrary-SAMD.a(MorphTime.o)
                0x00001768                MorphTime_init_rtc
 .text.MorphTime_millis
                0x00001778        0xc C:\Users\243400\Projects\MorphLibrary\MorphLibrary-SAMD\Debug\libMorphLibrary-SAMD.a(MorphTime.o)
                0x00001778                MorphTime_millis
 .text.MorphUtils_empty_callback
                0x00001784        0x2 C:\Users\243400\Projects\MorphLibrary\MorphLibrary-SAMD\Debug\libMorphLibrary-SAMD.a(MorphUART.o)
 *fill*         0x00001786        0x2 
 .text.MorphUART_register_setup_channel_function
                0x00001788        0xc C:\Users\243400\Projects\MorphLibrary\MorphLibrary-SAMD\Debug\libMorphLibrary-SAMD.a(MorphUART.o)
                0x00001788                MorphUART_register_setup_channel_function
 .text.MorphUART_register_send_data_function
                0x00001794        0xc C:\Users\243400\Projects\MorphLibrary\MorphLibrary-SAMD\Debug\libMorphLibrary-SAMD.a(MorphUART.o)
                0x00001794                MorphUART_register_send_data_function
 .text.MorphUART_register_read_data_function
                0x000017a0        0xc C:\Users\243400\Projects\MorphLibrary\MorphLibrary-SAMD\Debug\libMorphLibrary-SAMD.a(MorphUART.o)
                0x000017a0                MorphUART_register_read_data_function
 .text.MorphUART_register_write_data_buffer_function
                0x000017ac        0xc C:\Users\243400\Projects\MorphLibrary\MorphLibrary-SAMD\Debug\libMorphLibrary-SAMD.a(MorphUART.o)
                0x000017ac                MorphUART_register_write_data_buffer_function
 .text.MorphUART_register_read_data_buffer_function
                0x000017b8        0xc C:\Users\243400\Projects\MorphLibrary\MorphLibrary-SAMD\Debug\libMorphLibrary-SAMD.a(MorphUART.o)
                0x000017b8                MorphUART_register_read_data_buffer_function
 .text.MorphUART_register_set_tx_pin_function
                0x000017c4        0xc C:\Users\243400\Projects\MorphLibrary\MorphLibrary-SAMD\Debug\libMorphLibrary-SAMD.a(MorphUART.o)
                0x000017c4                MorphUART_register_set_tx_pin_function
 .text.MorphUART_register_set_rx_pin_function
                0x000017d0        0xc C:\Users\243400\Projects\MorphLibrary\MorphLibrary-SAMD\Debug\libMorphLibrary-SAMD.a(MorphUART.o)
                0x000017d0                MorphUART_register_set_rx_pin_function
 .text.MorphUART_setup_channel
                0x000017dc       0x18 C:\Users\243400\Projects\MorphLibrary\MorphLibrary-SAMD\Debug\libMorphLibrary-SAMD.a(MorphUART.o)
                0x000017dc                MorphUART_setup_channel
 .text.MorphUART_send_data
                0x000017f4       0x10 C:\Users\243400\Projects\MorphLibrary\MorphLibrary-SAMD\Debug\libMorphLibrary-SAMD.a(MorphUART.o)
                0x000017f4                MorphUART_send_data
 .text.MorphUART_set_tx_pin
                0x00001804       0x10 C:\Users\243400\Projects\MorphLibrary\MorphLibrary-SAMD\Debug\libMorphLibrary-SAMD.a(MorphUART.o)
                0x00001804                MorphUART_set_tx_pin
 .text.MorphUART_set_rx_pin
                0x00001814       0x10 C:\Users\243400\Projects\MorphLibrary\MorphLibrary-SAMD\Debug\libMorphLibrary-SAMD.a(MorphUART.o)
                0x00001814                MorphUART_set_rx_pin
 .text          0x00001824      0x114 c:/program files (x86)/atmel/studio/7.0/toolchain/arm/arm-gnu-toolchain/bin/../lib/gcc/arm-none-eabi/6.3.1/thumb/v6-m\libgcc.a(_udivsi3.o)
                0x00001824                __aeabi_uidiv
                0x00001824                __udivsi3
                0x00001930                __aeabi_uidivmod
 .text          0x00001938        0x4 c:/program files (x86)/atmel/studio/7.0/toolchain/arm/arm-gnu-toolchain/bin/../lib/gcc/arm-none-eabi/6.3.1/thumb/v6-m\libgcc.a(_dvmd_tls.o)
                0x00001938                __aeabi_idiv0
                0x00001938                __aeabi_ldiv0
 .text          0x0000193c       0x40 c:/program files (x86)/atmel/studio/7.0/toolchain/arm/arm-gnu-toolchain/bin/../lib/gcc/arm-none-eabi/6.3.1/thumb/v6-m\libgcc.a(_aeabi_uldivmod.o)
                0x0000193c                __aeabi_uldivmod
 .text          0x0000197c      0x180 c:/program files (x86)/atmel/studio/7.0/toolchain/arm/arm-gnu-toolchain/bin/../lib/gcc/arm-none-eabi/6.3.1/thumb/v6-m\libgcc.a(_udivmoddi4.o)
                0x0000197c                __udivmoddi4
 .text          0x00001afc       0x18 c:/program files (x86)/atmel/studio/7.0/toolchain/arm/arm-gnu-toolchain/bin/../lib/gcc/arm-none-eabi/6.3.1/thumb/v6-m\libgcc.a(_clzdi2.o)
                0x00001afc                __clzdi2
 .text          0x00001b14       0x3c c:/program files (x86)/atmel/studio/7.0/toolchain/arm/arm-gnu-toolchain/bin/../lib/gcc/arm-none-eabi/6.3.1/thumb/v6-m\libgcc.a(_clzsi2.o)
                0x00001b14                __clzsi2
 .text.__libc_init_array
                0x00001b50       0x48 c:/program files (x86)/atmel/studio/7.0/toolchain/arm/arm-gnu-toolchain/bin/../lib/gcc/arm-none-eabi/6.3.1/../../../../arm-none-eabi/lib/thumb/v6-m\libc.a(lib_a-init.o)
                0x00001b50                __libc_init_array
 .text.memset   0x00001b98       0x94 c:/program files (x86)/atmel/studio/7.0/toolchain/arm/arm-gnu-toolchain/bin/../lib/gcc/arm-none-eabi/6.3.1/../../../../arm-none-eabi/lib/thumb/v6-m\libc.a(lib_a-memset.o)
                0x00001b98                memset
 .text.startup.register_fini
                0x00001c2c       0x18 c:/program files (x86)/atmel/studio/7.0/toolchain/arm/arm-gnu-toolchain/bin/../lib/gcc/arm-none-eabi/6.3.1/../../../../arm-none-eabi/lib/thumb/v6-m\libc.a(lib_a-__call_atexit.o)
 .text.atexit   0x00001c44       0x10 c:/program files (x86)/atmel/studio/7.0/toolchain/arm/arm-gnu-toolchain/bin/../lib/gcc/arm-none-eabi/6.3.1/../../../../arm-none-eabi/lib/thumb/v6-m\libc.a(lib_a-atexit.o)
                0x00001c44                atexit
 .text.__libc_fini_array
                0x00001c54       0x34 c:/program files (x86)/atmel/studio/7.0/toolchain/arm/arm-gnu-toolchain/bin/../lib/gcc/arm-none-eabi/6.3.1/../../../../arm-none-eabi/lib/thumb/v6-m\libc.a(lib_a-fini.o)
                0x00001c54                __libc_fini_array
 .text.__retarget_lock_acquire_recursive
                0x00001c88        0x4 c:/program files (x86)/atmel/studio/7.0/toolchain/arm/arm-gnu-toolchain/bin/../lib/gcc/arm-none-eabi/6.3.1/../../../../arm-none-eabi/lib/thumb/v6-m\libc.a(lib_a-lock.o)
                0x00001c88                __retarget_lock_acquire_recursive
 .text.__retarget_lock_release_recursive
                0x00001c8c        0x4 c:/program files (x86)/atmel/studio/7.0/toolchain/arm/arm-gnu-toolchain/bin/../lib/gcc/arm-none-eabi/6.3.1/../../../../arm-none-eabi/lib/thumb/v6-m\libc.a(lib_a-lock.o)
                0x00001c8c                __retarget_lock_release_recursive
 .text.__register_exitproc
                0x00001c90       0xf4 c:/program files (x86)/atmel/studio/7.0/toolchain/arm/arm-gnu-toolchain/bin/../lib/gcc/arm-none-eabi/6.3.1/../../../../arm-none-eabi/lib/thumb/v6-m\libc.a(lib_a-__atexit.o)
                0x00001c90                __register_exitproc
 *(.glue_7t)
 .glue_7t       0x00001d84        0x0 linker stubs
 *(.glue_7)
 .glue_7        0x00001d84        0x0 linker stubs
 *(.rodata .rodata* .gnu.linkonce.r.*)
 .rodata        0x00001d84       0x18 MorphConfigurations/MorphConfigSAMD21J18A-MU-ND.o
 .rodata._global_impure_ptr
                0x00001d9c        0x4 c:/program files (x86)/atmel/studio/7.0/toolchain/arm/arm-gnu-toolchain/bin/../lib/gcc/arm-none-eabi/6.3.1/../../../../arm-none-eabi/lib/thumb/v6-m\libc.a(lib_a-impure.o)
                0x00001d9c                _global_impure_ptr
 *(.ARM.extab* .gnu.linkonce.armextab.*)
                0x00001da0                . = ALIGN (0x4)
 *(.init)
 .init          0x00001da0        0x4 c:/program files (x86)/atmel/studio/7.0/toolchain/arm/arm-gnu-toolchain/bin/../lib/gcc/arm-none-eabi/6.3.1/thumb/v6-m/crti.o
                0x00001da0                _init
 .init          0x00001da4        0x8 c:/program files (x86)/atmel/studio/7.0/toolchain/arm/arm-gnu-toolchain/bin/../lib/gcc/arm-none-eabi/6.3.1/thumb/v6-m/crtn.o
                0x00001dac                . = ALIGN (0x4)
                0x00001dac                __preinit_array_start = .
 *(.preinit_array)
                0x00001dac                __preinit_array_end = .
                0x00001dac                . = ALIGN (0x4)
                0x00001dac                __init_array_start = .
 *(SORT(.init_array.*))
 .init_array.00000
                0x00001dac        0x4 c:/program files (x86)/atmel/studio/7.0/toolchain/arm/arm-gnu-toolchain/bin/../lib/gcc/arm-none-eabi/6.3.1/../../../../arm-none-eabi/lib/thumb/v6-m\libc.a(lib_a-__call_atexit.o)
 *(.init_array)
 .init_array    0x00001db0        0x4 c:/program files (x86)/atmel/studio/7.0/toolchain/arm/arm-gnu-toolchain/bin/../lib/gcc/arm-none-eabi/6.3.1/thumb/v6-m/crtbegin.o
                0x00001db4                __init_array_end = .
                0x00001db4                . = ALIGN (0x4)
 *crtbegin.o(.ctors)
 *(EXCLUDE_FILE(*crtend.o) .ctors)
 *(SORT(.ctors.*))
 *crtend.o(.ctors)
                0x00001db4                . = ALIGN (0x4)
 *(.fini)
 .fini          0x00001db4        0x4 c:/program files (x86)/atmel/studio/7.0/toolchain/arm/arm-gnu-toolchain/bin/../lib/gcc/arm-none-eabi/6.3.1/thumb/v6-m/crti.o
                0x00001db4                _fini
 .fini          0x00001db8        0x8 c:/program files (x86)/atmel/studio/7.0/toolchain/arm/arm-gnu-toolchain/bin/../lib/gcc/arm-none-eabi/6.3.1/thumb/v6-m/crtn.o
                0x00001dc0                . = ALIGN (0x4)
                0x00001dc0                __fini_array_start = .
 *(.fini_array)
 .fini_array    0x00001dc0        0x4 c:/program files (x86)/atmel/studio/7.0/toolchain/arm/arm-gnu-toolchain/bin/../lib/gcc/arm-none-eabi/6.3.1/thumb/v6-m/crtbegin.o
 *(SORT(.fini_array.*))
                0x00001dc4                __fini_array_end = .
 *crtbegin.o(.dtors)
 *(EXCLUDE_FILE(*crtend.o) .dtors)
 *(SORT(.dtors.*))
 *crtend.o(.dtors)
                0x00001dc4                . = ALIGN (0x4)
                0x00001dc4                _efixed = .
                [!provide]                PROVIDE (__exidx_start, .)

.vfp11_veneer   0x00001dc4        0x0
 .vfp11_veneer  0x00001dc4        0x0 linker stubs

.v4_bx          0x00001dc4        0x0
 .v4_bx         0x00001dc4        0x0 linker stubs

.iplt           0x00001dc4        0x0
 .iplt          0x00001dc4        0x0 c:/program files (x86)/atmel/studio/7.0/toolchain/arm/arm-gnu-toolchain/bin/../lib/gcc/arm-none-eabi/6.3.1/thumb/v6-m/crtbegin.o

.ARM.exidx      0x00001dc4        0x8
 *(.ARM.exidx* .gnu.linkonce.armexidx.*)
 .ARM.exidx     0x00001dc4        0x8 c:/program files (x86)/atmel/studio/7.0/toolchain/arm/arm-gnu-toolchain/bin/../lib/gcc/arm-none-eabi/6.3.1/thumb/v6-m\libgcc.a(_udivmoddi4.o)
                [!provide]                PROVIDE (__exidx_end, .)

.eh_frame       0x00001dcc        0x0
 .eh_frame      0x00001dcc        0x0 c:/program files (x86)/atmel/studio/7.0/toolchain/arm/arm-gnu-toolchain/bin/../lib/gcc/arm-none-eabi/6.3.1/thumb/v6-m/crtbegin.o

.rel.dyn        0x00001dcc        0x0
 .rel.iplt      0x00001dcc        0x0 c:/program files (x86)/atmel/studio/7.0/toolchain/arm/arm-gnu-toolchain/bin/../lib/gcc/arm-none-eabi/6.3.1/thumb/v6-m/crtbegin.o

.jcr            0x00001dcc        0x0
 .jcr           0x00001dcc        0x0 c:/program files (x86)/atmel/studio/7.0/toolchain/arm/arm-gnu-toolchain/bin/../lib/gcc/arm-none-eabi/6.3.1/thumb/v6-m/crtbegin.o

.igot.plt       0x00001dcc        0x0
 .igot.plt      0x00001dcc        0x0 c:/program files (x86)/atmel/studio/7.0/toolchain/arm/arm-gnu-toolchain/bin/../lib/gcc/arm-none-eabi/6.3.1/thumb/v6-m/crtbegin.o
                0x00001dcc                . = ALIGN (0x4)
                0x00001dcc                _etext = .

.relocate       0x20000000      0x644 load address 0x00001dcc
                0x20000000                . = ALIGN (0x4)
                0x20000000                _srelocate = .
 *(.ramfunc .ramfunc.*)
 *(.data .data.*)
 .data          0x20000000        0x4 Device_Startup/system_samd21.o
                0x20000000                SystemCoreClock
 .data          0x20000004      0x1ac MorphConfigurations/MorphConfigSAMD21J18A-MU-ND.o
                0x20000004                pin_defs
                0x20000184                uart_tx_defs
                0x20000198                uart_default_defs
                0x200001a4                uart_current_defs
 .data          0x200001b0       0x20 C:\Users\243400\Projects\MorphLibrary\MorphLibrary-SAMD\Debug\libMorphLibrary-SAMD.a(MorphGPIO.o)
                0x200001b0                morph_set_pin_value_function
                0x200001b4                morph_get_pin_value_function
                0x200001b8                morph_set_pin_direction_function
                0x200001bc                morph_get_pin_direction_function
                0x200001c0                morph_set_pin_pull_state_function
                0x200001c4                morph_get_pin_pull_state_function
                0x200001c8                morph_set_pin_interrupt_function
                0x200001cc                morph_unset_pin_interrupt_function
 .data          0x200001d0        0xc C:\Users\243400\Projects\MorphLibrary\MorphLibrary-SAMD\Debug\libMorphLibrary-SAMD.a(MorphTime.o)
                0x200001d0                morph_init_function
                0x200001d4                morph_init_rtc_function
                0x200001d8                morph_millis_function
 .data          0x200001dc       0x3c C:\Users\243400\Projects\MorphLibrary\MorphLibrary-SAMD\Debug\libMorphLibrary-SAMD.a(MorphUART.o)
                0x200001dc                morph_setup_channel_function
                0x200001e0                morph_disable_channel_function
                0x200001e4                morph_send_data_function
                0x200001e8                morph_read_data_function
                0x200001ec                morph_send_byte_function
                0x200001f0                morph_read_byte_function
                0x200001f4                morph_write_data_buffer_function
                0x200001f8                morph_write_byte_buffer_function
                0x200001fc                morph_read_data_buffer_function
                0x20000200                morph_read_byte_buffer_function
                0x20000204                morph_purge_input_function
                0x20000208                morph_set_tx_pin_function
                0x2000020c                morph_set_rx_pin_function
                0x20000210                morph_set_rts_pin_function
                0x20000214                morph_set_cts_pin_function
 .data.impure_data
                0x20000218      0x428 c:/program files (x86)/atmel/studio/7.0/toolchain/arm/arm-gnu-toolchain/bin/../lib/gcc/arm-none-eabi/6.3.1/../../../../arm-none-eabi/lib/thumb/v6-m\libc.a(lib_a-impure.o)
 .data.__atexit_recursive_mutex
                0x20000640        0x4 c:/program files (x86)/atmel/studio/7.0/toolchain/arm/arm-gnu-toolchain/bin/../lib/gcc/arm-none-eabi/6.3.1/../../../../arm-none-eabi/lib/thumb/v6-m\libc.a(lib_a-__call_atexit.o)
                0x20000640                __atexit_recursive_mutex
                0x20000644                . = ALIGN (0x4)
                0x20000644                _erelocate = .

.bss            0x20000648       0x4c load address 0x00002418
                0x20000648                . = ALIGN (0x4)
                0x20000648                _sbss = .
                0x20000648                _szero = .
 *(.bss .bss.*)
 .bss           0x20000648       0x1c c:/program files (x86)/atmel/studio/7.0/toolchain/arm/arm-gnu-toolchain/bin/../lib/gcc/arm-none-eabi/6.3.1/thumb/v6-m/crtbegin.o
 *fill*         0x20000664        0x4 
 .bss           0x20000668        0x8 MorphConfigurations/MorphConfigSAMD21J18A-MU-ND.o
                0x20000668                millisecond_tick
 *(COMMON)
 COMMON         0x20000670       0x21 c:/program files (x86)/atmel/studio/7.0/toolchain/arm/arm-gnu-toolchain/bin/../lib/gcc/arm-none-eabi/6.3.1/../../../../arm-none-eabi/lib/thumb/v6-m\libc.a(lib_a-lock.o)
                0x20000670                __lock___atexit_recursive_mutex
                0x20000674                __lock___arc4random_mutex
                0x20000678                __lock___env_recursive_mutex
                0x2000067c                __lock___sinit_recursive_mutex
                0x20000680                __lock___malloc_recursive_mutex
                0x20000684                __lock___at_quick_exit_mutex
                0x20000688                __lock___dd_hash_mutex
                0x2000068c                __lock___tz_mutex
                0x20000690                __lock___sfp_recursive_mutex
                0x20000694                . = ALIGN (0x4)
 *fill*         0x20000691        0x3 
                0x20000694                _ebss = .
                0x20000694                _ezero = .

.stack          0x20000694     0x2004 load address 0x00002464
                0x20000698                . = ALIGN (0x8)
 *fill*         0x20000694        0x4 
                0x20000698                _sstack = .
                0x20002698                . = (. + STACK_SIZE)
 *fill*         0x20000698     0x2000 
                0x20002698                . = ALIGN (0x8)
                0x20002698                _estack = .
                0x20002698                . = ALIGN (0x4)
                0x20002698                _end = .
OUTPUT(MorphTest-SAMD.elf elf32-littlearm)

.ARM.attributes
                0x00000000       0x28
 .ARM.attributes
                0x00000000       0x1e c:/program files (x86)/atmel/studio/7.0/toolchain/arm/arm-gnu-toolchain/bin/../lib/gcc/arm-none-eabi/6.3.1/thumb/v6-m/crti.o
 .ARM.attributes
                0x0000001e       0x2c c:/program files (x86)/atmel/studio/7.0/toolchain/arm/arm-gnu-toolchain/bin/../lib/gcc/arm-none-eabi/6.3.1/thumb/v6-m/crtbegin.o
 .ARM.attributes
                0x0000004a       0x32 Device_Startup/startup_samd21.o
 .ARM.attributes
                0x0000007c       0x32 Device_Startup/system_samd21.o
 .ARM.attributes
                0x000000ae       0x32 main.o
 .ARM.attributes
                0x000000e0       0x32 MorphConfigurations/MorphConfigSAMD21J18A-MU-ND.o
 .ARM.attributes
                0x00000112       0x32 C:\Users\243400\Projects\MorphLibrary\MorphLibrary-SAMD\Debug\libMorphLibrary-SAMD.a(MorphGPIO.o)
 .ARM.attributes
                0x00000144       0x32 C:\Users\243400\Projects\MorphLibrary\MorphLibrary-SAMD\Debug\libMorphLibrary-SAMD.a(MorphTime.o)
 .ARM.attributes
                0x00000176       0x32 C:\Users\243400\Projects\MorphLibrary\MorphLibrary-SAMD\Debug\libMorphLibrary-SAMD.a(MorphUART.o)
 .ARM.attributes
                0x000001a8       0x1e c:/program files (x86)/atmel/studio/7.0/toolchain/arm/arm-gnu-toolchain/bin/../lib/gcc/arm-none-eabi/6.3.1/thumb/v6-m\libgcc.a(_udivsi3.o)
 .ARM.attributes
                0x000001c6       0x1e c:/program files (x86)/atmel/studio/7.0/toolchain/arm/arm-gnu-toolchain/bin/../lib/gcc/arm-none-eabi/6.3.1/thumb/v6-m\libgcc.a(_dvmd_tls.o)
 .ARM.attributes
                0x000001e4       0x1e c:/program files (x86)/atmel/studio/7.0/toolchain/arm/arm-gnu-toolchain/bin/../lib/gcc/arm-none-eabi/6.3.1/thumb/v6-m\libgcc.a(_aeabi_uldivmod.o)
 .ARM.attributes
                0x00000202       0x2c c:/program files (x86)/atmel/studio/7.0/toolchain/arm/arm-gnu-toolchain/bin/../lib/gcc/arm-none-eabi/6.3.1/thumb/v6-m\libgcc.a(_udivmoddi4.o)
 .ARM.attributes
                0x0000022e       0x1e c:/program files (x86)/atmel/studio/7.0/toolchain/arm/arm-gnu-toolchain/bin/../lib/gcc/arm-none-eabi/6.3.1/thumb/v6-m\libgcc.a(_clzdi2.o)
 .ARM.attributes
                0x0000024c       0x1e c:/program files (x86)/atmel/studio/7.0/toolchain/arm/arm-gnu-toolchain/bin/../lib/gcc/arm-none-eabi/6.3.1/thumb/v6-m\libgcc.a(_clzsi2.o)
 .ARM.attributes
                0x0000026a       0x2c c:/program files (x86)/atmel/studio/7.0/toolchain/arm/arm-gnu-toolchain/bin/../lib/gcc/arm-none-eabi/6.3.1/../../../../arm-none-eabi/lib/thumb/v6-m\libc.a(lib_a-impure.o)
 .ARM.attributes
                0x00000296       0x2c c:/program files (x86)/atmel/studio/7.0/toolchain/arm/arm-gnu-toolchain/bin/../lib/gcc/arm-none-eabi/6.3.1/../../../../arm-none-eabi/lib/thumb/v6-m\libc.a(lib_a-init.o)
 .ARM.attributes
                0x000002c2       0x2c c:/program files (x86)/atmel/studio/7.0/toolchain/arm/arm-gnu-toolchain/bin/../lib/gcc/arm-none-eabi/6.3.1/../../../../arm-none-eabi/lib/thumb/v6-m\libc.a(lib_a-memset.o)
 .ARM.attributes
                0x000002ee       0x2c c:/program files (x86)/atmel/studio/7.0/toolchain/arm/arm-gnu-toolchain/bin/../lib/gcc/arm-none-eabi/6.3.1/../../../../arm-none-eabi/lib/thumb/v6-m\libc.a(lib_a-__call_atexit.o)
 .ARM.attributes
                0x0000031a       0x2c c:/program files (x86)/atmel/studio/7.0/toolchain/arm/arm-gnu-toolchain/bin/../lib/gcc/arm-none-eabi/6.3.1/../../../../arm-none-eabi/lib/thumb/v6-m\libc.a(lib_a-atexit.o)
 .ARM.attributes
                0x00000346       0x2c c:/program files (x86)/atmel/studio/7.0/toolchain/arm/arm-gnu-toolchain/bin/../lib/gcc/arm-none-eabi/6.3.1/../../../../arm-none-eabi/lib/thumb/v6-m\libc.a(lib_a-fini.o)
 .ARM.attributes
                0x00000372       0x2c c:/program files (x86)/atmel/studio/7.0/toolchain/arm/arm-gnu-toolchain/bin/../lib/gcc/arm-none-eabi/6.3.1/../../../../arm-none-eabi/lib/thumb/v6-m\libc.a(lib_a-lock.o)
 .ARM.attributes
                0x0000039e       0x2c c:/program files (x86)/atmel/studio/7.0/toolchain/arm/arm-gnu-toolchain/bin/../lib/gcc/arm-none-eabi/6.3.1/../../../../arm-none-eabi/lib/thumb/v6-m\libc.a(lib_a-__atexit.o)
 .ARM.attributes
                0x000003ca       0x1e c:/program files (x86)/atmel/studio/7.0/toolchain/arm/arm-gnu-toolchain/bin/../lib/gcc/arm-none-eabi/6.3.1/thumb/v6-m/crtn.o

.comment        0x00000000       0x59
 .comment       0x00000000       0x59 Device_Startup/startup_samd21.o
                                 0x5a (size before relaxing)
 .comment       0x00000059       0x5a Device_Startup/system_samd21.o
 .comment       0x00000059       0x5a main.o
 .comment       0x00000059       0x5a MorphConfigurations/MorphConfigSAMD21J18A-MU-ND.o
 .comment       0x00000059       0x5a C:\Users\243400\Projects\MorphLibrary\MorphLibrary-SAMD\Debug\libMorphLibrary-SAMD.a(MorphGPIO.o)
 .comment       0x00000059       0x5a C:\Users\243400\Projects\MorphLibrary\MorphLibrary-SAMD\Debug\libMorphLibrary-SAMD.a(MorphTime.o)
 .comment       0x00000059       0x5a C:\Users\243400\Projects\MorphLibrary\MorphLibrary-SAMD\Debug\libMorphLibrary-SAMD.a(MorphUART.o)

.debug_info     0x00000000     0x9035
 .debug_info    0x00000000     0x3a2b Device_Startup/startup_samd21.o
 .debug_info    0x00003a2b       0xd7 Device_Startup/system_samd21.o
 .debug_info    0x00003b02      0x480 main.o
 .debug_info    0x00003f82     0x3fb7 MorphConfigurations/MorphConfigSAMD21J18A-MU-ND.o
 .debug_info    0x00007f39      0x52d C:\Users\243400\Projects\MorphLibrary\MorphLibrary-SAMD\Debug\libMorphLibrary-SAMD.a(MorphGPIO.o)
 .debug_info    0x00008466      0x20f C:\Users\243400\Projects\MorphLibrary\MorphLibrary-SAMD\Debug\libMorphLibrary-SAMD.a(MorphTime.o)
 .debug_info    0x00008675      0x9c0 C:\Users\243400\Projects\MorphLibrary\MorphLibrary-SAMD\Debug\libMorphLibrary-SAMD.a(MorphUART.o)

.debug_abbrev   0x00000000      0xb9a
 .debug_abbrev  0x00000000      0x227 Device_Startup/startup_samd21.o
 .debug_abbrev  0x00000227       0x72 Device_Startup/system_samd21.o
 .debug_abbrev  0x00000299      0x113 main.o
 .debug_abbrev  0x000003ac      0x387 MorphConfigurations/MorphConfigSAMD21J18A-MU-ND.o
 .debug_abbrev  0x00000733      0x161 C:\Users\243400\Projects\MorphLibrary\MorphLibrary-SAMD\Debug\libMorphLibrary-SAMD.a(MorphGPIO.o)
 .debug_abbrev  0x00000894      0x15b C:\Users\243400\Projects\MorphLibrary\MorphLibrary-SAMD\Debug\libMorphLibrary-SAMD.a(MorphTime.o)
 .debug_abbrev  0x000009ef      0x1ab C:\Users\243400\Projects\MorphLibrary\MorphLibrary-SAMD\Debug\libMorphLibrary-SAMD.a(MorphUART.o)

.debug_loc      0x00000000     0x112e
 .debug_loc     0x00000000       0x64 Device_Startup/startup_samd21.o
 .debug_loc     0x00000064       0x58 Device_Startup/system_samd21.o
 .debug_loc     0x000000bc       0x90 main.o
 .debug_loc     0x0000014c      0x5d8 MorphConfigurations/MorphConfigSAMD21J18A-MU-ND.o
 .debug_loc     0x00000724      0x2ee C:\Users\243400\Projects\MorphLibrary\MorphLibrary-SAMD\Debug\libMorphLibrary-SAMD.a(MorphGPIO.o)
 .debug_loc     0x00000a12       0xa2 C:\Users\243400\Projects\MorphLibrary\MorphLibrary-SAMD\Debug\libMorphLibrary-SAMD.a(MorphTime.o)
 .debug_loc     0x00000ab4      0x67a C:\Users\243400\Projects\MorphLibrary\MorphLibrary-SAMD\Debug\libMorphLibrary-SAMD.a(MorphUART.o)

.debug_aranges  0x00000000      0x380
 .debug_aranges
                0x00000000       0x28 Device_Startup/startup_samd21.o
 .debug_aranges
                0x00000028       0x28 Device_Startup/system_samd21.o
 .debug_aranges
                0x00000050       0x30 main.o
 .debug_aranges
                0x00000080       0xf8 MorphConfigurations/MorphConfigSAMD21J18A-MU-ND.o
 .debug_aranges
                0x00000178       0xa8 C:\Users\243400\Projects\MorphLibrary\MorphLibrary-SAMD\Debug\libMorphLibrary-SAMD.a(MorphGPIO.o)
 .debug_aranges
                0x00000220       0x50 C:\Users\243400\Projects\MorphLibrary\MorphLibrary-SAMD\Debug\libMorphLibrary-SAMD.a(MorphTime.o)
 .debug_aranges
                0x00000270      0x110 C:\Users\243400\Projects\MorphLibrary\MorphLibrary-SAMD\Debug\libMorphLibrary-SAMD.a(MorphUART.o)

.debug_ranges   0x00000000      0x340
 .debug_ranges  0x00000000       0x18 Device_Startup/startup_samd21.o
 .debug_ranges  0x00000018       0x18 Device_Startup/system_samd21.o
 .debug_ranges  0x00000030       0x20 main.o
 .debug_ranges  0x00000050      0x118 MorphConfigurations/MorphConfigSAMD21J18A-MU-ND.o
 .debug_ranges  0x00000168       0x98 C:\Users\243400\Projects\MorphLibrary\MorphLibrary-SAMD\Debug\libMorphLibrary-SAMD.a(MorphGPIO.o)
 .debug_ranges  0x00000200       0x40 C:\Users\243400\Projects\MorphLibrary\MorphLibrary-SAMD\Debug\libMorphLibrary-SAMD.a(MorphTime.o)
 .debug_ranges  0x00000240      0x100 C:\Users\243400\Projects\MorphLibrary\MorphLibrary-SAMD\Debug\libMorphLibrary-SAMD.a(MorphUART.o)

.debug_macro    0x00000000    0x12367
 .debug_macro   0x00000000      0x2ed Device_Startup/startup_samd21.o
 .debug_macro   0x000002ed      0x8a4 Device_Startup/startup_samd21.o
 .debug_macro   0x00000b91       0x22 Device_Startup/startup_samd21.o
 .debug_macro   0x00000bb3       0x87 Device_Startup/startup_samd21.o
 .debug_macro   0x00000c3a       0x51 Device_Startup/startup_samd21.o
 .debug_macro   0x00000c8b       0xef Device_Startup/startup_samd21.o
 .debug_macro   0x00000d7a       0x6a Device_Startup/startup_samd21.o
 .debug_macro   0x00000de4      0x1df Device_Startup/startup_samd21.o
 .debug_macro   0x00000fc3       0x39 Device_Startup/startup_samd21.o
 .debug_macro   0x00000ffc       0x28 Device_Startup/startup_samd21.o
 .debug_macro   0x00001024       0x85 Device_Startup/startup_samd21.o
 .debug_macro   0x000010a9      0x375 Device_Startup/startup_samd21.o
 .debug_macro   0x0000141e      0x67e Device_Startup/startup_samd21.o
 .debug_macro   0x00001a9c      0x8b1 Device_Startup/startup_samd21.o
 .debug_macro   0x0000234d      0x22e Device_Startup/startup_samd21.o
 .debug_macro   0x0000257b      0xd5c Device_Startup/startup_samd21.o
 .debug_macro   0x000032d7      0x4dc Device_Startup/startup_samd21.o
 .debug_macro   0x000037b3      0x9f6 Device_Startup/startup_samd21.o
 .debug_macro   0x000041a9      0x82b Device_Startup/startup_samd21.o
 .debug_macro   0x000049d4      0x45f Device_Startup/startup_samd21.o
 .debug_macro   0x00004e33       0x5e Device_Startup/startup_samd21.o
 .debug_macro   0x00004e91      0x8f9 Device_Startup/startup_samd21.o
 .debug_macro   0x0000578a      0x21c Device_Startup/startup_samd21.o
 .debug_macro   0x000059a6      0x735 Device_Startup/startup_samd21.o
 .debug_macro   0x000060db       0x5e Device_Startup/startup_samd21.o
 .debug_macro   0x00006139      0x632 Device_Startup/startup_samd21.o
 .debug_macro   0x0000676b      0x3ac Device_Startup/startup_samd21.o
 .debug_macro   0x00006b17      0xc76 Device_Startup/startup_samd21.o
 .debug_macro   0x0000778d     0x1092 Device_Startup/startup_samd21.o
 .debug_macro   0x0000881f      0xc4a Device_Startup/startup_samd21.o
 .debug_macro   0x00009469      0x6ba Device_Startup/startup_samd21.o
 .debug_macro   0x00009b23     0x1b3d Device_Startup/startup_samd21.o
 .debug_macro   0x0000b660     0x143c Device_Startup/startup_samd21.o
 .debug_macro   0x0000ca9c      0x340 Device_Startup/startup_samd21.o
 .debug_macro   0x0000cddc       0x7c Device_Startup/startup_samd21.o
 .debug_macro   0x0000ce58       0xa0 Device_Startup/startup_samd21.o
 .debug_macro   0x0000cef8       0x4c Device_Startup/startup_samd21.o
 .debug_macro   0x0000cf44       0xca Device_Startup/startup_samd21.o
 .debug_macro   0x0000d00e       0x94 Device_Startup/startup_samd21.o
 .debug_macro   0x0000d0a2       0x58 Device_Startup/startup_samd21.o
 .debug_macro   0x0000d0fa      0x341 Device_Startup/startup_samd21.o
 .debug_macro   0x0000d43b       0x82 Device_Startup/startup_samd21.o
 .debug_macro   0x0000d4bd      0x189 Device_Startup/startup_samd21.o
 .debug_macro   0x0000d646       0xb8 Device_Startup/startup_samd21.o
 .debug_macro   0x0000d6fe       0xa0 Device_Startup/startup_samd21.o
 .debug_macro   0x0000d79e       0xb2 Device_Startup/startup_samd21.o
 .debug_macro   0x0000d850       0x1c Device_Startup/startup_samd21.o
 .debug_macro   0x0000d86c       0x1c Device_Startup/startup_samd21.o
 .debug_macro   0x0000d888       0x1c Device_Startup/startup_samd21.o
 .debug_macro   0x0000d8a4       0x7c Device_Startup/startup_samd21.o
 .debug_macro   0x0000d920      0x15a Device_Startup/startup_samd21.o
 .debug_macro   0x0000da7a       0x10 Device_Startup/startup_samd21.o
 .debug_macro   0x0000da8a       0xdc Device_Startup/startup_samd21.o
 .debug_macro   0x0000db66      0x124 Device_Startup/startup_samd21.o
 .debug_macro   0x0000dc8a      0x124 Device_Startup/startup_samd21.o
 .debug_macro   0x0000ddae      0x124 Device_Startup/startup_samd21.o
 .debug_macro   0x0000ded2      0x124 Device_Startup/startup_samd21.o
 .debug_macro   0x0000dff6      0x124 Device_Startup/startup_samd21.o
 .debug_macro   0x0000e11a      0x124 Device_Startup/startup_samd21.o
 .debug_macro   0x0000e23e      0x124 Device_Startup/startup_samd21.o
 .debug_macro   0x0000e362       0xe2 Device_Startup/startup_samd21.o
 .debug_macro   0x0000e444       0xe2 Device_Startup/startup_samd21.o
 .debug_macro   0x0000e526       0xe2 Device_Startup/startup_samd21.o
 .debug_macro   0x0000e608      0x12a Device_Startup/startup_samd21.o
 .debug_macro   0x0000e732      0x100 Device_Startup/startup_samd21.o
 .debug_macro   0x0000e832       0xf4 Device_Startup/startup_samd21.o
 .debug_macro   0x0000e926      0x40f Device_Startup/startup_samd21.o
 .debug_macro   0x0000ed35       0x40 Device_Startup/startup_samd21.o
 .debug_macro   0x0000ed75      0x376 Device_Startup/startup_samd21.o
 .debug_macro   0x0000f0eb     0x17df Device_Startup/startup_samd21.o
 .debug_macro   0x000108ca       0x6d Device_Startup/startup_samd21.o
 .debug_macro   0x00010937      0x2f3 Device_Startup/system_samd21.o
 .debug_macro   0x00010c2a      0x35a main.o
 .debug_macro   0x00010f84      0x16d main.o
 .debug_macro   0x000110f1      0x39e MorphConfigurations/MorphConfigSAMD21J18A-MU-ND.o
 .debug_macro   0x0001148f       0x58 MorphConfigurations/MorphConfigSAMD21J18A-MU-ND.o
 .debug_macro   0x000114e7       0x35 MorphConfigurations/MorphConfigSAMD21J18A-MU-ND.o
 .debug_macro   0x0001151c       0x35 MorphConfigurations/MorphConfigSAMD21J18A-MU-ND.o
 .debug_macro   0x00011551      0x45d MorphConfigurations/MorphConfigSAMD21J18A-MU-ND.o
 .debug_macro   0x000119ae       0x22 MorphConfigurations/MorphConfigSAMD21J18A-MU-ND.o
 .debug_macro   0x000119d0       0x70 C:\Users\243400\Projects\MorphLibrary\MorphLibrary-SAMD\Debug\libMorphLibrary-SAMD.a(MorphGPIO.o)
 .debug_macro   0x00011a40      0x89e C:\Users\243400\Projects\MorphLibrary\MorphLibrary-SAMD\Debug\libMorphLibrary-SAMD.a(MorphGPIO.o)
 .debug_macro   0x000122de       0x39 C:\Users\243400\Projects\MorphLibrary\MorphLibrary-SAMD\Debug\libMorphLibrary-SAMD.a(MorphTime.o)
 .debug_macro   0x00012317       0x50 C:\Users\243400\Projects\MorphLibrary\MorphLibrary-SAMD\Debug\libMorphLibrary-SAMD.a(MorphUART.o)

.debug_line     0x00000000     0x27f2
 .debug_line    0x00000000      0x6eb Device_Startup/startup_samd21.o
 .debug_line    0x000006eb      0x6cc Device_Startup/system_samd21.o
 .debug_line    0x00000db7      0x7ad main.o
 .debug_line    0x00001564      0xb57 MorphConfigurations/MorphConfigSAMD21J18A-MU-ND.o
 .debug_line    0x000020bb      0x2a2 C:\Users\243400\Projects\MorphLibrary\MorphLibrary-SAMD\Debug\libMorphLibrary-SAMD.a(MorphGPIO.o)
 .debug_line    0x0000235d      0x11e C:\Users\243400\Projects\MorphLibrary\MorphLibrary-SAMD\Debug\libMorphLibrary-SAMD.a(MorphTime.o)
 .debug_line    0x0000247b      0x377 C:\Users\243400\Projects\MorphLibrary\MorphLibrary-SAMD\Debug\libMorphLibrary-SAMD.a(MorphUART.o)

.debug_str      0x00000000    0x70e08
 .debug_str     0x00000000    0x6d9a9 Device_Startup/startup_samd21.o
                              0x6ddd5 (size before relaxing)
 .debug_str     0x0006d9a9       0x5c Device_Startup/system_samd21.o
                              0x6cc59 (size before relaxing)
 .debug_str     0x0006da05      0x753 main.o
                              0x6d400 (size before relaxing)
 .debug_str     0x0006e158     0x24ed MorphConfigurations/MorphConfigSAMD21J18A-MU-ND.o
                              0x6f978 (size before relaxing)
 .debug_str     0x00070645      0x32e C:\Users\243400\Projects\MorphLibrary\MorphLibrary-SAMD\Debug\libMorphLibrary-SAMD.a(MorphGPIO.o)
                               0x2c8e (size before relaxing)
 .debug_str     0x00070973       0x70 C:\Users\243400\Projects\MorphLibrary\MorphLibrary-SAMD\Debug\libMorphLibrary-SAMD.a(MorphTime.o)
                               0x26c6 (size before relaxing)
 .debug_str     0x000709e3      0x425 C:\Users\243400\Projects\MorphLibrary\MorphLibrary-SAMD\Debug\libMorphLibrary-SAMD.a(MorphUART.o)
                               0x2f3d (size before relaxing)

.debug_frame    0x00000000      0xb50
 .debug_frame   0x00000000       0x4c Device_Startup/startup_samd21.o
 .debug_frame   0x0000004c       0x48 Device_Startup/system_samd21.o
 .debug_frame   0x00000094       0x68 main.o
 .debug_frame   0x000000fc      0x37c MorphConfigurations/MorphConfigSAMD21J18A-MU-ND.o
 .debug_frame   0x00000478      0x178 C:\Users\243400\Projects\MorphLibrary\MorphLibrary-SAMD\Debug\libMorphLibrary-SAMD.a(MorphGPIO.o)
 .debug_frame   0x000005f0       0x98 C:\Users\243400\Projects\MorphLibrary\MorphLibrary-SAMD\Debug\libMorphLibrary-SAMD.a(MorphTime.o)
 .debug_frame   0x00000688      0x27c C:\Users\243400\Projects\MorphLibrary\MorphLibrary-SAMD\Debug\libMorphLibrary-SAMD.a(MorphUART.o)
 .debug_frame   0x00000904       0x20 c:/program files (x86)/atmel/studio/7.0/toolchain/arm/arm-gnu-toolchain/bin/../lib/gcc/arm-none-eabi/6.3.1/thumb/v6-m\libgcc.a(_udivsi3.o)
 .debug_frame   0x00000924       0x3c c:/program files (x86)/atmel/studio/7.0/toolchain/arm/arm-gnu-toolchain/bin/../lib/gcc/arm-none-eabi/6.3.1/thumb/v6-m\libgcc.a(_udivmoddi4.o)
 .debug_frame   0x00000960       0x2c c:/program files (x86)/atmel/studio/7.0/toolchain/arm/arm-gnu-toolchain/bin/../lib/gcc/arm-none-eabi/6.3.1/../../../../arm-none-eabi/lib/thumb/v6-m\libc.a(lib_a-init.o)
 .debug_frame   0x0000098c       0x30 c:/program files (x86)/atmel/studio/7.0/toolchain/arm/arm-gnu-toolchain/bin/../lib/gcc/arm-none-eabi/6.3.1/../../../../arm-none-eabi/lib/thumb/v6-m\libc.a(lib_a-memset.o)
 .debug_frame   0x000009bc       0x54 c:/program files (x86)/atmel/studio/7.0/toolchain/arm/arm-gnu-toolchain/bin/../lib/gcc/arm-none-eabi/6.3.1/../../../../arm-none-eabi/lib/thumb/v6-m\libc.a(lib_a-__call_atexit.o)
 .debug_frame   0x00000a10       0x28 c:/program files (x86)/atmel/studio/7.0/toolchain/arm/arm-gnu-toolchain/bin/../lib/gcc/arm-none-eabi/6.3.1/../../../../arm-none-eabi/lib/thumb/v6-m\libc.a(lib_a-atexit.o)
 .debug_frame   0x00000a38       0x2c c:/program files (x86)/atmel/studio/7.0/toolchain/arm/arm-gnu-toolchain/bin/../lib/gcc/arm-none-eabi/6.3.1/../../../../arm-none-eabi/lib/thumb/v6-m\libc.a(lib_a-fini.o)
 .debug_frame   0x00000a64       0xb0 c:/program files (x86)/atmel/studio/7.0/toolchain/arm/arm-gnu-toolchain/bin/../lib/gcc/arm-none-eabi/6.3.1/../../../../arm-none-eabi/lib/thumb/v6-m\libc.a(lib_a-lock.o)
 .debug_frame   0x00000b14       0x3c c:/program files (x86)/atmel/studio/7.0/toolchain/arm/arm-gnu-toolchain/bin/../lib/gcc/arm-none-eabi/6.3.1/../../../../arm-none-eabi/lib/thumb/v6-m\libc.a(lib_a-__atexit.o)
